
 ===================================================
  XFOIL Version 6.99
  Copyright (C) 2000   Mark Drela, Harold Youngren

  This software comes with ABSOLUTELY NO WARRANTY,
    subject to the GNU General Public License.

  Caveat computor
 ===================================================

 File  xfoil.def  not found

   QUIT    Exit program

  .OPER    Direct operating point(s)
  .MDES    Complex mapping design routine
  .QDES    Surface speed design routine
  .GDES    Geometry design routine

   SAVE f  Write airfoil to labeled coordinate file
   PSAV f  Write airfoil to plain coordinate file
   ISAV f  Write airfoil to ISES coordinate file
   MSAV f  Write airfoil to MSES coordinate file
   REVE    Reverse written-airfoil node ordering

   LOAD f  Read buffer airfoil from coordinate file
   NACA i  Set NACA 4,5-digit airfoil and buffer airfoil
   INTE    Set buffer airfoil by interpolating two airfoils
   NORM    Buffer airfoil normalization toggle
   XYCM rr Change CM reference location, currently  0.25000 0.00000

   BEND    Display structural properties of current airfoil

   PCOP    Set current-airfoil panel nodes directly from buffer airfoil points
   PANE    Set current-airfoil panel nodes ( 160 ) based on curvature
  .PPAR    Show/change paneling

  .PLOP    Plotting options

   WDEF f  Write  current-settings file
   RDEF f  Reread current-settings file
   NAME s  Specify new airfoil name
   NINC    Increment name version number

   Z       Zoom    | (available in all menus)
   U       Unzoom  | 

 XFOIL   c>  
 Labeled airfoil file.  Name:  NACA 64A223 STANDARD - PDAS/NASA TM-X-3069 6A ge

 Number of input coordinate points: 801
 Counterclockwise ordering
 Max thickness =     0.230026  at x =   0.378
 Max camber    =     0.011962  at x =   0.571

  LE  x,y  =  -0.00023   0.00291  |   Chord =   1.00024
  TE  x,y  =   1.00000   0.00000  |
 Maximum number of panel nodes  :          495
 Number of buffer airfoil points:          801
 Current airfoil cannot be set.
 Try executing PANE at Top Level instead.

 XFOIL   c>  
 Sharp trailing edge

 Paneling parameters used...
   Number of panel nodes       160
   Panel bunching parameter    1.000
   TE/LE panel density ratio   0.150
   Refined-area/LE panel density ratio    0.200
   Top    side refined area x/c limits  1.000 1.000
   Bottom side refined area x/c limits  1.000 1.000

 XFOIL   c>  
.OPERi   c>  
 M  =    0.0000
 Re =    600000

.OPERv   c>  
 Sonic Cp =    -66.86      Sonic Q/Qinf =     9.138


.OPERv   c>  
.OPERv   c>  
 Polar  1 newly created for accumulation
 Airfoil archived with polar: NACA 64A223 STANDARD - PDAS/NASA TM-X-3069 6A ge

Enter  polar save filename  OR  <return> for no file   s>  
 New polar save file available

Enter  polar dump filename  OR  <return> for no file   s>  
 Polar dump file will NOT be written

 Polar accumulation enabled

.OPERva   c>   Calculating unit vorticity distributions ...
 Calculating wake trajectory ...
 Calculating source influence matrix ...

 Solving BL system ...

 Initializing BL ...
    side            1  ...
 MRCHUE: Inverse mode at  48     Hk =   4.259
 MRCHUE: Inverse mode at  49     Hk =   5.363
 MRCHUE: Inverse mode at  50     Hk =   6.443
 MRCHUE: Inverse mode at  51     Hk =   7.514
 MRCHUE: Inverse mode at  52     Hk =   8.587
 MRCHUE: Inverse mode at  53     Hk =   9.653
 MRCHUE: Inverse mode at  54     Hk =   4.685
 MRCHUE: Inverse mode at  55     Hk =   2.500
 MRCHUE: Convergence failed at  81  side 1    Res =  0.6957E+01
    side            2  ...
 MRCHUE: Inverse mode at  48     Hk =   4.192
 MRCHUE: Inverse mode at  49     Hk =   5.248
 MRCHUE: Inverse mode at  50     Hk =   6.286
 MRCHUE: Inverse mode at  51     Hk =   7.309
 MRCHUE: Inverse mode at  52     Hk =   8.336
 MRCHUE: Inverse mode at  53     Hk =   9.360
 MRCHUE: Inverse mode at  54     Hk =   6.696
 MRCHUE: Inverse mode at  55     Hk =   3.469
 MRCHUE: Convergence failed at  81  side 2    Res =  0.6037E+01

 MRCHDU: Convergence failed at  81  side 1    Res =  0.7275E+01
 MRCHDU: Convergence failed at  81  side 2    Res =  0.2884E+01
 Side 1  free  transition at x/c =  0.5544   54
 Side 2  free  transition at x/c =  0.5554   54

   1   rms: 0.6116E+00   max: 0.2822E+01   D at   83  2   RLX: 0.305
       a =  0.000      CL =  0.1942
      Cm = -0.0414     CD =  0.00161   =>   CDf =  0.00695    CDp = -0.00534

 Side 1  free  transition at x/c =  0.5614   54
 Side 2  free  transition at x/c =  0.5615   54

   2   rms: 0.4983E+00   max: 0.2292E+01   D at   83  2   RLX: 0.610
       a =  0.000      CL =  0.1519
      Cm = -0.0324     CD =  0.00420   =>   CDf =  0.00678    CDp = -0.00257

 MRCHDU: Convergence failed at  81  side 2    Res =  0.1380E+00
 Side 1  free  transition at x/c =  0.5747   55
 Side 2  free  transition at x/c =  0.5731   55
 idif Ue xi dudx           1  0.18773337      3.56674194E-03   52.634411    
 Uenew xinew           2  6.19921647E-02  1.17778778E-03

   3   rms: 0.2610E+00   max: 0.9576E+00   D at   85  2   RLX: 0.625
       a =  0.000      CL = -0.0057
      Cm =  0.0032     CD =  0.00580   =>   CDf =  0.00663    CDp = -0.00083

 Side 1  free  transition at x/c =  0.5923   55
 Side 2  free  transition at x/c =  0.5776   56

   4   rms: 0.1261E+00   max: 0.5666E+00   D at   89  2
       a =  0.000      CL =  0.0673
      Cm = -0.0141     CD =  0.00926   =>   CDf =  0.00630    CDp =  0.00296

 Side 1  free  transition at x/c =  0.5905   54
 Side 2  free  transition at x/c =  0.5809   56

   5   rms: 0.7264E-02   max: -.6240E-01   D at   81  2
       a =  0.000      CL =  0.0684
      Cm = -0.0144     CD =  0.00983   =>   CDf =  0.00629    CDp =  0.00354

 Side 1  free  transition at x/c =  0.5904   54
 Side 2  free  transition at x/c =  0.5810   56

   6   rms: 0.9446E-03   max: -.4492E-02   D at   80  1
       a =  0.000      CL =  0.0698
      Cm = -0.0147     CD =  0.00983   =>   CDf =  0.00627    CDp =  0.00357

 Side 1  free  transition at x/c =  0.5903   54
 Side 2  free  transition at x/c =  0.5810   56

   7   rms: 0.6231E-05   max: -.3419E-04   D at   80  1
       a =  0.000      CL =  0.0698
      Cm = -0.0147     CD =  0.00983   =>   CDf =  0.00627    CDp =  0.00357
 plradd ia,ip,cpol            1           0  0.37224060    

 Point added to stored polar  1
 Point written to save file  polar.txt                                       
 Dump file unspecified or not available
 Calculating wake trajectory ...
 Calculating source influence matrix ...

 Solving BL system ...

 Side 1  free  transition at x/c =  0.5903   54
 Side 2  free  transition at x/c =  0.5810   56

   1   rms: 0.1189E+00   max: -.2659E+00   T at   56  2
       a =  1.000      CL =  0.1448
      Cm = -0.0073     CD =  0.00980   =>   CDf =  0.00621    CDp =  0.00358

 Side 1  free  transition at x/c =  0.5785   56
 Side 2  free  transition at x/c =  0.5937   55

   2   rms: 0.1784E-01   max: 0.1400E+00   D at   55  2
       a =  1.000      CL =  0.1585
      Cm = -0.0104     CD =  0.00983   =>   CDf =  0.00625    CDp =  0.00358

 Side 1  free  transition at x/c =  0.5788   56
 Side 2  free  transition at x/c =  0.5929   55

   3   rms: 0.2010E-02   max: 0.1013E-01   D at   56  1
       a =  1.000      CL =  0.1606
      Cm = -0.0108     CD =  0.00984   =>   CDf =  0.00623    CDp =  0.00361

 Side 1  free  transition at x/c =  0.5787   56
 Side 2  free  transition at x/c =  0.5929   55

   4   rms: 0.1663E-04   max: 0.9523E-04   D at   82  1
       a =  1.000      CL =  0.1606
      Cm = -0.0108     CD =  0.00984   =>   CDf =  0.00623    CDp =  0.00360
 plradd ia,ip,cpol            2           0  0.37224060    

 Point added to stored polar  1
 Point written to save file  polar.txt                                       
 Dump file unspecified or not available
 Calculating wake trajectory ...
 Calculating source influence matrix ...

 Solving BL system ...

 Side 1  free  transition at x/c =  0.5787   56
 Side 2  free  transition at x/c =  0.5929   55

   1   rms: 0.1380E+00   max: -.3059E+00   T at   55  2
       a =  2.000      CL =  0.2629
      Cm = -0.0095     CD =  0.00997   =>   CDf =  0.00619    CDp =  0.00378

 Side 1  free  transition at x/c =  0.5691   56
 Side 2  free  transition at x/c =  0.6049   54

   2   rms: 0.2432E-01   max: -.1324E+00   D at   54  2
       a =  2.000      CL =  0.2530
      Cm = -0.0074     CD =  0.01006   =>   CDf =  0.00631    CDp =  0.00375

 Side 1  free  transition at x/c =  0.5679   56
 Side 2  free  transition at x/c =  0.6059   55

   3   rms: 0.5732E-02   max: -.5988E-01   D at   54  2
       a =  2.000      CL =  0.2585
      Cm = -0.0086     CD =  0.01006   =>   CDf =  0.00627    CDp =  0.00378

 Side 1  free  transition at x/c =  0.5677   56
 Side 2  free  transition at x/c =  0.6065   55

   4   rms: 0.3878E-03   max: -.2671E-02   D at   55  2
       a =  2.000      CL =  0.2580
      Cm = -0.0085     CD =  0.01006   =>   CDf =  0.00625    CDp =  0.00381

 Side 1  free  transition at x/c =  0.5677   56
 Side 2  free  transition at x/c =  0.6064   55

   5   rms: 0.4309E-05   max: -.3969E-04   D at   55  2
       a =  2.000      CL =  0.2580
      Cm = -0.0085     CD =  0.01006   =>   CDf =  0.00625    CDp =  0.00381
 plradd ia,ip,cpol            3           0  0.35496014    

 Point added to stored polar  1
 Point written to save file  polar.txt                                       
 Dump file unspecified or not available
 Calculating wake trajectory ...
 Calculating source influence matrix ...

 Solving BL system ...

 Side 1  free  transition at x/c =  0.5677   56
 Side 2  free  transition at x/c =  0.6064   55

   1   rms: 0.1381E+00   max: -.3254E+00   T at   55  2
       a =  3.000      CL =  0.3717
      Cm = -0.0099     CD =  0.00998   =>   CDf =  0.00612    CDp =  0.00385

 Side 1  free  transition at x/c =  0.5569   58
 Side 2  free  transition at x/c =  0.6256   54

   2   rms: 0.2990E-01   max: -.1832E+00   D at   58  1
       a =  3.000      CL =  0.3412
      Cm = -0.0030     CD =  0.01032   =>   CDf =  0.00620    CDp =  0.00412

 Side 1  free  transition at x/c =  0.5578   58
 Side 2  free  transition at x/c =  0.6210   53

   3   rms: 0.1390E-01   max: -.1208E+00   D at   53  2
       a =  3.000      CL =  0.3575
      Cm = -0.0067     CD =  0.01023   =>   CDf =  0.00618    CDp =  0.00405

 Side 1  free  transition at x/c =  0.5576   58
 Side 2  free  transition at x/c =  0.6222   53

   4   rms: 0.1365E-02   max: 0.1242E-01   D at   77  2
       a =  3.000      CL =  0.3591
      Cm = -0.0070     CD =  0.01023   =>   CDf =  0.00616    CDp =  0.00407

 Side 1  free  transition at x/c =  0.5576   58
 Side 2  free  transition at x/c =  0.6220   53

   5   rms: 0.5348E-04   max: 0.4923E-03   D at   77  2
       a =  3.000      CL =  0.3592
      Cm = -0.0070     CD =  0.01023   =>   CDf =  0.00616    CDp =  0.00407
 plradd ia,ip,cpol            4           0  0.35496014    

 Point added to stored polar  1
 Point written to save file  polar.txt                                       
 Dump file unspecified or not available
 Calculating wake trajectory ...
 Calculating source influence matrix ...

 Solving BL system ...

 Side 1  free  transition at x/c =  0.5576   58
 Side 2  free  transition at x/c =  0.6220   53

   1   rms: 0.1366E+00   max: -.3056E+00   T at   53  2
       a =  4.000      CL =  0.4694
      Cm = -0.0076     CD =  0.01059   =>   CDf =  0.00608    CDp =  0.00451

 Side 1  free  transition at x/c =  0.5494   58
 Side 2  free  transition at x/c =  0.6427   53

   2   rms: 0.2957E-01   max: 0.4675E+00   C at   53  2
       a =  4.000      CL =  0.4628
      Cm = -0.0063     CD =  0.01048   =>   CDf =  0.00599    CDp =  0.00449

 Side 1  free  transition at x/c =  0.5480   58
 Side 2  free  transition at x/c =  0.6407   53

   3   rms: 0.3728E-02   max: -.3587E-01   D at   55  2
       a =  4.000      CL =  0.4648
      Cm = -0.0067     CD =  0.01052   =>   CDf =  0.00602    CDp =  0.00450

 Side 1  free  transition at x/c =  0.5479   58
 Side 2  free  transition at x/c =  0.6392   53

   4   rms: 0.1230E-03   max: -.1280E-02   D at   53  2
       a =  4.000      CL =  0.4648
      Cm = -0.0067     CD =  0.01052   =>   CDf =  0.00603    CDp =  0.00449

 Side 1  free  transition at x/c =  0.5479   58
 Side 2  free  transition at x/c =  0.6392   53

   5   rms: 0.2346E-05   max: -.1130E-04   D at   75  2
       a =  4.000      CL =  0.4648
      Cm = -0.0067     CD =  0.01052   =>   CDf =  0.00603    CDp =  0.00449
 plradd ia,ip,cpol            5           0  0.30224156    

 Point added to stored polar  1
 Point written to save file  polar.txt                                       
 Dump file unspecified or not available
 Calculating wake trajectory ...
 Calculating source influence matrix ...

 Solving BL system ...

 Side 1  free  transition at x/c =  0.5479   58
 Side 2  free  transition at x/c =  0.6392   53

   1   rms: 0.1281E+00   max: -.3257E+00   T at   53  2
       a =  5.000      CL =  0.5550
      Cm = -0.0031     CD =  0.01077   =>   CDf =  0.00593    CDp =  0.00484

 Side 1  free  transition at x/c =  0.5333   58
 Side 2  free  transition at x/c =  0.6594   53

   2   rms: 0.2519E-01   max: 0.1683E+00   D at   53  2
       a =  5.000      CL =  0.5734
      Cm = -0.0070     CD =  0.01081   =>   CDf =  0.00596    CDp =  0.00485

 Side 1  free  transition at x/c =  0.5343   58
 Side 2  free  transition at x/c =  0.6586   53

   3   rms: 0.1452E-02   max: 0.1627E-01   C at   53  2
       a =  5.000      CL =  0.5734
      Cm = -0.0071     CD =  0.01083   =>   CDf =  0.00597    CDp =  0.00486

 Side 1  free  transition at x/c =  0.5342   58
 Side 2  free  transition at x/c =  0.6582   53

   4   rms: 0.1422E-04   max: -.2046E-03   D at   54  2
       a =  5.000      CL =  0.5734
      Cm = -0.0071     CD =  0.01083   =>   CDf =  0.00597    CDp =  0.00486
 plradd ia,ip,cpol            6           0  0.21459390    

 Point added to stored polar  1
 Point written to save file  polar.txt                                       
 Dump file unspecified or not available
 Calculating wake trajectory ...
 Calculating source influence matrix ...

 Solving BL system ...

 Side 1  free  transition at x/c =  0.5342   58
 Side 2  free  transition at x/c =  0.6582   53

   1   rms: 0.1278E+00   max: -.3602E+00   T at   53  2
       a =  6.000      CL =  0.6525
      Cm = -0.0013     CD =  0.01107   =>   CDf =  0.00574    CDp =  0.00533

 Side 1  free  transition at x/c =  0.5150   59
 Side 2  free  transition at x/c =  0.6797   52

   2   rms: 0.6918E-01   max: -.6207E+00   D at   60  1   RLX: 0.805
       a =  6.000      CL =  0.6792
      Cm = -0.0066     CD =  0.01142   =>   CDf =  0.00591    CDp =  0.00551

 MRCHDU: Convergence failed at  60  side 1    Res =  0.3287E+01
 MRCHDU: Convergence failed at  61  side 1    Res =  0.1944E+01
 MRCHDU: Convergence failed at  62  side 1    Res =  0.6278E+01
 MRCHDU: Convergence failed at  63  side 1    Res =  0.3854E+02
 MRCHDU: Convergence failed at  64  side 1    Res =  0.7747E+02
 MRCHDU: Convergence failed at  65  side 1    Res =  0.5551E+02
 MRCHDU: Convergence failed at  66  side 1    Res =  0.1185E+03
 MRCHDU: Convergence failed at  67  side 1    Res =  0.1362E+03
 MRCHDU: Convergence failed at  68  side 1    Res =  0.4103E+02
 MRCHDU: Convergence failed at  69  side 1    Res =  0.2394E+02
 MRCHDU: Convergence failed at  70  side 1    Res =  0.1697E+02
 MRCHDU: Convergence failed at  71  side 1    Res =  0.1358E+02
 MRCHDU: Convergence failed at  72  side 1    Res =  0.9512E+01
 MRCHDU: Convergence failed at  73  side 1    Res =  0.1214E+02
 MRCHDU: Convergence failed at  74  side 1    Res =  0.1494E+02
 MRCHDU: Convergence failed at  75  side 1    Res =  0.1916E+02
 MRCHDU: Convergence failed at  76  side 1    Res =  0.2804E+02
 MRCHDU: Convergence failed at  77  side 1    Res =  0.3399E+02
 MRCHDU: Convergence failed at  78  side 1    Res =  0.8292E+02
 MRCHDU: Convergence failed at  79  side 1    Res =  0.2060E+03
 MRCHDU: Convergence failed at  80  side 1    Res =  0.3995E+02
 MRCHDU: Convergence failed at  81  side 1    Res =  0.2144E+02
 MRCHDU: Convergence failed at  82  side 1    Res =  0.1558E+02
 MRCHDU: Convergence failed at  83  side 1    Res =  0.2228E+02
 MRCHDU: Convergence failed at  84  side 1    Res =  0.3954E+02
 MRCHDU: Convergence failed at  85  side 1    Res =  0.1629E+03
 MRCHDU: Convergence failed at  86  side 1    Res =  0.5831E+02
 MRCHDU: Convergence failed at  87  side 1    Res =  0.2224E+02
 MRCHDU: Convergence failed at  88  side 1    Res =  0.3549E+02
 MRCHDU: Convergence failed at  89  side 1    Res =  0.2186E+02
 Side 1  free  transition at x/c =  0.5195   60
 Side 2  free  transition at x/c =  0.6801   52

   3   rms: 0.8183E+00   max: 0.5705E+01   D at   89  1   RLX: 0.263
       a =  6.000      CL =  0.9641
      Cm = -0.1732     CD =  0.00498   =>   CDf =  0.00433    CDp =  0.00064

 Side 1  free  transition at x/c =  0.5148   59
 Side 2  free  transition at x/c =  0.6793   52

   4   rms: 0.2687E+00   max: -.3916E+00   U at   89  1   RLX: 0.582
       a =  6.000      CL =  0.7760
      Cm = -0.0578     CD =  0.00856   =>   CDf =  0.00631    CDp =  0.00225

 Side 1  free  transition at x/c =  0.5184   60
 Side 2  free  transition at x/c =  0.6803   52

   5   rms: 0.1859E+00   max: 0.4420E+00   T at   74  2   RLX: 0.680
       a =  6.000      CL =  0.7985
      Cm = -0.0396     CD =  0.00849   =>   CDf =  0.00620    CDp =  0.00229

 MRCHDU: Convergence failed at  82  side 1    Res =  0.1769E+01
 MRCHDU: Convergence failed at  83  side 1    Res =  0.2186E+01
 MRCHDU: Convergence failed at  84  side 1    Res =  0.1241E+01
 MRCHDU: Convergence failed at  85  side 1    Res =  0.1046E+01
 MRCHDU: Convergence failed at  86  side 1    Res =  0.1819E+01
 MRCHDU: Convergence failed at  87  side 1    Res =  0.3265E+02
 MRCHDU: Convergence failed at  88  side 1    Res =  0.1309E+01
 MRCHDU: Convergence failed at  89  side 1    Res =  0.1869E+02
 Side 1  free  transition at x/c =  0.5171   60
 Side 2  free  transition at x/c =  0.6808   52

   6   rms: 0.2469E+00   max: 0.1794E+01   D at   89  1   RLX: 0.836
       a =  6.000      CL =  1.0128
      Cm = -0.0841     CD =  0.00709   =>   CDf =  0.00609    CDp =  0.00099

 MRCHDU: Convergence failed at  91  side 1    Res =  0.3331E+01
 Side 1  free  transition at x/c =  0.5105   61
 Side 2  free  transition at x/c =  0.6816   50
 idif Ue xi dudx           1  0.11001521      4.92000580E-03   22.360788    
 Uenew xinew           2  3.41918282E-02  1.52909756E-03

   7   rms: 0.1989E+00   max: 0.1215E+01   D at   91  1
       a =  6.000      CL =  0.8478
      Cm = -0.0434     CD =  0.00878   =>   CDf =  0.00589    CDp =  0.00288

 MRCHDU: Convergence failed at  90  side 1    Res =  0.3533E+01
 Side 1  free  transition at x/c =  0.5125   60
 Side 2  free  transition at x/c =  0.6806   51
 idif Ue xi dudx           1  0.10891356      4.77123260E-03   22.827133    
 Uenew xinew           2  3.59362513E-02  1.57427788E-03

   8   rms: 0.1494E+00   max: 0.7114E+00   D at   90  1
       a =  6.000      CL =  0.6877
      Cm = -0.0087     CD =  0.01037   =>   CDf =  0.00588    CDp =  0.00449

 Side 1  free  transition at x/c =  0.5187   60
 Side 2  free  transition at x/c =  0.6800   52

   9   rms: 0.6662E-01   max: 0.5327E+00   D at    3  2
       a =  6.000      CL =  0.6411
      Cm =  0.0012     CD =  0.01100   =>   CDf =  0.00578    CDp =  0.00522

 Side 1  free  transition at x/c =  0.5205   60
 Side 2  free  transition at x/c =  0.6799   52

  10   rms: 0.1593E-01   max: -.6441E-01   D at   78  2
       a =  6.000      CL =  0.6618
      Cm = -0.0034     CD =  0.01105   =>   CDf =  0.00575    CDp =  0.00530

 Side 1  free  transition at x/c =  0.5192   60
 Side 2  free  transition at x/c =  0.6800   52

  11   rms: 0.3300E-03   max: -.4027E-02   D at   78  2
       a =  6.000      CL =  0.6619
      Cm = -0.0034     CD =  0.01106   =>   CDf =  0.00576    CDp =  0.00530

 Side 1  free  transition at x/c =  0.5192   60
 Side 2  free  transition at x/c =  0.6800   52

  12   rms: 0.4802E-05   max: 0.3174E-04   D at   72  2
       a =  6.000      CL =  0.6619
      Cm = -0.0034     CD =  0.01106   =>   CDf =  0.00576    CDp =  0.00530
 plradd ia,ip,cpol            7           0  9.68595818E-02

 Point added to stored polar  1
 Point written to save file  polar.txt                                       
 Dump file unspecified or not available
 Calculating wake trajectory ...
 Calculating source influence matrix ...

 Solving BL system ...

 Side 1  free  transition at x/c =  0.5192   60
 Side 2  free  transition at x/c =  0.6800   52

   1   rms: 0.1426E+00   max: -.6692E+00   D at   60  1   RLX: 0.747
       a =  7.000      CL =  0.7388
      Cm = -0.0030     CD =  0.01138   =>   CDf =  0.00564    CDp =  0.00575

 Side 1  free  transition at x/c =  0.5110   60
 Side 2  free  transition at x/c =  0.6975   52

   2   rms: 0.5810E-01   max: 0.5004E+00   D at    2  1
       a =  7.000      CL =  0.7663
      Cm = -0.0037     CD =  0.01134   =>   CDf =  0.00544    CDp =  0.00590

 Side 1  free  transition at x/c =  0.4998   61
 Side 2  free  transition at x/c =  0.7020   51

   3   rms: 0.2568E-01   max: -.2144E+00   D at   61  1
       a =  7.000      CL =  0.7622
      Cm = -0.0028     CD =  0.01139   =>   CDf =  0.00560    CDp =  0.00579

 Side 1  free  transition at x/c =  0.5020   61
 Side 2  free  transition at x/c =  0.7027   51

   4   rms: 0.3188E-02   max: -.2007E-01   D at    5  1
       a =  7.000      CL =  0.7644
      Cm = -0.0032     CD =  0.01141   =>   CDf =  0.00556    CDp =  0.00585

 Side 1  free  transition at x/c =  0.5017   61
 Side 2  free  transition at x/c =  0.7027   51

   5   rms: 0.7931E-04   max: 0.9930E-03   D at   87  1
       a =  7.000      CL =  0.7645
      Cm = -0.0032     CD =  0.01141   =>   CDf =  0.00556    CDp =  0.00585
 plradd ia,ip,cpol            8           0  2.96850856E-02

 Point added to stored polar  1
 Point written to save file  polar.txt                                       
 Dump file unspecified or not available
 Calculating wake trajectory ...
 Calculating source influence matrix ...

 Solving BL system ...

 Side 1  free  transition at x/c =  0.5017   61
 Side 2  free  transition at x/c =  0.7027   51

   1   rms: 0.1597E+00   max: -.1092E+01   T at    3  1   RLX: 0.458
       a =  8.000      CL =  0.8100
      Cm = -0.0028     CD =  0.01164   =>   CDf =  0.00557    CDp =  0.00608

 Side 1  free  transition at x/c =  0.4959   60
 Side 2  free  transition at x/c =  0.7143   52

   2   rms: 0.7870E-01   max: 0.3053E+00   D at   52  2
       a =  8.000      CL =  0.8623
      Cm = -0.0025     CD =  0.01182   =>   CDf =  0.00535    CDp =  0.00648

 Side 1  free  transition at x/c =  0.4791   61
 Side 2  free  transition at x/c =  0.7245   51

   3   rms: 0.3505E-01   max: -.3634E+00   D at   61  1
       a =  8.000      CL =  0.8482
      Cm =  0.0003     CD =  0.01192   =>   CDf =  0.00548    CDp =  0.00643

 Side 1  free  transition at x/c =  0.4841   61
 Side 2  free  transition at x/c =  0.7269   52

   4   rms: 0.1325E-01   max: -.7510E-01   D at   86  1
       a =  8.000      CL =  0.8581
      Cm = -0.0015     CD =  0.01190   =>   CDf =  0.00535    CDp =  0.00655

 Side 1  free  transition at x/c =  0.4832   61
 Side 2  free  transition at x/c =  0.7275   52

   5   rms: 0.7155E-03   max: -.5603E-02   D at   53  2
       a =  8.000      CL =  0.8585
      Cm = -0.0016     CD =  0.01190   =>   CDf =  0.00534    CDp =  0.00656

 Side 1  free  transition at x/c =  0.4832   61
 Side 2  free  transition at x/c =  0.7272   52

   6   rms: 0.1841E-04   max: 0.1102E-03   D at   70  2
       a =  8.000      CL =  0.8585
      Cm = -0.0016     CD =  0.01190   =>   CDf =  0.00535    CDp =  0.00656
 plradd ia,ip,cpol            9           0  2.96850856E-02

 Point added to stored polar  1
 Point written to save file  polar.txt                                       
 Dump file unspecified or not available
 Calculating wake trajectory ...
 Calculating source influence matrix ...

 Solving BL system ...

 Side 1  free  transition at x/c =  0.4832   61
 Side 2  free  transition at x/c =  0.7272   52

   1   rms: 0.1462E+00   max: -.6197E+00   D at   61  1   RLX: 0.807
       a =  9.000      CL =  0.9380
      Cm = -0.0014     CD =  0.01227   =>   CDf =  0.00520    CDp =  0.00707

 Side 1  free  transition at x/c =  0.4598   60
 Side 2  free  transition at x/c =  0.7471   52

   2   rms: 0.4487E-01   max: 0.3573E+00   D at   61  1
       a =  9.000      CL =  0.9443
      Cm =  0.0007     CD =  0.01263   =>   CDf =  0.00529    CDp =  0.00734

 Side 1  free  transition at x/c =  0.4559   60
 Side 2  free  transition at x/c =  0.7622   52

   3   rms: 0.1330E-01   max: 0.2388E+00   C at   52  2
       a =  9.000      CL =  0.9377
      Cm =  0.0022     CD =  0.01268   =>   CDf =  0.00506    CDp =  0.00762

 Side 1  free  transition at x/c =  0.4562   60
 Side 2  free  transition at x/c =  0.7565   52

   4   rms: 0.1270E-02   max: -.1304E-01   D at   54  2
       a =  9.000      CL =  0.9368
      Cm =  0.0024     CD =  0.01269   =>   CDf =  0.00510    CDp =  0.00759

 Side 1  free  transition at x/c =  0.4563   60
 Side 2  free  transition at x/c =  0.7564   52

   5   rms: 0.2160E-04   max: -.1817E-03   D at   69  2
       a =  9.000      CL =  0.9368
      Cm =  0.0024     CD =  0.01269   =>   CDf =  0.00510    CDp =  0.00759
 plradd ia,ip,cpol           10           0  2.19602250E-02

 Point added to stored polar  1
 Point written to save file  polar.txt                                       
 Dump file unspecified or not available
 Calculating wake trajectory ...
 Calculating source influence matrix ...

 Solving BL system ...

 Side 1  free  transition at x/c =  0.4563   60
 Side 2  free  transition at x/c =  0.7564   52

   1   rms: 0.1383E+00   max: 0.3911E+00   T at   60  1
       a = 10.000      CL =  1.0152
      Cm =  0.0059     CD =  0.01358   =>   CDf =  0.00495    CDp =  0.00863

 Side 1  free  transition at x/c =  0.3947   58
 Side 2  free  transition at x/c =  0.7838   52

   2   rms: 0.4271E-01   max: -.3482E+00   C at   58  1
       a = 10.000      CL =  0.9903
      Cm =  0.0094     CD =  0.01436   =>   CDf =  0.00513    CDp =  0.00923

 Side 1  free  transition at x/c =  0.4072   59
 Side 2  free  transition at x/c =  0.7960   53

   3   rms: 0.1268E-01   max: 0.1645E+00   C at   53  2
       a = 10.000      CL =  0.9933
      Cm =  0.0089     CD =  0.01430   =>   CDf =  0.00494    CDp =  0.00936

 Side 1  free  transition at x/c =  0.4090   59
 Side 2  free  transition at x/c =  0.7932   53

   4   rms: 0.1458E-02   max: 0.1516E-01   C at   59  1
       a = 10.000      CL =  0.9936
      Cm =  0.0088     CD =  0.01430   =>   CDf =  0.00490    CDp =  0.00940

 Side 1  free  transition at x/c =  0.4086   59
 Side 2  free  transition at x/c =  0.7927   53

   5   rms: 0.1562E-04   max: 0.1416E-03   D at   68  2
       a = 10.000      CL =  0.9937
      Cm =  0.0088     CD =  0.01430   =>   CDf =  0.00491    CDp =  0.00940
 plradd ia,ip,cpol           11           0  4.94164089E-03

 Point added to stored polar  1
 Point written to save file  polar.txt                                       
 Dump file unspecified or not available
 Calculating wake trajectory ...
 Calculating source influence matrix ...

 Solving BL system ...

 Side 1  free  transition at x/c =  0.4086   59
 Side 2  free  transition at x/c =  0.7927   53

   1   rms: 0.1962E+00   max: 0.1445E+01   C at   59  1   RLX: 0.473
       a = 11.000      CL =  1.0017
      Cm =  0.0138     CD =  0.01594   =>   CDf =  0.00475    CDp =  0.01119

 Side 1  free  transition at x/c =  0.3502   56
 Side 2  free  transition at x/c =  0.8108   53

   2   rms: 0.1533E+00   max: -.1578E+01   T at    2  1   RLX: 0.317
       a = 11.000      CL =  1.0032
      Cm =  0.0142     CD =  0.01705   =>   CDf =  0.00511    CDp =  0.01194

 Side 1  free  transition at x/c =  0.3307   55
 Side 2  free  transition at x/c =  0.8180   54

   3   rms: 0.1015E+00   max: 0.9339E+00   C at   55  1   RLX: 0.629
       a = 11.000      CL =  0.9980
      Cm =  0.0170     CD =  0.01856   =>   CDf =  0.00520    CDp =  0.01336

 Side 1  free  transition at x/c =  0.3071   54
 Side 2  free  transition at x/c =  0.8317   55

   4   rms: 0.5680E-01   max: -.7660E+00   C at   55  2   RLX: 0.653
       a = 11.000      CL =  0.9904
      Cm =  0.0187     CD =  0.01939   =>   CDf =  0.00523    CDp =  0.01416

 Side 1  free  transition at x/c =  0.3023   54
 Side 2  free  transition at x/c =  0.8422   55

   5   rms: 0.2057E-01   max: -.1820E+00   D at   55  2
       a = 11.000      CL =  0.9789
      Cm =  0.0216     CD =  0.01986   =>   CDf =  0.00521    CDp =  0.01465

 Side 1  free  transition at x/c =  0.3025   54
 Side 2  free  transition at x/c =  0.8909   59

   6   rms: 0.1740E-01   max: -.2233E+00   D at   58  2
       a = 11.000      CL =  0.9823
      Cm =  0.0210     CD =  0.01972   =>   CDf =  0.00491    CDp =  0.01480

 Side 1  free  transition at x/c =  0.3014   53
 Side 2  free  transition at x/c =  0.8639   57

   7   rms: 0.5888E-02   max: -.1006E+00   C at   57  2
       a = 11.000      CL =  0.9816
      Cm =  0.0212     CD =  0.01971   =>   CDf =  0.00499    CDp =  0.01472

 Side 1  free  transition at x/c =  0.3016   53
 Side 2  free  transition at x/c =  0.8659   57

   8   rms: 0.3279E-03   max: 0.6082E-02   C at   57  2
       a = 11.000      CL =  0.9816
      Cm =  0.0212     CD =  0.01972   =>   CDf =  0.00498    CDp =  0.01473

 Side 1  free  transition at x/c =  0.3016   53
 Side 2  free  transition at x/c =  0.8658   57

   9   rms: 0.1852E-05   max: -.3044E-04   C at   57  2
       a = 11.000      CL =  0.9816
      Cm =  0.0212     CD =  0.01972   =>   CDf =  0.00498    CDp =  0.01473
 plradd ia,ip,cpol           12           0  4.94164089E-03

 Point added to stored polar  1
 Point written to save file  polar.txt                                       
 Dump file unspecified or not available
 Calculating wake trajectory ...
 Calculating source influence matrix ...

 Solving BL system ...

 Side 1  free  transition at x/c =  0.3016   53
 Side 2  free  transition at x/c =  0.8658   57

   1   rms: 0.3559E+00   max: -.6095E+01   C at   57  2   RLX: 0.082
       a = 12.000      CL =  0.9849
      Cm =  0.0215     CD =  0.02010   =>   CDf =  0.00499    CDp =  0.01511

 Side 1  free  transition at x/c =  0.2925   53
 Side 2  free  transition at x/c =  0.8776   58

   2   rms: 0.4110E+00   max: -.7256E+01   C at   58  2   RLX: 0.069
       a = 12.000      CL =  0.9866
      Cm =  0.0212     CD =  0.02055   =>   CDf =  0.00497    CDp =  0.01558

 Side 1  free  transition at x/c =  0.2859   53
 Side 2  free  transition at x/c =  0.8875   59

   3   rms: 0.3879E+00   max: -.6784E+01   C at   59  2   RLX: 0.074
       a = 12.000      CL =  0.9879
      Cm =  0.0209     CD =  0.02111   =>   CDf =  0.00498    CDp =  0.01614

 Side 1  free  transition at x/c =  0.2811   52
 Side 2  free  transition at x/c =  0.9025   60

   4   rms: 0.3905E+00   max: -.6816E+01   C at   60  2   RLX: 0.073
       a = 12.000      CL =  0.9938
      Cm =  0.0205     CD =  0.02142   =>   CDf =  0.00491    CDp =  0.01650

 Side 1  free  transition at x/c =  0.2729   52
 Side 2  free  transition at x/c =  0.9190   61

   5   rms: 0.3899E+00   max: -.5996E+01   C at   61  2   RLX: 0.083
       a = 12.000      CL =  1.0015
      Cm =  0.0188     CD =  0.02208   =>   CDf =  0.00490    CDp =  0.01717

 Side 1  free  transition at x/c =  0.2652   51
 Side 2  free  transition at x/c =  0.9344   62

   6   rms: 0.2886E+00   max: -.3867E+01   C at   62  2   RLX: 0.129
       a = 12.000      CL =  1.0186
      Cm =  0.0158     CD =  0.02278   =>   CDf =  0.00491    CDp =  0.01786

 Side 1  free  transition at x/c =  0.2505   51
 Side 2  free  transition at x/c =  0.9477   63

   7   rms: 0.2629E+00   max: -.2946E+01   C at   63  2   RLX: 0.170
       a = 12.000      CL =  1.0335
      Cm =  0.0118     CD =  0.02425   =>   CDf =  0.00497    CDp =  0.01928

 Side 1  free  transition at x/c =  0.2389   50
 Side 2  free  transition at x/c =  0.9588   63

   8   rms: 0.2187E+00   max: -.2528E+01   C at   63  2   RLX: 0.198
       a = 12.000      CL =  1.0458
      Cm =  0.0098     CD =  0.02538   =>   CDf =  0.00497    CDp =  0.02042

 Side 1  free  transition at x/c =  0.2273   49
 Side 2  free  transition at x/c =  0.9653   64

   9   rms: 0.1355E+00   max: 0.1501E+01   C at   49  1   RLX: 0.356
       a = 12.000      CL =  1.0655
      Cm =  0.0064     CD =  0.02678   =>   CDf =  0.00489    CDp =  0.02188

 Side 1  free  transition at x/c =  0.2089   49
 Side 2  free  transition at x/c =  0.9733   63

  10   rms: 0.9511E-01   max: -.1341E+01   C at   63  2   RLX: 0.373
       a = 12.000      CL =  1.0712
      Cm =  0.0052     CD =  0.02780   =>   CDf =  0.00509    CDp =  0.02271

 Side 1  free  transition at x/c =  0.2001   49
 Side 2  free  transition at x/c =  0.9824   64

  11   rms: 0.1454E+00   max: 0.2519E+01   C at   64  2   RLX: 0.595
       a = 12.000      CL =  1.0486
      Cm =  0.0111     CD =  0.02880   =>   CDf =  0.00514    CDp =  0.02367

 Side 1  free  transition at x/c =  0.2021   49
 Side 2 forced transition at x/c =  1.0000   66

  12   rms: 0.2866E-01   max: -.2859E+00   D at   63  2
       a = 12.000      CL =  1.0246
      Cm =  0.0179     CD =  0.02852   =>   CDf =  0.00515    CDp =  0.02337

 Side 1  free  transition at x/c =  0.2063   49
 Side 2 forced transition at x/c =  1.0000   66

  13   rms: 0.8474E-02   max: 0.1026E+00   D at   65  2
       a = 12.000      CL =  1.0306
      Cm =  0.0164     CD =  0.02877   =>   CDf =  0.00513    CDp =  0.02363

 Side 1  free  transition at x/c =  0.2043   49
 Side 2 forced transition at x/c =  1.0000   66

  14   rms: 0.8921E-03   max: 0.1231E-01   D at   65  2
       a = 12.000      CL =  1.0311
      Cm =  0.0162     CD =  0.02880   =>   CDf =  0.00514    CDp =  0.02366

 Side 1  free  transition at x/c =  0.2041   49
 Side 2 forced transition at x/c =  1.0000   66

  15   rms: 0.2249E-04   max: 0.1866E-03   D at   65  2
       a = 12.000      CL =  1.0311
      Cm =  0.0162     CD =  0.02880   =>   CDf =  0.00513    CDp =  0.02366
 plradd ia,ip,cpol           13           0  4.94164089E-03

 Point added to stored polar  1
 Point written to save file  polar.txt                                       
 Dump file unspecified or not available
 Calculating wake trajectory ...
 Calculating source influence matrix ...

 Solving BL system ...

 Side 1  free  transition at x/c =  0.2041   49
 Side 2 forced transition at x/c =  1.0000   66

   1   rms: 0.1906E+00   max: 0.2133E+01   C at   49  1   RLX: 0.571
       a = 13.000      CL =  1.0221
      Cm =  0.0212     CD =  0.03366   =>   CDf =  0.00514    CDp =  0.02852

 Side 1  free  transition at x/c =  0.1682   47
 Side 2 forced transition at x/c =  1.0000   66

   2   rms: 0.7536E-01   max: 0.4587E+00   D at   73  1
       a = 13.000      CL =  1.0179
      Cm =  0.0236     CD =  0.03755   =>   CDf =  0.00535    CDp =  0.03220

 Side 1  free  transition at x/c =  0.1502   46
 Side 2 forced transition at x/c =  1.0000   66

   3   rms: 0.9134E-02   max: 0.1180E+00   D at   46  1
       a = 13.000      CL =  1.0221
      Cm =  0.0233     CD =  0.03682   =>   CDf =  0.00539    CDp =  0.03143

 Side 1  free  transition at x/c =  0.1504   46
 Side 2 forced transition at x/c =  1.0000   66

   4   rms: 0.8130E-03   max: -.1201E-01   D at   46  1
       a = 13.000      CL =  1.0225
      Cm =  0.0233     CD =  0.03678   =>   CDf =  0.00538    CDp =  0.03139

 Side 1  free  transition at x/c =  0.1501   45
 Side 2 forced transition at x/c =  1.0000   66

   5   rms: 0.2980E-04   max: 0.3670E-03   C at   45  1
       a = 13.000      CL =  1.0225
      Cm =  0.0233     CD =  0.03678   =>   CDf =  0.00539    CDp =  0.03139
 plradd ia,ip,cpol           14           0  4.94164089E-03

 Point added to stored polar  1
 Point written to save file  polar.txt                                       
 Dump file unspecified or not available
 Calculating wake trajectory ...
 Calculating source influence matrix ...

 Solving BL system ...

 Side 1  free  transition at x/c =  0.1501   45
 Side 2 forced transition at x/c =  1.0000   66

   1   rms: 0.1277E+00   max: 0.1106E+01   C at   45  1   RLX: 0.518
       a = 14.000      CL =  1.0390
      Cm =  0.0250     CD =  0.04006   =>   CDf =  0.00526    CDp =  0.03480

 Side 1  free  transition at x/c =  0.1288   45
 Side 2 forced transition at x/c =  1.0000   65

   2   rms: 0.6305E-01   max: -.3014E+00   D at   45  1
       a = 14.000      CL =  1.0415
      Cm =  0.0270     CD =  0.04406   =>   CDf =  0.00547    CDp =  0.03859

 Side 1  free  transition at x/c =  0.1146   44
 Side 2 forced transition at x/c =  1.0000   65

   3   rms: 0.9652E-02   max: 0.9493E-01   D at   71  1
       a = 14.000      CL =  1.0357
      Cm =  0.0272     CD =  0.04419   =>   CDf =  0.00550    CDp =  0.03870

 Side 1  free  transition at x/c =  0.1156   44
 Side 2 forced transition at x/c =  1.0000   65

   4   rms: 0.9303E-03   max: 0.1274E-01   D at   70  1
       a = 14.000      CL =  1.0352
      Cm =  0.0273     CD =  0.04414   =>   CDf =  0.00547    CDp =  0.03868

 Side 1  free  transition at x/c =  0.1157   44
 Side 2 forced transition at x/c =  1.0000   65

   5   rms: 0.6931E-04   max: 0.4319E-03   D at   77  2
       a = 14.000      CL =  1.0352
      Cm =  0.0273     CD =  0.04414   =>   CDf =  0.00546    CDp =  0.03868
 plradd ia,ip,cpol           15           0  4.94164089E-03

 Point added to stored polar  1
 Point written to save file  polar.txt                                       
 Dump file unspecified or not available
 Calculating wake trajectory ...
 Calculating source influence matrix ...

 Solving BL system ...

 Side 1  free  transition at x/c =  0.1157   44
 Side 2 forced transition at x/c =  1.0000   65

   1   rms: 0.1366E+00   max: 0.1302E+01   C at   44  1   RLX: 0.457
       a = 15.000      CL =  1.0427
      Cm =  0.0284     CD =  0.04808   =>   CDf =  0.00547    CDp =  0.04261

 Side 1  free  transition at x/c =  0.1022   43
 Side 2 forced transition at x/c =  1.0000   65

   2   rms: 0.6808E-01   max: 0.4336E+00   C at   43  1
       a = 15.000      CL =  1.0568
      Cm =  0.0296     CD =  0.05190   =>   CDf =  0.00534    CDp =  0.04656

 Side 1  free  transition at x/c =  0.0887   43
 Side 2 forced transition at x/c =  1.0000   64

   3   rms: 0.1141E-01   max: 0.8751E-01   D at   43  1
       a = 15.000      CL =  1.0499
      Cm =  0.0299     CD =  0.05208   =>   CDf =  0.00557    CDp =  0.04650

 Side 1  free  transition at x/c =  0.0896   43
 Side 2 forced transition at x/c =  1.0000   64

   4   rms: 0.1068E-02   max: -.1118E-01   D at    4  1
       a = 15.000      CL =  1.0497
      Cm =  0.0299     CD =  0.05196   =>   CDf =  0.00553    CDp =  0.04643

 Side 1  free  transition at x/c =  0.0895   43
 Side 2 forced transition at x/c =  1.0000   64

   5   rms: 0.2745E-04   max: 0.1920E-03   D at   69  1
       a = 15.000      CL =  1.0497
      Cm =  0.0299     CD =  0.05195   =>   CDf =  0.00553    CDp =  0.04642
 plradd ia,ip,cpol           16           0  1.29907194E-03

 Point added to stored polar  1
 Point written to save file  polar.txt                                       
 Dump file unspecified or not available
 Calculating wake trajectory ...
 Calculating source influence matrix ...

 Solving BL system ...

 Side 1  free  transition at x/c =  0.0895   43
 Side 2 forced transition at x/c =  1.0000   64

   1   rms: 0.1271E+00   max: 0.6932E+00   C at   43  1   RLX: 0.414
       a = 16.000      CL =  1.0554
      Cm =  0.0305     CD =  0.05598   =>   CDf =  0.00554    CDp =  0.05044

 Side 1  free  transition at x/c =  0.0830   42
 Side 2 forced transition at x/c =  1.0000   64

   2   rms: 0.6640E-01   max: -.3254E+00   D at   42  1
       a = 16.000      CL =  1.0803
      Cm =  0.0310     CD =  0.05943   =>   CDf =  0.00551    CDp =  0.05393

 Side 1  free  transition at x/c =  0.0729   41
 Side 2 forced transition at x/c =  1.0000   64

   3   rms: 0.1653E-01   max: -.1238E+00   D at   41  1
       a = 16.000      CL =  1.0682
      Cm =  0.0313     CD =  0.06016   =>   CDf =  0.00552    CDp =  0.05464

 Side 1  free  transition at x/c =  0.0740   41
 Side 2 forced transition at x/c =  1.0000   64

   4   rms: 0.9739E-03   max: -.1061E-01   D at   68  1
       a = 16.000      CL =  1.0685
      Cm =  0.0314     CD =  0.05990   =>   CDf =  0.00548    CDp =  0.05443

 Side 1  free  transition at x/c =  0.0739   41
 Side 2 forced transition at x/c =  1.0000   64

   5   rms: 0.7973E-04   max: -.3989E-03   D at   79  2
       a = 16.000      CL =  1.0685
      Cm =  0.0314     CD =  0.05991   =>   CDf =  0.00548    CDp =  0.05443
 plradd ia,ip,cpol           17           0  1.29907194E-03

 Point added to stored polar  1
 Point written to save file  polar.txt                                       
 Dump file unspecified or not available
 Calculating wake trajectory ...
 Calculating source influence matrix ...

 Solving BL system ...

 Side 1  free  transition at x/c =  0.0739   41
 Side 2 forced transition at x/c =  1.0000   64

   1   rms: 0.1158E+00   max: -.4119E+00   D at    3  2   RLX: 0.387
       a = 17.000      CL =  1.0832
      Cm =  0.0314     CD =  0.06284   =>   CDf =  0.00528    CDp =  0.05756

 Side 1  free  transition at x/c =  0.0683   42
 Side 2 forced transition at x/c =  1.0000   63

   2   rms: 0.7480E-01   max: -.3389E+00   D at   42  1
       a = 17.000      CL =  1.0868
      Cm =  0.0316     CD =  0.06955   =>   CDf =  0.00549    CDp =  0.06406

 Side 1  free  transition at x/c =  0.0626   41
 Side 2 forced transition at x/c =  1.0000   63

   3   rms: 0.1757E-01   max: -.2267E+00   D at   41  1
       a = 17.000      CL =  1.0919
      Cm =  0.0318     CD =  0.06775   =>   CDf =  0.00536    CDp =  0.06239

 Side 1  free  transition at x/c =  0.0623   41
 Side 2 forced transition at x/c =  1.0000   63

   4   rms: 0.2099E-02   max: 0.1649E-01   C at   41  1
       a = 17.000      CL =  1.0904
      Cm =  0.0318     CD =  0.06801   =>   CDf =  0.00539    CDp =  0.06262

 Side 1  free  transition at x/c =  0.0622   41
 Side 2 forced transition at x/c =  1.0000   63

   5   rms: 0.1362E-03   max: 0.6276E-03   D at   67  1
       a = 17.000      CL =  1.0902
      Cm =  0.0318     CD =  0.06800   =>   CDf =  0.00539    CDp =  0.06262

 Side 1  free  transition at x/c =  0.0622   41
 Side 2 forced transition at x/c =  1.0000   63

   6   rms: 0.7488E-05   max: 0.5622E-04   D at   77  2
       a = 17.000      CL =  1.0902
      Cm =  0.0318     CD =  0.06800   =>   CDf =  0.00539    CDp =  0.06261
 plradd ia,ip,cpol           18           0  5.51594887E-04

 Point added to stored polar  1
 Point written to save file  polar.txt                                       
 Dump file unspecified or not available
 Calculating wake trajectory ...
 Calculating source influence matrix ...

 Solving BL system ...

 Side 1  free  transition at x/c =  0.0622   41
 Side 2 forced transition at x/c =  1.0000   63

   1   rms: 0.1153E+00   max: -.5256E+00   D at   41  1   RLX: 0.354
       a = 18.000      CL =  1.0967
      Cm =  0.0315     CD =  0.07183   =>   CDf =  0.00540    CDp =  0.06643

 Side 1  free  transition at x/c =  0.0580   40
 Side 2 forced transition at x/c =  1.0000   63

   2   rms: 0.7412E-01   max: -.4344E+00   C at   40  1
       a = 18.000      CL =  1.1253
      Cm =  0.0311     CD =  0.07611   =>   CDf =  0.00514    CDp =  0.07096

 Side 1  free  transition at x/c =  0.0480   40
 Side 2 forced transition at x/c =  1.0000   62

   3   rms: 0.2724E-01   max: -.2589E+00   D at   40  1
       a = 18.000      CL =  1.1076
      Cm =  0.0313     CD =  0.07724   =>   CDf =  0.00538    CDp =  0.07186

 Side 1  free  transition at x/c =  0.0497   40
 Side 2 forced transition at x/c =  1.0000   62

   4   rms: 0.2326E-02   max: 0.3194E-01   C at   40  1
       a = 18.000      CL =  1.1065
      Cm =  0.0314     CD =  0.07710   =>   CDf =  0.00532    CDp =  0.07178

 Side 1  free  transition at x/c =  0.0494   40
 Side 2 forced transition at x/c =  1.0000   62

   5   rms: 0.9324E-04   max: 0.9196E-03   D at   77  2
       a = 18.000      CL =  1.1065
      Cm =  0.0314     CD =  0.07709   =>   CDf =  0.00532    CDp =  0.07177
 plradd ia,ip,cpol           19           0  1.29907194E-03

 Point added to stored polar  1
 Point written to save file  polar.txt                                       
 Dump file unspecified or not available
 Calculating wake trajectory ...
 Calculating source influence matrix ...

 Solving BL system ...

 Side 1  free  transition at x/c =  0.0494   40
 Side 2 forced transition at x/c =  1.0000   62

   1   rms: 0.1074E+00   max: 0.3885E+00   D at   65  1   RLX: 0.330
       a = 19.000      CL =  1.1145
      Cm =  0.0309     CD =  0.08055   =>   CDf =  0.00533    CDp =  0.07522

 Side 1  free  transition at x/c =  0.0459   40
 Side 2 forced transition at x/c =  1.0000   62

   2   rms: 0.7789E-01   max: 0.3584E+00   D at   66  1
       a = 19.000      CL =  1.1147
      Cm =  0.0298     CD =  0.08943   =>   CDf =  0.00532    CDp =  0.08411

 Side 1  free  transition at x/c =  0.0408   39
 Side 2 forced transition at x/c =  1.0000   62

   3   rms: 0.3250E-01   max: -.4391E+00   D at   39  1
       a = 19.000      CL =  1.1185
      Cm =  0.0302     CD =  0.08691   =>   CDf =  0.00516    CDp =  0.08175

 Side 1  free  transition at x/c =  0.0414   39
 Side 2 forced transition at x/c =  1.0000   62

   4   rms: 0.7481E-02   max: -.5599E-01   D at   40  1
       a = 19.000      CL =  1.1151
      Cm =  0.0302     CD =  0.08749   =>   CDf =  0.00517    CDp =  0.08232

 Side 1  free  transition at x/c =  0.0407   39
 Side 2 forced transition at x/c =  1.0000   62

   5   rms: 0.6678E-03   max: -.3458E-02   D at   40  1
       a = 19.000      CL =  1.1145
      Cm =  0.0302     CD =  0.08751   =>   CDf =  0.00519    CDp =  0.08232

 Side 1  free  transition at x/c =  0.0407   39
 Side 2 forced transition at x/c =  1.0000   62

   6   rms: 0.4393E-04   max: 0.2628E-03   D at   77  2
       a = 19.000      CL =  1.1145
      Cm =  0.0302     CD =  0.08749   =>   CDf =  0.00518    CDp =  0.08231
 plradd ia,ip,cpol           20           0  5.51594887E-04

 Point added to stored polar  1
 Point written to save file  polar.txt                                       
 Dump file unspecified or not available
 Calculating wake trajectory ...
 Calculating source influence matrix ...

 Solving BL system ...

 Side 1  free  transition at x/c =  0.0407   39
 Side 2 forced transition at x/c =  1.0000   62

   1   rms: 0.1236E+00   max: -.7437E+00   D at   39  1   RLX: 0.302
       a = 20.000      CL =  1.1139
      Cm =  0.0292     CD =  0.09213   =>   CDf =  0.00520    CDp =  0.08693

 Side 1  free  transition at x/c =  0.0381   38
 Side 2 forced transition at x/c =  1.0000   62

   2   rms: 0.7881E-01   max: -.4546E+00   D at   38  1
       a = 20.000      CL =  1.1407
      Cm =  0.0279     CD =  0.09780   =>   CDf =  0.00486    CDp =  0.09294

 Side 1  free  transition at x/c =  0.0305   38
 Side 2 forced transition at x/c =  1.0000   61

   3   rms: 0.4593E-01   max: -.4755E+00   D at   38  1
       a = 20.000      CL =  1.1162
      Cm =  0.0274     CD =  0.09978   =>   CDf =  0.00512    CDp =  0.09466

 Side 1  free  transition at x/c =  0.0317   38
 Side 2 forced transition at x/c =  1.0000   61

   4   rms: 0.9833E-02   max: 0.1361E+00   C at   38  1
       a = 20.000      CL =  1.1165
      Cm =  0.0278     CD =  0.09902   =>   CDf =  0.00503    CDp =  0.09399

 Side 1  free  transition at x/c =  0.0307   38
 Side 2 forced transition at x/c =  1.0000   61

   5   rms: 0.9687E-03   max: -.7882E-02   D at   39  1
       a = 20.000      CL =  1.1160
      Cm =  0.0277     CD =  0.09918   =>   CDf =  0.00507    CDp =  0.09410

 Side 1  free  transition at x/c =  0.0308   38
 Side 2 forced transition at x/c =  1.0000   61

   6   rms: 0.4462E-04   max: 0.2130E-03   D at   79  2
       a = 20.000      CL =  1.1160
      Cm =  0.0278     CD =  0.09917   =>   CDf =  0.00507    CDp =  0.09410
 plradd ia,ip,cpol           21           0  5.51594887E-04

 Point added to stored polar  1
 Point written to save file  polar.txt                                       
 Dump file unspecified or not available
 Calculating wake trajectory ...
 Calculating source influence matrix ...

 Solving BL system ...

 Side 1  free  transition at x/c =  0.0308   38
 Side 2 forced transition at x/c =  1.0000   61

   1   rms: 0.1101E+00   max: 0.5517E+00   D at   63  1   RLX: 0.281
       a = 21.000      CL =  1.1154
      Cm =  0.0265     CD =  0.10376   =>   CDf =  0.00509    CDp =  0.09867

 Side 1  free  transition at x/c =  0.0298   38
 Side 2 forced transition at x/c =  1.0000   61

   2   rms: 0.8882E-01   max: 0.5006E+00   D at   63  1
       a = 21.000      CL =  1.1013
      Cm =  0.0228     CD =  0.11775   =>   CDf =  0.00504    CDp =  0.11271

 Side 1  free  transition at x/c =  0.0263   37
 Side 2 forced transition at x/c =  1.0000   61

   3   rms: 0.4825E-01   max: -.5564E+00   D at   37  1   RLX: 0.899
       a = 21.000      CL =  1.0982
      Cm =  0.0224     CD =  0.11447   =>   CDf =  0.00488    CDp =  0.10960

 Side 1  free  transition at x/c =  0.0276   37
 Side 2 forced transition at x/c =  1.0000   61

   4   rms: 0.1617E-01   max: -.9897E-01   D at   37  1
       a = 21.000      CL =  1.1065
      Cm =  0.0240     CD =  0.11225   =>   CDf =  0.00479    CDp =  0.10746

 Side 1  free  transition at x/c =  0.0270   37
 Side 2 forced transition at x/c =  1.0000   61

   5   rms: 0.1450E-02   max: -.7709E-02   D at   80  2
       a = 21.000      CL =  1.1073
      Cm =  0.0239     CD =  0.11265   =>   CDf =  0.00485    CDp =  0.10780

 Side 1  free  transition at x/c =  0.0269   37
 Side 2 forced transition at x/c =  1.0000   61

   6   rms: 0.1385E-03   max: -.1072E-02   D at   78  2
       a = 21.000      CL =  1.1074
      Cm =  0.0238     CD =  0.11273   =>   CDf =  0.00485    CDp =  0.10787

 Side 1  free  transition at x/c =  0.0269   37
 Side 2 forced transition at x/c =  1.0000   61

   7   rms: 0.3505E-05   max: -.2649E-04   D at   77  2
       a = 21.000      CL =  1.1074
      Cm =  0.0238     CD =  0.11273   =>   CDf =  0.00485    CDp =  0.10787
 plradd ia,ip,cpol           22           0  3.53916839E-05

 Point added to stored polar  1
 Point written to save file  polar.txt                                       
 Dump file unspecified or not available
 Calculating wake trajectory ...
 Calculating source influence matrix ...

 Solving BL system ...

 Side 1  free  transition at x/c =  0.0269   37
 Side 2 forced transition at x/c =  1.0000   61

   1   rms: 0.1149E+00   max: 0.6715E+00   D at   61  1   RLX: 0.259
       a = 22.000      CL =  1.1025
      Cm =  0.0221     CD =  0.11802   =>   CDf =  0.00455    CDp =  0.11347

 Side 1  free  transition at x/c =  0.0260   38
 Side 2 forced transition at x/c =  1.0000   60

   2   rms: 0.9548E-01   max: -.6026E+00   D at    2  1   RLX: 0.830
       a = 22.000      CL =  1.0892
      Cm =  0.0180     CD =  0.13024   =>   CDf =  0.00483    CDp =  0.12541

 Side 1  free  transition at x/c =  0.0240   37
 Side 2 forced transition at x/c =  1.0000   60

   3   rms: 0.2931E-01   max: -.3370E+00   D at   37  1
       a = 22.000      CL =  1.0922
      Cm =  0.0180     CD =  0.12875   =>   CDf =  0.00465    CDp =  0.12410

 Side 1  free  transition at x/c =  0.0238   37
 Side 2 forced transition at x/c =  1.0000   60

   4   rms: 0.3675E-02   max: -.3101E-01   D at   62  1
       a = 22.000      CL =  1.0933
      Cm =  0.0184     CD =  0.12747   =>   CDf =  0.00458    CDp =  0.12289

 Side 1  free  transition at x/c =  0.0237   37
 Side 2 forced transition at x/c =  1.0000   60

   5   rms: 0.3462E-03   max: -.1499E-02   D at   79  2
       a = 22.000      CL =  1.0935
      Cm =  0.0184     CD =  0.12749   =>   CDf =  0.00459    CDp =  0.12290

 Side 1  free  transition at x/c =  0.0237   37
 Side 2 forced transition at x/c =  1.0000   60

   6   rms: 0.4788E-04   max: -.3715E-03   D at   77  2
       a = 22.000      CL =  1.0936
      Cm =  0.0183     CD =  0.12752   =>   CDf =  0.00459    CDp =  0.12292
 plradd ia,ip,cpol           23           0  3.53916839E-05

 Point added to stored polar  1
 Point written to save file  polar.txt                                       
 Dump file unspecified or not available
 Calculating wake trajectory ...
 Calculating source influence matrix ...

 Solving BL system ...

 Side 1  free  transition at x/c =  0.0237   37
 Side 2 forced transition at x/c =  1.0000   60

   1   rms: 0.1002E+00   max: 0.5466E+00   D at   60  1   RLX: 0.244
       a = 23.000      CL =  1.0922
      Cm =  0.0166     CD =  0.13212   =>   CDf =  0.00461    CDp =  0.12751

 Side 1  free  transition at x/c =  0.0230   37
 Side 2 forced transition at x/c =  1.0000   60

   2   rms: 0.7766E-01   max: 0.4419E+00   D at   60  1
       a = 23.000      CL =  1.0880
      Cm =  0.0110     CD =  0.14680   =>   CDf =  0.00456    CDp =  0.14224

 Side 1  free  transition at x/c =  0.0216   36
 Side 2 forced transition at x/c =  1.0000   60

   3   rms: 0.1801E-01   max: 0.1568E+00   D at   59  1
       a = 23.000      CL =  1.0795
      Cm =  0.0112     CD =  0.14394   =>   CDf =  0.00441    CDp =  0.13952

 Side 1  free  transition at x/c =  0.0216   36
 Side 2 forced transition at x/c =  1.0000   60

   4   rms: 0.2635E-02   max: 0.2518E-01   D at   59  1
       a = 23.000      CL =  1.0778
      Cm =  0.0113     CD =  0.14315   =>   CDf =  0.00437    CDp =  0.13878

 Side 1  free  transition at x/c =  0.0216   36
 Side 2 forced transition at x/c =  1.0000   60

   5   rms: 0.2180E-03   max: 0.1403E-02   D at   77  2
       a = 23.000      CL =  1.0776
      Cm =  0.0113     CD =  0.14302   =>   CDf =  0.00437    CDp =  0.13865

 Side 1  free  transition at x/c =  0.0216   36
 Side 2 forced transition at x/c =  1.0000   60

   6   rms: 0.1460E-04   max: 0.1267E-03   D at   77  2
       a = 23.000      CL =  1.0776
      Cm =  0.0113     CD =  0.14301   =>   CDf =  0.00437    CDp =  0.13864
 plradd ia,ip,cpol           24           0  3.53916839E-05

 Point added to stored polar  1
 Point written to save file  polar.txt                                       
 Dump file unspecified or not available
 Calculating wake trajectory ...
 Calculating source influence matrix ...

 Solving BL system ...

 Side 1  free  transition at x/c =  0.0216   36
 Side 2 forced transition at x/c =  1.0000   60

   1   rms: 0.9044E-01   max: 0.4406E+00   D at   57  1   RLX: 0.230
       a = 24.000      CL =  1.0792
      Cm =  0.0096     CD =  0.14694   =>   CDf =  0.00439    CDp =  0.14255

 Side 1  free  transition at x/c =  0.0212   36
 Side 2 forced transition at x/c =  1.0000   60

   2   rms: 0.7338E-01   max: 0.4186E+00   D at   58  1
       a = 24.000      CL =  1.0811
      Cm =  0.0031     CD =  0.16191   =>   CDf =  0.00400    CDp =  0.15792

 Side 1  free  transition at x/c =  0.0200   37
 Side 2 forced transition at x/c =  1.0000   59

   3   rms: 0.1846E-01   max: -.1760E+00   T at    2  1
       a = 24.000      CL =  1.0746
      Cm =  0.0036     CD =  0.15798   =>   CDf =  0.00414    CDp =  0.15384

 Side 1  free  transition at x/c =  0.0202   37
 Side 2 forced transition at x/c =  1.0000   59

   4   rms: 0.1752E-02   max: -.1691E-01   D at    4  1
       a = 24.000      CL =  1.0741
      Cm =  0.0037     CD =  0.15705   =>   CDf =  0.00411    CDp =  0.15294

 Side 1  free  transition at x/c =  0.0202   37
 Side 2 forced transition at x/c =  1.0000   59

   5   rms: 0.6113E-04   max: 0.4739E-03   D at   77  2
       a = 24.000      CL =  1.0740
      Cm =  0.0037     CD =  0.15700   =>   CDf =  0.00411    CDp =  0.15288
 plradd ia,ip,cpol           25           0  3.53916839E-05

 Point added to stored polar  1
 Point written to save file  polar.txt                                       
 Dump file unspecified or not available
 Calculating wake trajectory ...
 Calculating source influence matrix ...

 Solving BL system ...

 Side 1  free  transition at x/c =  0.0202   37
 Side 2 forced transition at x/c =  1.0000   59

   1   rms: 0.9178E-01   max: 0.4766E+00   D at   57  1   RLX: 0.217
       a = 25.000      CL =  1.0738
      Cm =  0.0018     CD =  0.16119   =>   CDf =  0.00413    CDp =  0.15706

 Side 1  free  transition at x/c =  0.0199   37
 Side 2 forced transition at x/c =  1.0000   59

   2   rms: 0.6989E-01   max: 0.3746E+00   D at   57  1
       a = 25.000      CL =  1.0794
      Cm = -0.0050     CD =  0.17607   =>   CDf =  0.00409    CDp =  0.17198

 Side 1  free  transition at x/c =  0.0191   37
 Side 2 forced transition at x/c =  1.0000   59

   3   rms: 0.1324E-01   max: 0.7676E-01   D at   56  1
       a = 25.000      CL =  1.0717
      Cm = -0.0047     CD =  0.17212   =>   CDf =  0.00398    CDp =  0.16813

 Side 1  free  transition at x/c =  0.0189   37
 Side 2 forced transition at x/c =  1.0000   59

   4   rms: 0.1837E-02   max: 0.1565E-01   D at   78  2
       a = 25.000      CL =  1.0707
      Cm = -0.0046     CD =  0.17094   =>   CDf =  0.00399    CDp =  0.16695

 Side 1  free  transition at x/c =  0.0189   37
 Side 2 forced transition at x/c =  1.0000   59

   5   rms: 0.2403E-03   max: 0.1833E-02   D at   78  2
       a = 25.000      CL =  1.0705
      Cm = -0.0046     CD =  0.17083   =>   CDf =  0.00399    CDp =  0.16685

 Side 1  free  transition at x/c =  0.0189   37
 Side 2 forced transition at x/c =  1.0000   59

   6   rms: 0.2234E-04   max: 0.1492E-03   D at   78  2
       a = 25.000      CL =  1.0705
      Cm = -0.0046     CD =  0.17082   =>   CDf =  0.00399    CDp =  0.16683
 plradd ia,ip,cpol           26           0  3.53916839E-05

 Point added to stored polar  1
 Point written to save file  polar.txt                                       
 Dump file unspecified or not available

.OPERva   c>  
 Polar accumulation disabled

.OPERv   c>  
 XFOIL   c>  