
 ===================================================
  XFOIL Version 6.99
  Copyright (C) 2000   Mark Drela, Harold Youngren

  This software comes with ABSOLUTELY NO WARRANTY,
    subject to the GNU General Public License.

  Caveat computor
 ===================================================

 File  xfoil.def  not found

   QUIT    Exit program

  .OPER    Direct operating point(s)
  .MDES    Complex mapping design routine
  .QDES    Surface speed design routine
  .GDES    Geometry design routine

   SAVE f  Write airfoil to labeled coordinate file
   PSAV f  Write airfoil to plain coordinate file
   ISAV f  Write airfoil to ISES coordinate file
   MSAV f  Write airfoil to MSES coordinate file
   REVE    Reverse written-airfoil node ordering

   LOAD f  Read buffer airfoil from coordinate file
   NACA i  Set NACA 4,5-digit airfoil and buffer airfoil
   INTE    Set buffer airfoil by interpolating two airfoils
   NORM    Buffer airfoil normalization toggle
   XYCM rr Change CM reference location, currently  0.25000 0.00000

   BEND    Display structural properties of current airfoil

   PCOP    Set current-airfoil panel nodes directly from buffer airfoil points
   PANE    Set current-airfoil panel nodes ( 160 ) based on curvature
  .PPAR    Show/change paneling

  .PLOP    Plotting options

   WDEF f  Write  current-settings file
   RDEF f  Reread current-settings file
   NAME s  Specify new airfoil name
   NINC    Increment name version number

   Z       Zoom    | (available in all menus)
   U       Unzoom  | 

 XFOIL   c>  
 Labeled airfoil file.  Name:  NACA 64A223 SURROGATE - 23 pct thickness, 2 pct 

 Number of input coordinate points: 321
 Counterclockwise ordering
 Max thickness =     0.230159  at x =   0.295
 Max camber    =     0.016567  at x =   0.460

  LE  x,y  =  -0.00028   0.00600  |   Chord =   1.00030
  TE  x,y  =   1.00000   0.00000  |

 Current airfoil nodes set from buffer airfoil nodes ( 321 )

 XFOIL   c>  
 Blunt trailing edge.  Gap =  0.00483

 Paneling parameters used...
   Number of panel nodes       160
   Panel bunching parameter    1.000
   TE/LE panel density ratio   0.150
   Refined-area/LE panel density ratio    0.200
   Top    side refined area x/c limits  1.000 1.000
   Bottom side refined area x/c limits  1.000 1.000

 XFOIL   c>  
.OPERi   c>  
 M  =    0.0000
 Re =   1000000

.OPERv   c>  
.OPERv   c>  
.OPERv   c>  
 Polar  1 newly created for accumulation
 Airfoil archived with polar: NACA 64A223 SURROGATE - 23 pct thickness, 2 pct 

Enter  polar save filename  OR  <return> for no file   s>  
 New polar save file available

Enter  polar dump filename  OR  <return> for no file   s>  
 Polar dump file will NOT be written

 Polar accumulation enabled

.OPERva   c>   Calculating unit vorticity distributions ...
 Calculating wake trajectory ...
 Calculating source influence matrix ...

 Solving BL system ...

 Initializing BL ...
    side            1  ...
 MRCHUE: Inverse mode at  43     Hk =   4.173
 MRCHUE: Inverse mode at  44     Hk =   5.105
 MRCHUE: Inverse mode at  45     Hk =   5.944
 MRCHUE: Convergence failed at  46  side 1    Res =  0.3310E+01
 MRCHUE: Inverse mode at  47     Hk =   6.403
    side            2  ...
 MRCHUE: Inverse mode at  53     Hk =   4.451
 MRCHUE: Inverse mode at  54     Hk =   5.701
 MRCHUE: Inverse mode at  55     Hk =   6.948
 MRCHUE: Inverse mode at  56     Hk =   8.207
 MRCHUE: Inverse mode at  57     Hk =   9.489
 MRCHUE: Inverse mode at  58     Hk =   3.105
 MRCHUE: Inverse mode at  87     Hk =   2.500
 MRCHUE: Inverse mode at  88     Hk =   2.500
 MRCHUE: Inverse mode at  89     Hk =   2.500
 MRCHUE: Inverse mode at  90     Hk =   2.500
 MRCHUE: Inverse mode at  91     Hk =   2.500
 MRCHUE: Inverse mode at  92     Hk =   2.500
 MRCHUE: Inverse mode at  93     Hk =   2.500
 MRCHUE: Inverse mode at  94     Hk =   2.500
 MRCHUE: Inverse mode at  95     Hk =   2.500
 MRCHUE: Inverse mode at  96     Hk =   2.500
 MRCHUE: Inverse mode at  97     Hk =   2.500
 MRCHUE: Inverse mode at  98     Hk =   2.500
 MRCHUE: Inverse mode at  99     Hk =   2.500
 MRCHUE: Inverse mode at 100     Hk =   2.500
 MRCHUE: Inverse mode at 101     Hk =   2.500
 MRCHUE: Inverse mode at 102     Hk =   2.500
 MRCHUE: Inverse mode at 103     Hk =   2.500
 MRCHUE: Inverse mode at 104     Hk =   2.500
 MRCHUE: Convergence failed at 105  side 2    Res =  0.6383E+01
 MRCHUE: Inverse mode at 106     Hk =   2.500
 MRCHUE: Inverse mode at 107     Hk =   2.500
 MRCHUE: Inverse mode at 108     Hk =   2.500
 MRCHUE: Inverse mode at 109     Hk =   2.500
 MRCHUE: Convergence failed at 110  side 2    Res =  0.6193E+01
 MRCHUE: Inverse mode at 111     Hk =   2.500
 MRCHUE: Inverse mode at 112     Hk =   2.500
 MRCHUE: Convergence failed at 113  side 2    Res =  0.6287E+01
 MRCHUE: Inverse mode at 114     Hk =   2.500
 MRCHUE: Convergence failed at 115  side 2    Res =  0.7538E+01

 MRCHDU: Convergence failed at  46  side 1    Res =  0.7183E+01
 MRCHDU: Convergence failed at  47  side 1    Res =  0.4283E+02
 MRCHDU: Convergence failed at 105  side 2    Res =  0.1293E+01
 MRCHDU: Convergence failed at 106  side 2    Res =  0.1405E+01
 MRCHDU: Convergence failed at 107  side 2    Res =  0.1580E+01
 MRCHDU: Convergence failed at 108  side 2    Res =  0.1693E+01
 MRCHDU: Convergence failed at 109  side 2    Res =  0.1811E+01
 MRCHDU: Convergence failed at 110  side 2    Res =  0.4233E+01
 MRCHDU: Convergence failed at 111  side 2    Res =  0.3733E+01
 MRCHDU: Convergence failed at 112  side 2    Res =  0.3635E+01
 MRCHDU: Convergence failed at 113  side 2    Res =  0.1514E+02
 MRCHDU: Convergence failed at 114  side 2    Res =  0.1609E+02
 MRCHDU: Convergence failed at 115  side 2    Res =  0.1335E+02
 Side 1 forced transition at x/c =  1.0001   47
 Side 2  free  transition at x/c =  0.0350   58

   1   rms: 0.1071E+01   max: -.9188E+01   C at   47  1   RLX: 0.054
       a =-25.000      CL = -3.1666
      Cm =  0.1855     CD =  0.00434   =>   CDf =  0.00640    CDp = -0.00205

 Side 1 forced transition at x/c =  1.0001   47
 Side 2  free  transition at x/c =  0.0355   58

   2   rms: 0.9016E+00   max: -.8919E+01   C at   47  1   RLX: 0.056
       a =-25.000      CL = -3.1271
      Cm =  0.1718     CD =  0.00489   =>   CDf =  0.00684    CDp = -0.00195

 Side 1 forced transition at x/c =  1.0001   48
 Side 2  free  transition at x/c =  0.0358   57

   3   rms: 0.1081E+01   max: -.1107E+02   T at    2  1   RLX: 0.045
       a =-25.000      CL = -3.1041
      Cm =  0.1650     CD =  0.00550   =>   CDf =  0.00637    CDp = -0.00087

 Side 1 forced transition at x/c =  1.0001   48
 Side 2  free  transition at x/c =  0.0360   57

   4   rms: 0.8634E+00   max: -.5884E+01   C at   48  1   RLX: 0.085
       a =-25.000      CL = -3.0629
      Cm =  0.1539     CD =  0.00675   =>   CDf =  0.00629    CDp =  0.00046

 Side 1 forced transition at x/c =  1.0001   48
 Side 2  free  transition at x/c =  0.0363   57

   5   rms: 0.9021E+00   max: -.5011E+01   C at   48  1   RLX: 0.100
       a =-25.000      CL = -3.0139
      Cm =  0.1447     CD =  0.00875   =>   CDf =  0.00615    CDp =  0.00260

 Side 1 forced transition at x/c =  1.0001   48
 Side 2  free  transition at x/c =  0.0367   57

   6   rms: 0.1498E+01   max: -.6098E+01   C at   48  1   RLX: 0.082
       a =-25.000      CL = -2.9760
      Cm =  0.1515     CD =  0.01195   =>   CDf =  0.00596    CDp =  0.00599

 Side 1 forced transition at x/c =  1.0001   48
 Side 2  free  transition at x/c =  0.0370   57

   7   rms: 0.2320E+01   max: 0.8236E+01   D at  121  2   RLX: 0.078
       a =-25.000      CL = -2.9124
      Cm =  0.1670     CD =  0.01785   =>   CDf =  0.00573    CDp =  0.01213

 Side 1 forced transition at x/c =  1.0001   48
 Side 2  free  transition at x/c =  0.0372   57

   8   rms: 0.2216E+01   max: 0.7775E+01   D at  123  2   RLX: 0.087
       a =-25.000      CL = -2.7642
      Cm =  0.1725     CD =  0.02560   =>   CDf =  0.00580    CDp =  0.01979

 Side 1 forced transition at x/c =  1.0001   49
 Side 2  free  transition at x/c =  0.0378   56

   9   rms: 0.1880E+01   max: 0.5673E+01   D at  124  2   RLX: 0.262
       a =-25.000      CL = -2.2250
      Cm =  0.1423     CD =  0.05118   =>   CDf =  0.00585    CDp =  0.04533

 MRCHDU: Convergence failed at  77  side 2    Res =  0.9198E+00
 MRCHDU: Convergence failed at 120  side 2    Res =  0.1388E+01
 MRCHDU: Convergence failed at 121  side 2    Res =  0.9163E+01
 MRCHDU: Convergence failed at 122  side 2    Res =  0.1848E+01
 MRCHDU: Convergence failed at 123  side 2    Res =  0.2318E+01
 MRCHDU: Convergence failed at 124  side 2    Res =  0.5654E+01
 Side 1 forced transition at x/c =  1.0001   51
 Side 2  free  transition at x/c =  0.0397   55

  10   rms: 0.6895E+00   max: 0.2181E+01   D at  118  2   RLX: 0.500
       a =-25.000      CL = -1.7144
      Cm =  0.0439     CD =  0.08628   =>   CDf =  0.00513    CDp =  0.08115

 Side 1 forced transition at x/c =  1.0001   53
 Side 2  free  transition at x/c =  0.0451   54

  11   rms: 0.6644E+00   max: 0.2182E+01   D at   75  2   RLX: 0.644
       a =-25.000      CL = -1.2091
      Cm = -0.0025     CD =  0.15404   =>   CDf =  0.00476    CDp =  0.14928

 MRCHDU: Convergence failed at  68  side 2    Res =  0.2350E+01
 Side 1 forced transition at x/c =  1.0001   56
 Side 2  free  transition at x/c =  0.0477   51

  12   rms: 0.9923E-01   max: 0.5512E+00   D at   69  2
       a =-25.000      CL = -1.0817
      Cm = -0.0326     CD =  0.16041   =>   CDf =  0.00356    CDp =  0.15685

 Side 1 forced transition at x/c =  1.0001   56
 Side 2  free  transition at x/c =  0.0498   52

  13   rms: 0.3232E-01   max: 0.4031E+00   D at   68  2
       a =-25.000      CL = -1.0803
      Cm = -0.0311     CD =  0.15587   =>   CDf =  0.00344    CDp =  0.15243

 Side 1 forced transition at x/c =  1.0001   56
 Side 2  free  transition at x/c =  0.0497   52

  14   rms: 0.1079E-01   max: -.9487E-01   D at   68  2
       a =-25.000      CL = -1.0860
      Cm = -0.0321     CD =  0.15350   =>   CDf =  0.00339    CDp =  0.15011

 Side 1 forced transition at x/c =  1.0001   56
 Side 2  free  transition at x/c =  0.0497   52

  15   rms: 0.4250E-03   max: 0.4099E-02   D at   67  2
       a =-25.000      CL = -1.0861
      Cm = -0.0321     CD =  0.15357   =>   CDf =  0.00342    CDp =  0.15016

 Side 1 forced transition at x/c =  1.0001   56
 Side 2  free  transition at x/c =  0.0497   52

  16   rms: 0.3979E-04   max: 0.2728E-03   D at   67  2
       a =-25.000      CL = -1.0861
      Cm = -0.0321     CD =  0.15361   =>   CDf =  0.00342    CDp =  0.15019
 plradd ia,ip,cpol            1           0  9.07668099E-03

 Point added to stored polar  1
 Point written to save file  polar.txt                                       
 Dump file unspecified or not available
 Calculating wake trajectory ...
 Calculating source influence matrix ...

 Solving BL system ...

 Side 1 forced transition at x/c =  1.0001   56
 Side 2  free  transition at x/c =  0.0497   52

   1   rms: 0.8981E-01   max: -.5449E+00   D at   66  2   RLX: 0.292
       a =-24.000      CL = -1.0862
      Cm = -0.0351     CD =  0.14811   =>   CDf =  0.00340    CDp =  0.14471

 Side 1 forced transition at x/c =  1.0001   56
 Side 2  free  transition at x/c =  0.0506   52

   2   rms: 0.6018E-01   max: -.3369E+00   D at   67  2
       a =-24.000      CL = -1.0799
      Cm = -0.0416     CD =  0.13748   =>   CDf =  0.00361    CDp =  0.13387

 Side 1 forced transition at x/c =  1.0001   57
 Side 2  free  transition at x/c =  0.0523   51

   3   rms: 0.1414E-01   max: -.1046E+00   D at   66  2
       a =-24.000      CL = -1.0891
      Cm = -0.0415     CD =  0.13895   =>   CDf =  0.00362    CDp =  0.13533

 Side 1 forced transition at x/c =  1.0001   57
 Side 2  free  transition at x/c =  0.0524   51

   4   rms: 0.1899E-02   max: -.1022E-01   D at   66  2
       a =-24.000      CL = -1.0907
      Cm = -0.0415     CD =  0.13916   =>   CDf =  0.00362    CDp =  0.13553

 Side 1 forced transition at x/c =  1.0001   57
 Side 2  free  transition at x/c =  0.0524   51

   5   rms: 0.1284E-03   max: -.7354E-03   D at  122  2
       a =-24.000      CL = -1.0908
      Cm = -0.0415     CD =  0.13923   =>   CDf =  0.00363    CDp =  0.13560

 Side 1 forced transition at x/c =  1.0001   57
 Side 2  free  transition at x/c =  0.0524   51

   6   rms: 0.4726E-05   max: -.3220E-04   D at  122  2
       a =-24.000      CL = -1.0908
      Cm = -0.0415     CD =  0.13923   =>   CDf =  0.00363    CDp =  0.13560
 plradd ia,ip,cpol            2           0  1.10394033E-02

 Point added to stored polar  1
 Point written to save file  polar.txt                                       
 Dump file unspecified or not available
 Calculating wake trajectory ...
 Calculating source influence matrix ...

 Solving BL system ...

 Side 1 forced transition at x/c =  1.0001   57
 Side 2  free  transition at x/c =  0.0524   51

   1   rms: 0.9195E-01   max: -.5698E+00   D at   67  2   RLX: 0.317
       a =-23.000      CL = -1.0914
      Cm = -0.0445     CD =  0.13338   =>   CDf =  0.00361    CDp =  0.12978

 Side 1 forced transition at x/c =  1.0001   57
 Side 2  free  transition at x/c =  0.0533   52

   2   rms: 0.5722E-01   max: -.3009E+00   D at   67  2
       a =-23.000      CL = -1.0889
      Cm = -0.0500     CD =  0.12364   =>   CDf =  0.00365    CDp =  0.11999

 Side 1 forced transition at x/c =  1.0001   57
 Side 2  free  transition at x/c =  0.0561   52

   3   rms: 0.1809E-01   max: -.1198E+00   D at   69  2
       a =-23.000      CL = -1.1019
      Cm = -0.0503     CD =  0.12382   =>   CDf =  0.00367    CDp =  0.12015

 Side 1 forced transition at x/c =  1.0001   57
 Side 2  free  transition at x/c =  0.0555   52

   4   rms: 0.1255E-02   max: 0.7792E-02   D at   69  2
       a =-23.000      CL = -1.1030
      Cm = -0.0502     CD =  0.12421   =>   CDf =  0.00372    CDp =  0.12048

 Side 1 forced transition at x/c =  1.0001   57
 Side 2  free  transition at x/c =  0.0555   52

   5   rms: 0.6656E-04   max: -.5490E-03   D at  121  2
       a =-23.000      CL = -1.1030
      Cm = -0.0502     CD =  0.12424   =>   CDf =  0.00372    CDp =  0.12052
 plradd ia,ip,cpol            3           0  1.10394033E-02

 Point added to stored polar  1
 Point written to save file  polar.txt                                       
 Dump file unspecified or not available
 Calculating wake trajectory ...
 Calculating source influence matrix ...

 Solving BL system ...

 Side 1 forced transition at x/c =  1.0001   57
 Side 2  free  transition at x/c =  0.0555   52

   1   rms: 0.8870E-01   max: -.5124E+00   D at   69  2   RLX: 0.346
       a =-22.000      CL = -1.1031
      Cm = -0.0531     CD =  0.11828   =>   CDf =  0.00387    CDp =  0.11441

 Side 1 forced transition at x/c =  1.0001   58
 Side 2  free  transition at x/c =  0.0566   51

   2   rms: 0.6507E-01   max: -.3961E+00   D at   68  2
       a =-22.000      CL = -1.1099
      Cm = -0.0587     CD =  0.10714   =>   CDf =  0.00378    CDp =  0.10336

 Side 1 forced transition at x/c =  1.0001   58
 Side 2  free  transition at x/c =  0.0586   52

   3   rms: 0.1385E-01   max: -.1031E+00   D at   68  2
       a =-22.000      CL = -1.1226
      Cm = -0.0584     CD =  0.10798   =>   CDf =  0.00393    CDp =  0.10405

 Side 1 forced transition at x/c =  1.0001   58
 Side 2  free  transition at x/c =  0.0586   52

   4   rms: 0.9130E-03   max: -.8984E-02   D at  120  2
       a =-22.000      CL = -1.1233
      Cm = -0.0583     CD =  0.10834   =>   CDf =  0.00394    CDp =  0.10440

 Side 1 forced transition at x/c =  1.0001   58
 Side 2  free  transition at x/c =  0.0586   52

   5   rms: 0.6065E-04   max: 0.4088E-03   D at   70  2
       a =-22.000      CL = -1.1232
      Cm = -0.0583     CD =  0.10836   =>   CDf =  0.00394    CDp =  0.10441
 plradd ia,ip,cpol            4           0  1.10394033E-02

 Point added to stored polar  1
 Point written to save file  polar.txt                                       
 Dump file unspecified or not available
 Calculating wake trajectory ...
 Calculating source influence matrix ...

 Solving BL system ...

 Side 1 forced transition at x/c =  1.0001   58
 Side 2  free  transition at x/c =  0.0586   52

   1   rms: 0.1127E+00   max: -.7048E+00   D at   70  2   RLX: 0.394
       a =-21.000      CL = -1.1348
      Cm = -0.0620     CD =  0.09998   =>   CDf =  0.00392    CDp =  0.09606

 Side 1 forced transition at x/c =  1.0001   58
 Side 2  free  transition at x/c =  0.0601   52

   2   rms: 0.7653E-01   max: -.5022E+00   D at   70  2   RLX: 0.996
       a =-21.000      CL = -1.1601
      Cm = -0.0676     CD =  0.08778   =>   CDf =  0.00398    CDp =  0.08379

 Side 1 forced transition at x/c =  1.0001   58
 Side 2  free  transition at x/c =  0.0617   52

   3   rms: 0.1464E-01   max: 0.1230E+00   D at   73  2
       a =-21.000      CL = -1.1553
      Cm = -0.0658     CD =  0.09151   =>   CDf =  0.00419    CDp =  0.08732

 Side 1 forced transition at x/c =  1.0001   58
 Side 2  free  transition at x/c =  0.0617   52

   4   rms: 0.7802E-03   max: -.1039E-01   D at   73  2
       a =-21.000      CL = -1.1553
      Cm = -0.0658     CD =  0.09136   =>   CDf =  0.00415    CDp =  0.08721

 Side 1 forced transition at x/c =  1.0001   58
 Side 2  free  transition at x/c =  0.0617   52

   5   rms: 0.3290E-04   max: 0.2285E-03   D at  119  2
       a =-21.000      CL = -1.1553
      Cm = -0.0658     CD =  0.09135   =>   CDf =  0.00415    CDp =  0.08721
 plradd ia,ip,cpol            5           0  1.32038509E-02

 Point added to stored polar  1
 Point written to save file  polar.txt                                       
 Dump file unspecified or not available
 Calculating wake trajectory ...
 Calculating source influence matrix ...

 Solving BL system ...

 Side 1 forced transition at x/c =  1.0001   58
 Side 2  free  transition at x/c =  0.0617   52

   1   rms: 0.9765E-01   max: -.5511E+00   D at   72  2   RLX: 0.440
       a =-20.000      CL = -1.1581
      Cm = -0.0688     CD =  0.08420   =>   CDf =  0.00432    CDp =  0.07988

 Side 1 forced transition at x/c =  1.0001   59
 Side 2  free  transition at x/c =  0.0629   51

   2   rms: 0.1669E+01   max: -.2983E+02   T at    2  1   RLX: 0.017
       a =-20.000      CL = -1.1584
      Cm = -0.0689     CD =  0.08544   =>   CDf =  0.00427    CDp =  0.08117

 Side 1 forced transition at x/c =  1.0001   59
 Side 2  free  transition at x/c =  0.0630   51

   3   rms: 0.5553E-01   max: -.3061E+00   D at   71  2
       a =-20.000      CL = -1.1606
      Cm = -0.0718     CD =  0.07660   =>   CDf =  0.00427    CDp =  0.07233

 Side 1 forced transition at x/c =  1.0001   59
 Side 2  free  transition at x/c =  0.0650   52

   4   rms: 0.3329E-01   max: -.1566E+00   D at   72  2
       a =-20.000      CL = -1.1900
      Cm = -0.0726     CD =  0.07404   =>   CDf =  0.00435    CDp =  0.06969

 Side 1 forced transition at x/c =  1.0001   59
 Side 2  free  transition at x/c =  0.0648   52

   5   rms: 0.5646E-02   max: -.3354E-01   D at   72  2
       a =-20.000      CL = -1.1947
      Cm = -0.0726     CD =  0.07396   =>   CDf =  0.00441    CDp =  0.06955

 Side 1 forced transition at x/c =  1.0001   59
 Side 2  free  transition at x/c =  0.0647   52

   6   rms: 0.3859E-03   max: 0.5820E-02   D at   74  2
       a =-20.000      CL = -1.1947
      Cm = -0.0726     CD =  0.07407   =>   CDf =  0.00442    CDp =  0.06965

 Side 1 forced transition at x/c =  1.0001   59
 Side 2  free  transition at x/c =  0.0647   52

   7   rms: 0.4025E-04   max: 0.1833E-03   D at  119  2
       a =-20.000      CL = -1.1947
      Cm = -0.0726     CD =  0.07407   =>   CDf =  0.00442    CDp =  0.06965
 plradd ia,ip,cpol            6           0  1.32038509E-02

 Point added to stored polar  1
 Point written to save file  polar.txt                                       
 Dump file unspecified or not available
 Calculating wake trajectory ...
 Calculating source influence matrix ...

 Solving BL system ...

 Side 1 forced transition at x/c =  1.0001   59
 Side 2  free  transition at x/c =  0.0647   52

   1   rms: 0.1197E+00   max: -.6838E+00   D at   74  2   RLX: 0.525
       a =-19.000      CL = -1.2073
      Cm = -0.0759     CD =  0.06483   =>   CDf =  0.00441    CDp =  0.06042

 Side 1 forced transition at x/c =  1.0001   59
 Side 2  free  transition at x/c =  0.0667   52

   2   rms: 0.6583E-01   max: -.3945E+00   D at   74  2
       a =-19.000      CL = -1.2234
      Cm = -0.0785     CD =  0.05731   =>   CDf =  0.00453    CDp =  0.05278

 Side 1 forced transition at x/c =  1.0001   59
 Side 2  free  transition at x/c =  0.0681   52

   3   rms: 0.7071E-02   max: 0.7362E-01   D at   77  2
       a =-19.000      CL = -1.2212
      Cm = -0.0775     CD =  0.05910   =>   CDf =  0.00471    CDp =  0.05439

 Side 1 forced transition at x/c =  1.0001   59
 Side 2  free  transition at x/c =  0.0681   52

   4   rms: 0.6827E-03   max: 0.6574E-02   D at   77  2
       a =-19.000      CL = -1.2207
      Cm = -0.0775     CD =  0.05911   =>   CDf =  0.00469    CDp =  0.05442

 Side 1 forced transition at x/c =  1.0001   59
 Side 2  free  transition at x/c =  0.0681   52

   5   rms: 0.4608E-04   max: 0.1811E-03   D at  116  2
       a =-19.000      CL = -1.2207
      Cm = -0.0775     CD =  0.05911   =>   CDf =  0.00468    CDp =  0.05442
 plradd ia,ip,cpol            7           0  1.32038509E-02

 Point added to stored polar  1
 Point written to save file  polar.txt                                       
 Dump file unspecified or not available
 Calculating wake trajectory ...
 Calculating source influence matrix ...

 Solving BL system ...

 Side 1 forced transition at x/c =  1.0001   59
 Side 2  free  transition at x/c =  0.0681   52

   1   rms: 0.1077E+00   max: -.5208E+00   D at   77  2   RLX: 0.600
       a =-18.000      CL = -1.2155
      Cm = -0.0797     CD =  0.05188   =>   CDf =  0.00488    CDp =  0.04700

 Side 1 forced transition at x/c =  1.0001   60
 Side 2  free  transition at x/c =  0.0703   52

   2   rms: 0.8159E-01   max: -.4653E+00   D at   78  2
       a =-18.000      CL = -1.2494
      Cm = -0.0819     CD =  0.04354   =>   CDf =  0.00481    CDp =  0.03874

 Side 1 forced transition at x/c =  1.0001   60
 Side 2  free  transition at x/c =  0.0719   52

   3   rms: 0.1274E-01   max: 0.1087E+00   D at   80  2
       a =-18.000      CL = -1.2419
      Cm = -0.0807     CD =  0.04576   =>   CDf =  0.00496    CDp =  0.04079

 Side 1 forced transition at x/c =  1.0001   60
 Side 2  free  transition at x/c =  0.0718   52

   4   rms: 0.1026E-02   max: 0.1403E-01   D at   80  2
       a =-18.000      CL = -1.2413
      Cm = -0.0807     CD =  0.04574   =>   CDf =  0.00493    CDp =  0.04081

 Side 1 forced transition at x/c =  1.0001   60
 Side 2  free  transition at x/c =  0.0718   52

   5   rms: 0.7948E-04   max: 0.5930E-03   D at   80  2
       a =-18.000      CL = -1.2412
      Cm = -0.0807     CD =  0.04574   =>   CDf =  0.00493    CDp =  0.04082
 plradd ia,ip,cpol            8           0  1.32038509E-02

 Point added to stored polar  1
 Point written to save file  polar.txt                                       
 Dump file unspecified or not available
 Calculating wake trajectory ...
 Calculating source influence matrix ...

 Solving BL system ...

 Side 1 forced transition at x/c =  1.0001   60
 Side 2  free  transition at x/c =  0.0718   52

   1   rms: 0.1200E+00   max: -.5600E+00   D at   79  2   RLX: 0.731
       a =-17.000      CL = -1.2363
      Cm = -0.0821     CD =  0.03784   =>   CDf =  0.00491    CDp =  0.03292

 Side 1 forced transition at x/c =  1.0001   60
 Side 2  free  transition at x/c =  0.0744   52

   2   rms: 0.3456E-01   max: -.1994E+00   D at   80  2
       a =-17.000      CL = -1.2267
      Cm = -0.0813     CD =  0.03696   =>   CDf =  0.00511    CDp =  0.03185

 Side 1 forced transition at x/c =  1.0001   60
 Side 2  free  transition at x/c =  0.0757   53

   3   rms: 0.9762E-02   max: -.5812E-01   D at   80  2
       a =-17.000      CL = -1.2341
      Cm = -0.0810     CD =  0.03657   =>   CDf =  0.00515    CDp =  0.03143

 Side 1 forced transition at x/c =  1.0001   60
 Side 2  free  transition at x/c =  0.0759   53

   4   rms: 0.3738E-03   max: -.4574E-02   D at   53  2
       a =-17.000      CL = -1.2343
      Cm = -0.0810     CD =  0.03661   =>   CDf =  0.00515    CDp =  0.03146

 Side 1 forced transition at x/c =  1.0001   60
 Side 2  free  transition at x/c =  0.0759   53

   5   rms: 0.1064E-04   max: 0.5061E-04   D at  115  2
       a =-17.000      CL = -1.2343
      Cm = -0.0810     CD =  0.03661   =>   CDf =  0.00515    CDp =  0.03146
 plradd ia,ip,cpol            9           0  1.55727854E-02

 Point added to stored polar  1
 Point written to save file  polar.txt                                       
 Dump file unspecified or not available
 Calculating wake trajectory ...
 Calculating source influence matrix ...

 Solving BL system ...

 Side 1 forced transition at x/c =  1.0001   60
 Side 2  free  transition at x/c =  0.0759   53

   1   rms: 0.1379E+00   max: 0.6428E+00   C at   60  1   RLX: 0.784
       a =-16.000      CL = -1.2405
      Cm = -0.0797     CD =  0.02865   =>   CDf =  0.00534    CDp =  0.02330

 Side 1 forced transition at x/c =  1.0001   61
 Side 2  free  transition at x/c =  0.0805   52

   2   rms: 0.3485E-01   max: 0.4354E+00   C at   61  1
       a =-16.000      CL = -1.2334
      Cm = -0.0764     CD =  0.02948   =>   CDf =  0.00528    CDp =  0.02420

 Side 1 forced transition at x/c =  1.0001   61
 Side 2  free  transition at x/c =  0.0807   52

   3   rms: 0.7931E-02   max: 0.9091E-01   C at   61  1
       a =-16.000      CL = -1.2377
      Cm = -0.0756     CD =  0.02961   =>   CDf =  0.00529    CDp =  0.02432

 Side 1 forced transition at x/c =  1.0001   61
 Side 2  free  transition at x/c =  0.0806   52

   4   rms: 0.1160E-02   max: 0.1015E-01   C at   61  1
       a =-16.000      CL = -1.2385
      Cm = -0.0755     CD =  0.02960   =>   CDf =  0.00529    CDp =  0.02431

 Side 1 forced transition at x/c =  1.0001   61
 Side 2  free  transition at x/c =  0.0806   52

   5   rms: 0.9163E-04   max: 0.4577E-03   C at   61  1
       a =-16.000      CL = -1.2385
      Cm = -0.0755     CD =  0.02960   =>   CDf =  0.00529    CDp =  0.02431
 plradd ia,ip,cpol           10           0  1.55727854E-02

 Point added to stored polar  1
 Point written to save file  polar.txt                                       
 Dump file unspecified or not available
 Calculating wake trajectory ...
 Calculating source influence matrix ...

 Solving BL system ...

 Side 1 forced transition at x/c =  1.0001   61
 Side 2  free  transition at x/c =  0.0806   52

   1   rms: 0.1223E+00   max: 0.7665E+00   C at   61  1
       a =-15.000      CL = -1.2376
      Cm = -0.0662     CD =  0.02443   =>   CDf =  0.00548    CDp =  0.01895

 Side 1 forced transition at x/c =  1.0001   62
 Side 2  free  transition at x/c =  0.0851   52

   2   rms: 0.5140E-01   max: 0.4443E+00   D at   57  1
       a =-15.000      CL = -1.2658
      Cm = -0.0613     CD =  0.02511   =>   CDf =  0.00544    CDp =  0.01967

 Side 1  free  transition at x/c =  0.9715   60
 Side 2  free  transition at x/c =  0.0847   52

   3   rms: 0.1424E+00   max: -.2016E+01   T at   60  1   RLX: 0.248
       a =-15.000      CL = -1.2363
      Cm = -0.0667     CD =  0.02691   =>   CDf =  0.00543    CDp =  0.02148

 Side 1  free  transition at x/c =  0.9847   61
 Side 2  free  transition at x/c =  0.0855   52

   4   rms: 0.5687E-01   max: -.7499E+00   T at   61  1   RLX: 0.667
       a =-15.000      CL = -1.2123
      Cm = -0.0716     CD =  0.02481   =>   CDf =  0.00542    CDp =  0.01939

 Side 1  free  transition at x/c =  0.9994   62
 Side 2  free  transition at x/c =  0.0861   52

   5   rms: 0.9460E-02   max: 0.1214E+00   D at   61  1
       a =-15.000      CL = -1.2135
      Cm = -0.0711     CD =  0.02452   =>   CDf =  0.00541    CDp =  0.01911

 Side 1  free  transition at x/c =  0.9974   62
 Side 2  free  transition at x/c =  0.0861   52

   6   rms: 0.4584E-03   max: 0.6527E-02   T at   62  1
       a =-15.000      CL = -1.2135
      Cm = -0.0711     CD =  0.02454   =>   CDf =  0.00540    CDp =  0.01913

 Side 1  free  transition at x/c =  0.9973   62
 Side 2  free  transition at x/c =  0.0861   52

   7   rms: 0.1026E-04   max: -.5778E-04   D at  110  2
       a =-15.000      CL = -1.2135
      Cm = -0.0711     CD =  0.02454   =>   CDf =  0.00540    CDp =  0.01914
 plradd ia,ip,cpol           11           0  1.81495845E-02

 Point added to stored polar  1
 Point written to save file  polar.txt                                       
 Dump file unspecified or not available
 Calculating wake trajectory ...
 Calculating source influence matrix ...

 Solving BL system ...

 Side 1  free  transition at x/c =  0.9973   62
 Side 2  free  transition at x/c =  0.0861   52

   1   rms: 0.1367E+00   max: 0.3862E+00   D at   52  2
       a =-14.000      CL = -1.1164
      Cm = -0.0768     CD =  0.02033   =>   CDf =  0.00559    CDp =  0.01474

 Side 1  free  transition at x/c =  0.9896   62
 Side 2  free  transition at x/c =  0.0936   52

   2   rms: 0.1238E-01   max: -.1229E+00   D at   63  1
       a =-14.000      CL = -1.1128
      Cm = -0.0770     CD =  0.02054   =>   CDf =  0.00548    CDp =  0.01506

 Side 1  free  transition at x/c =  0.9926   63
 Side 2  free  transition at x/c =  0.0947   52

   3   rms: 0.6687E-02   max: 0.1015E+00   D at   63  1
       a =-14.000      CL = -1.1136
      Cm = -0.0768     CD =  0.02059   =>   CDf =  0.00547    CDp =  0.01512

 Side 1  free  transition at x/c =  0.9915   63
 Side 2  free  transition at x/c =  0.0946   52

   4   rms: 0.2459E-03   max: -.5342E-02   D at   63  1
       a =-14.000      CL = -1.1136
      Cm = -0.0768     CD =  0.02059   =>   CDf =  0.00547    CDp =  0.01513

 Side 1  free  transition at x/c =  0.9916   63
 Side 2  free  transition at x/c =  0.0946   52

   5   rms: 0.6936E-05   max: 0.3463E-04   D at  108  2
       a =-14.000      CL = -1.1136
      Cm = -0.0768     CD =  0.02059   =>   CDf =  0.00547    CDp =  0.01513
 plradd ia,ip,cpol           12           0  1.81495845E-02

 Point added to stored polar  1
 Point written to save file  polar.txt                                       
 Dump file unspecified or not available
 Calculating wake trajectory ...
 Calculating source influence matrix ...

 Solving BL system ...

 Side 1  free  transition at x/c =  0.9916   63
 Side 2  free  transition at x/c =  0.0946   52

   1   rms: 0.1412E+00   max: 0.3462E+00   D at   52  2
       a =-13.000      CL = -0.9984
      Cm = -0.0834     CD =  0.01753   =>   CDf =  0.00582    CDp =  0.01171

 Side 1  free  transition at x/c =  0.9872   64
 Side 2  free  transition at x/c =  0.1039   51

   2   rms: 0.2253E-01   max: 0.2008E+00   T at   64  1
       a =-13.000      CL = -1.0128
      Cm = -0.0800     CD =  0.01769   =>   CDf =  0.00553    CDp =  0.01216

 Side 1  free  transition at x/c =  0.9776   64
 Side 2  free  transition at x/c =  0.1045   51

   3   rms: 0.1126E-01   max: -.1608E+00   D at   64  1
       a =-13.000      CL = -1.0094
      Cm = -0.0807     CD =  0.01766   =>   CDf =  0.00551    CDp =  0.01216

 Side 1  free  transition at x/c =  0.9807   64
 Side 2  free  transition at x/c =  0.1044   51

   4   rms: 0.1353E-02   max: -.2370E-01   D at   64  1
       a =-13.000      CL = -1.0104
      Cm = -0.0805     CD =  0.01768   =>   CDf =  0.00551    CDp =  0.01217

 Side 1  free  transition at x/c =  0.9803   64
 Side 2  free  transition at x/c =  0.1044   51

   5   rms: 0.5793E-04   max: -.1036E-02   D at   64  1
       a =-13.000      CL = -1.0104
      Cm = -0.0805     CD =  0.01768   =>   CDf =  0.00551    CDp =  0.01217
 plradd ia,ip,cpol           13           0  2.09384225E-02

 Point added to stored polar  1
 Point written to save file  polar.txt                                       
 Dump file unspecified or not available
 Calculating wake trajectory ...
 Calculating source influence matrix ...

 Solving BL system ...

 Side 1  free  transition at x/c =  0.9803   64
 Side 2  free  transition at x/c =  0.1044   51

   1   rms: 0.1397E+00   max: 0.4636E+00   C at   51  2
       a =-12.000      CL = -0.8946
      Cm = -0.0845     CD =  0.01574   =>   CDf =  0.00567    CDp =  0.01007

 Side 1  free  transition at x/c =  0.9666   64
 Side 2  free  transition at x/c =  0.1156   52

   2   rms: 0.3224E-01   max: -.2914E+00   D at   64  1
       a =-12.000      CL = -0.9297
      Cm = -0.0781     CD =  0.01537   =>   CDf =  0.00551    CDp =  0.00986

 Side 1  free  transition at x/c =  0.9559   63
 Side 2  free  transition at x/c =  0.1156   52

   3   rms: 0.7247E-02   max: -.1201E+00   D at   63  1
       a =-12.000      CL = -0.9321
      Cm = -0.0775     CD =  0.01544   =>   CDf =  0.00554    CDp =  0.00990

 Side 1  free  transition at x/c =  0.9554   63
 Side 2  free  transition at x/c =  0.1152   52

   4   rms: 0.3935E-03   max: -.3795E-02   D at   65  1
       a =-12.000      CL = -0.9320
      Cm = -0.0775     CD =  0.01545   =>   CDf =  0.00554    CDp =  0.00990

 Side 1  free  transition at x/c =  0.9552   63
 Side 2  free  transition at x/c =  0.1152   52

   5   rms: 0.4959E-05   max: -.3039E-04   D at  103  2
       a =-12.000      CL = -0.9320
      Cm = -0.0775     CD =  0.01545   =>   CDf =  0.00554    CDp =  0.00990
 plradd ia,ip,cpol           14           0  2.39442755E-02

 Point added to stored polar  1
 Point written to save file  polar.txt                                       
 Dump file unspecified or not available
 Calculating wake trajectory ...
 Calculating source influence matrix ...

 Solving BL system ...

 Side 1  free  transition at x/c =  0.9552   63
 Side 2  free  transition at x/c =  0.1152   52

   1   rms: 0.1312E+00   max: 0.6483E+00   D at   52  2
       a =-11.000      CL = -0.8753
      Cm = -0.0699     CD =  0.01328   =>   CDf =  0.00571    CDp =  0.00757

 Side 1  free  transition at x/c =  0.9184   62
 Side 2  free  transition at x/c =  0.1235   52

   2   rms: 0.3903E-01   max: 0.4554E+00   D at   63  1
       a =-11.000      CL = -0.8661
      Cm = -0.0707     CD =  0.01367   =>   CDf =  0.00575    CDp =  0.00792

 Side 1  free  transition at x/c =  0.9233   62
 Side 2  free  transition at x/c =  0.1308   52

   3   rms: 0.1646E-01   max: -.2671E+00   C at   52  2
       a =-11.000      CL = -0.8636
      Cm = -0.0711     CD =  0.01370   =>   CDf =  0.00559    CDp =  0.00810

 Side 1  free  transition at x/c =  0.9227   62
 Side 2  free  transition at x/c =  0.1274   52

   4   rms: 0.2801E-02   max: 0.1527E-01   D at   92  2
       a =-11.000      CL = -0.8608
      Cm = -0.0715     CD =  0.01382   =>   CDf =  0.00561    CDp =  0.00821

 Side 1  free  transition at x/c =  0.9231   62
 Side 2  free  transition at x/c =  0.1275   52

   5   rms: 0.3259E-04   max: 0.4742E-03   D at   92  2
       a =-11.000      CL = -0.8608
      Cm = -0.0715     CD =  0.01382   =>   CDf =  0.00561    CDp =  0.00821
 plradd ia,ip,cpol           15           0  2.71737445E-02

 Point added to stored polar  1
 Point written to save file  polar.txt                                       
 Dump file unspecified or not available
 Calculating wake trajectory ...
 Calculating source influence matrix ...

 Solving BL system ...

 Side 1  free  transition at x/c =  0.9231   62
 Side 2  free  transition at x/c =  0.1275   52

   1   rms: 0.1291E+00   max: 0.5824E+00   D at   52  2
       a =-10.000      CL = -0.7843
      Cm = -0.0663     CD =  0.01241   =>   CDf =  0.00576    CDp =  0.00664

 Side 1  free  transition at x/c =  0.8842   61
 Side 2  free  transition at x/c =  0.1380   52

   2   rms: 0.2209E-01   max: 0.3170E+00   D at   62  1
       a =-10.000      CL = -0.7805
      Cm = -0.0664     CD =  0.01258   =>   CDf =  0.00578    CDp =  0.00680

 Side 1  free  transition at x/c =  0.8899   62
 Side 2  free  transition at x/c =  0.1417   52

   3   rms: 0.2473E-02   max: -.3889E-01   C at   52  2
       a =-10.000      CL = -0.7798
      Cm = -0.0665     CD =  0.01261   =>   CDf =  0.00569    CDp =  0.00692

 Side 1  free  transition at x/c =  0.8890   62
 Side 2  free  transition at x/c =  0.1419   52

   4   rms: 0.3199E-04   max: -.3286E-03   D at   63  1
       a =-10.000      CL = -0.7798
      Cm = -0.0665     CD =  0.01261   =>   CDf =  0.00569    CDp =  0.00692
 plradd ia,ip,cpol           16           0  2.71737445E-02

 Point added to stored polar  1
 Point written to save file  polar.txt                                       
 Dump file unspecified or not available
 Calculating wake trajectory ...
 Calculating source influence matrix ...

 Solving BL system ...

 Side 1  free  transition at x/c =  0.8890   62
 Side 2  free  transition at x/c =  0.1419   52

   1   rms: 0.1302E+00   max: -.7014E+00   D at   62  1   RLX: 0.713
       a = -9.000      CL = -0.7164
      Cm = -0.0636     CD =  0.01204   =>   CDf =  0.00584    CDp =  0.00620

 Side 1  free  transition at x/c =  0.8648   61
 Side 2  free  transition at x/c =  0.1531   52

   2   rms: 0.4014E-01   max: 0.3058E+00   D at   62  1
       a = -9.000      CL = -0.6976
      Cm = -0.0612     CD =  0.01175   =>   CDf =  0.00588    CDp =  0.00587

 Side 1  free  transition at x/c =  0.8531   62
 Side 2  free  transition at x/c =  0.1574   52

   3   rms: 0.5634E-02   max: 0.5596E-01   D at   52  2
       a = -9.000      CL = -0.6956
      Cm = -0.0616     CD =  0.01170   =>   CDf =  0.00577    CDp =  0.00592

 Side 1  free  transition at x/c =  0.8542   62
 Side 2  free  transition at x/c =  0.1590   52

   4   rms: 0.6721E-03   max: -.7722E-02   D at   52  2
       a = -9.000      CL = -0.6955
      Cm = -0.0616     CD =  0.01170   =>   CDf =  0.00574    CDp =  0.00596

 Side 1  free  transition at x/c =  0.8542   62
 Side 2  free  transition at x/c =  0.1588   52

   5   rms: 0.5915E-05   max: -.3616E-04   D at   53  2
       a = -9.000      CL = -0.6955
      Cm = -0.0616     CD =  0.01170   =>   CDf =  0.00574    CDp =  0.00596
 plradd ia,ip,cpol           17           0  3.43358330E-02

 Point added to stored polar  1
 Point written to save file  polar.txt                                       
 Dump file unspecified or not available
 Calculating wake trajectory ...
 Calculating source influence matrix ...

 Solving BL system ...

 Side 1  free  transition at x/c =  0.8542   62
 Side 2  free  transition at x/c =  0.1588   52

   1   rms: 0.1381E+00   max: 0.8101E+00   D at   52  2
       a = -8.000      CL = -0.6062
      Cm = -0.0578     CD =  0.01068   =>   CDf =  0.00588    CDp =  0.00481

 Side 1  free  transition at x/c =  0.8178   61
 Side 2  free  transition at x/c =  0.1686   52

   2   rms: 0.4867E-01   max: -.5023E+00   D at   51  2   RLX: 0.995
       a = -8.000      CL = -0.6045
      Cm = -0.0579     CD =  0.01078   =>   CDf =  0.00597    CDp =  0.00481

 Side 1  free  transition at x/c =  0.8197   61
 Side 2  free  transition at x/c =  0.1927   53

   3   rms: 0.3385E-01   max: -.6090E+00   C at   53  2   RLX: 0.821
       a = -8.000      CL = -0.6065
      Cm = -0.0578     CD =  0.01067   =>   CDf =  0.00572    CDp =  0.00495

 Side 1  free  transition at x/c =  0.8189   61
 Side 2  free  transition at x/c =  0.1808   53

   4   rms: 0.1029E-01   max: -.1195E+00   D at   53  2
       a = -8.000      CL = -0.5983
      Cm = -0.0589     CD =  0.01101   =>   CDf =  0.00579    CDp =  0.00522

 Side 1  free  transition at x/c =  0.8191   61
 Side 2  free  transition at x/c =  0.1781   52

   5   rms: 0.4555E-02   max: -.7222E-01   C at   52  2
       a = -8.000      CL = -0.5997
      Cm = -0.0587     CD =  0.01094   =>   CDf =  0.00580    CDp =  0.00514

 Side 1  free  transition at x/c =  0.8190   61
 Side 2  free  transition at x/c =  0.1787   52

   6   rms: 0.5235E-04   max: -.7905E-03   D at   53  2
       a = -8.000      CL = -0.5997
      Cm = -0.0587     CD =  0.01094   =>   CDf =  0.00580    CDp =  0.00515
 plradd ia,ip,cpol           18           0  3.82891819E-02

 Point added to stored polar  1
 Point written to save file  polar.txt                                       
 Dump file unspecified or not available
 Calculating wake trajectory ...
 Calculating source influence matrix ...

 Solving BL system ...

 Side 1  free  transition at x/c =  0.8190   61
 Side 2  free  transition at x/c =  0.1787   52

   1   rms: 0.1304E+00   max: 0.4096E+00   D at   52  2
       a = -7.000      CL = -0.4964
      Cm = -0.0570     CD =  0.01039   =>   CDf =  0.00591    CDp =  0.00448

 Side 1  free  transition at x/c =  0.7765   60
 Side 2  free  transition at x/c =  0.1973   53

   2   rms: 0.1812E-01   max: 0.2319E+00   D at   61  1
       a = -7.000      CL = -0.5014
      Cm = -0.0561     CD =  0.01030   =>   CDf =  0.00594    CDp =  0.00436

 Side 1  free  transition at x/c =  0.7794   61
 Side 2  free  transition at x/c =  0.2031   53

   3   rms: 0.3912E-02   max: 0.5413E-01   C at   53  2
       a = -7.000      CL = -0.5007
      Cm = -0.0562     CD =  0.01031   =>   CDf =  0.00585    CDp =  0.00446

 Side 1  free  transition at x/c =  0.7797   61
 Side 2  free  transition at x/c =  0.2017   53

   4   rms: 0.1529E-03   max: -.1966E-02   D at   61  1
       a = -7.000      CL = -0.5007
      Cm = -0.0562     CD =  0.01031   =>   CDf =  0.00585    CDp =  0.00446

 Side 1  free  transition at x/c =  0.7796   61
 Side 2  free  transition at x/c =  0.2017   53

   5   rms: 0.1878E-05   max: -.1874E-04   D at   61  1
       a = -7.000      CL = -0.5007
      Cm = -0.0562     CD =  0.01031   =>   CDf =  0.00585    CDp =  0.00446
 plradd ia,ip,cpol           19           0  4.25076224E-02

 Point added to stored polar  1
 Point written to save file  polar.txt                                       
 Dump file unspecified or not available
 Calculating wake trajectory ...
 Calculating source influence matrix ...

 Solving BL system ...

 Side 1  free  transition at x/c =  0.7796   61
 Side 2  free  transition at x/c =  0.2017   53

   1   rms: 0.1424E+00   max: -.7765E+00   D at   61  1   RLX: 0.644
       a = -6.000      CL = -0.4371
      Cm = -0.0545     CD =  0.01003   =>   CDf =  0.00595    CDp =  0.00408

 Side 1  free  transition at x/c =  0.7525   60
 Side 2  free  transition at x/c =  0.2100   53

   2   rms: 0.6551E-01   max: -.3913E+00   C at   53  2
       a = -6.000      CL = -0.4027
      Cm = -0.0535     CD =  0.00960   =>   CDf =  0.00609    CDp =  0.00351

 Side 1  free  transition at x/c =  0.7371   61
 Side 2  free  transition at x/c =  0.2446   54

   3   rms: 0.3839E-01   max: -.6273E+00   D at   54  2   RLX: 0.797
       a = -6.000      CL = -0.3990
      Cm = -0.0542     CD =  0.00985   =>   CDf =  0.00582    CDp =  0.00403

 Side 1  free  transition at x/c =  0.7388   61
 Side 2  free  transition at x/c =  0.2315   53

   4   rms: 0.1273E-01   max: -.2248E+00   D at   54  2
       a = -6.000      CL = -0.3984
      Cm = -0.0542     CD =  0.00981   =>   CDf =  0.00586    CDp =  0.00395

 Side 1  free  transition at x/c =  0.7391   61
 Side 2  free  transition at x/c =  0.2271   53

   5   rms: 0.1227E-02   max: -.1798E-01   D at   54  2
       a = -6.000      CL = -0.3979
      Cm = -0.0542     CD =  0.00983   =>   CDf =  0.00590    CDp =  0.00393

 Side 1  free  transition at x/c =  0.7391   61
 Side 2  free  transition at x/c =  0.2267   53

   6   rms: 0.2478E-04   max: -.4139E-03   D at   53  2
       a = -6.000      CL = -0.3979
      Cm = -0.0543     CD =  0.00983   =>   CDf =  0.00590    CDp =  0.00393
 plradd ia,ip,cpol           20           0  4.70064916E-02

 Point added to stored polar  1
 Point written to save file  polar.txt                                       
 Dump file unspecified or not available
 Calculating wake trajectory ...
 Calculating source influence matrix ...

 Solving BL system ...

 Side 1  free  transition at x/c =  0.7391   61
 Side 2  free  transition at x/c =  0.2267   53

   1   rms: 0.1468E+00   max: 0.8315E+00   D at   53  2   RLX: 0.650
       a = -5.000      CL = -0.3352
      Cm = -0.0523     CD =  0.00947   =>   CDf =  0.00598    CDp =  0.00349

 Side 1  free  transition at x/c =  0.7113   60
 Side 2  free  transition at x/c =  0.2449   53

   2   rms: 0.5383E-01   max: 0.2842E+00   D at   53  2
       a = -5.000      CL = -0.2949
      Cm = -0.0524     CD =  0.00935   =>   CDf =  0.00595    CDp =  0.00340

 Side 1  free  transition at x/c =  0.6954   60
 Side 2  free  transition at x/c =  0.2554   53

   3   rms: 0.4123E-02   max: -.4988E-01   C at   60  1
       a = -5.000      CL = -0.2947
      Cm = -0.0524     CD =  0.00943   =>   CDf =  0.00594    CDp =  0.00349

 Side 1  free  transition at x/c =  0.6972   60
 Side 2  free  transition at x/c =  0.2558   53

   4   rms: 0.1015E-03   max: -.1875E-02   D at   61  1
       a = -5.000      CL = -0.2947
      Cm = -0.0524     CD =  0.00943   =>   CDf =  0.00592    CDp =  0.00350

 Side 1  free  transition at x/c =  0.6972   60
 Side 2  free  transition at x/c =  0.2558   53

   5   rms: 0.8550E-06   max: 0.8452E-05   D at    4  2
       a = -5.000      CL = -0.2947
      Cm = -0.0524     CD =  0.00943   =>   CDf =  0.00592    CDp =  0.00350
 plradd ia,ip,cpol           21           0  5.69189638E-02

 Point added to stored polar  1
 Point written to save file  polar.txt                                       
 Dump file unspecified or not available
 Calculating wake trajectory ...
 Calculating source influence matrix ...

 Solving BL system ...

 Side 1  free  transition at x/c =  0.6972   60
 Side 2  free  transition at x/c =  0.2558   53

   1   rms: 0.1396E+00   max: 0.7464E+00   C at   60  1   RLX: 0.725
       a = -4.000      CL = -0.2183
      Cm = -0.0512     CD =  0.00934   =>   CDf =  0.00602    CDp =  0.00332

 Side 1  free  transition at x/c =  0.6655   60
 Side 2  free  transition at x/c =  0.2732   52

   2   rms: 0.4390E-01   max: -.2778E+00   T at    2  1
       a = -4.000      CL = -0.1877
      Cm = -0.0511     CD =  0.00923   =>   CDf =  0.00603    CDp =  0.00320

 Side 1  free  transition at x/c =  0.6545   60
 Side 2  free  transition at x/c =  0.2855   53

   3   rms: 0.4536E-02   max: -.5381E-01   C at   53  2
       a = -4.000      CL = -0.1904
      Cm = -0.0506     CD =  0.00913   =>   CDf =  0.00597    CDp =  0.00316

 Side 1  free  transition at x/c =  0.6552   60
 Side 2  free  transition at x/c =  0.2873   53

   4   rms: 0.5474E-04   max: -.8424E-03   D at   53  2
       a = -4.000      CL = -0.1903
      Cm = -0.0506     CD =  0.00913   =>   CDf =  0.00595    CDp =  0.00318
 plradd ia,ip,cpol           22           0  6.81988150E-02

 Point added to stored polar  1
 Point written to save file  polar.txt                                       
 Dump file unspecified or not available
 Calculating wake trajectory ...
 Calculating source influence matrix ...

 Solving BL system ...

 Side 1  free  transition at x/c =  0.6552   60
 Side 2  free  transition at x/c =  0.2873   53

   1   rms: 0.1438E+00   max: 0.7651E+00   C at   60  1   RLX: 0.728
       a = -3.000      CL = -0.1142
      Cm = -0.0493     CD =  0.00897   =>   CDf =  0.00599    CDp =  0.00298

 Side 1  free  transition at x/c =  0.6229   60
 Side 2  free  transition at x/c =  0.3048   53

   2   rms: 0.4460E-01   max: -.3027E+00   C at   53  2
       a = -3.000      CL = -0.0874
      Cm = -0.0486     CD =  0.00898   =>   CDf =  0.00608    CDp =  0.00290

 Side 1  free  transition at x/c =  0.6117   60
 Side 2  free  transition at x/c =  0.3148   52

   3   rms: 0.1007E-01   max: -.1483E+00   C at   52  2
       a = -3.000      CL = -0.0841
      Cm = -0.0491     CD =  0.00901   =>   CDf =  0.00606    CDp =  0.00295

 Side 1  free  transition at x/c =  0.6140   60
 Side 2  free  transition at x/c =  0.3195   53

   4   rms: 0.4003E-02   max: -.3918E-01   C at   53  2
       a = -3.000      CL = -0.0852
      Cm = -0.0490     CD =  0.00894   =>   CDf =  0.00600    CDp =  0.00294

 Side 1  free  transition at x/c =  0.6140   60
 Side 2  free  transition at x/c =  0.3215   53

   5   rms: 0.4254E-03   max: -.6349E-02   D at   53  2
       a = -3.000      CL = -0.0852
      Cm = -0.0490     CD =  0.00894   =>   CDf =  0.00598    CDp =  0.00296

 Side 1  free  transition at x/c =  0.6140   60
 Side 2  free  transition at x/c =  0.3213   53

   6   rms: 0.2583E-05   max: -.2477E-04   D at   53  2
       a = -3.000      CL = -0.0852
      Cm = -0.0490     CD =  0.00894   =>   CDf =  0.00598    CDp =  0.00296
 plradd ia,ip,cpol           23           0  8.10635760E-02

 Point added to stored polar  1
 Point written to save file  polar.txt                                       
 Dump file unspecified or not available
 Calculating wake trajectory ...
 Calculating source influence matrix ...

 Solving BL system ...

 Side 1  free  transition at x/c =  0.6140   60
 Side 2  free  transition at x/c =  0.3213   53

   1   rms: 0.1464E+00   max: 0.9247E+00   D at   53  2   RLX: 0.939
       a = -2.000      CL =  0.0126
      Cm = -0.0473     CD =  0.00864   =>   CDf =  0.00600    CDp =  0.00264

 Side 1  free  transition at x/c =  0.5761   59
 Side 2  free  transition at x/c =  0.3363   53

   2   rms: 0.4862E-01   max: -.5403E+00   D at   52  2   RLX: 0.925
       a = -2.000      CL =  0.0178
      Cm = -0.0470     CD =  0.00877   =>   CDf =  0.00623    CDp =  0.00254

 Side 1  free  transition at x/c =  0.5757   59
 Side 2  free  transition at x/c =  0.3831   55

   3   rms: 0.3441E-01   max: -.5090E+00   D at   55  2   RLX: 0.982
       a = -2.000      CL =  0.0209
      Cm = -0.0475     CD =  0.00889   =>   CDf =  0.00591    CDp =  0.00298

 Side 1  free  transition at x/c =  0.5749   59
 Side 2  free  transition at x/c =  0.3612   54

   4   rms: 0.8975E-02   max: -.1448E+00   D at   55  2
       a = -2.000      CL =  0.0200
      Cm = -0.0473     CD =  0.00883   =>   CDf =  0.00600    CDp =  0.00284

 Side 1  free  transition at x/c =  0.5750   59
 Side 2  free  transition at x/c =  0.3591   54

   5   rms: 0.4245E-03   max: -.6673E-02   D at   55  2
       a = -2.000      CL =  0.0200
      Cm = -0.0473     CD =  0.00883   =>   CDf =  0.00601    CDp =  0.00283

 Side 1  free  transition at x/c =  0.5750   59
 Side 2  free  transition at x/c =  0.3589   54

   6   rms: 0.2999E-05   max: -.4685E-04   D at   54  2
       a = -2.000      CL =  0.0200
      Cm = -0.0473     CD =  0.00883   =>   CDf =  0.00601    CDp =  0.00282
 plradd ia,ip,cpol           24           0  8.81716311E-02

 Point added to stored polar  1
 Point written to save file  polar.txt                                       
 Dump file unspecified or not available
 Calculating wake trajectory ...
 Calculating source influence matrix ...

 Solving BL system ...

 Side 1  free  transition at x/c =  0.5750   59
 Side 2  free  transition at x/c =  0.3589   54

   1   rms: 0.1453E+00   max: 0.9630E+00   D at   54  2
       a = -1.000      CL =  0.1258
      Cm = -0.0459     CD =  0.00842   =>   CDf =  0.00600    CDp =  0.00242

 Side 1  free  transition at x/c =  0.5368   60
 Side 2  free  transition at x/c =  0.3808   53

   2   rms: 0.4438E-01   max: -.5335E+00   D at   52  2   RLX: 0.937
       a = -1.000      CL =  0.1241
      Cm = -0.0455     CD =  0.00870   =>   CDf =  0.00622    CDp =  0.00248

 Side 1  free  transition at x/c =  0.5406   60
 Side 2  free  transition at x/c =  0.4256   55

   3   rms: 0.2622E-01   max: -.3803E+00   D at   55  2
       a = -1.000      CL =  0.1256
      Cm = -0.0458     CD =  0.00879   =>   CDf =  0.00589    CDp =  0.00290

 Side 1  free  transition at x/c =  0.5390   60
 Side 2  free  transition at x/c =  0.4040   54

   4   rms: 0.6462E-02   max: 0.9063E-01   D at   54  2
       a = -1.000      CL =  0.1248
      Cm = -0.0456     CD =  0.00874   =>   CDf =  0.00598    CDp =  0.00276

 Side 1  free  transition at x/c =  0.5390   60
 Side 2  free  transition at x/c =  0.4035   54

   5   rms: 0.2867E-03   max: -.4191E-02   D at   54  2
       a = -1.000      CL =  0.1248
      Cm = -0.0456     CD =  0.00874   =>   CDf =  0.00598    CDp =  0.00276

 Side 1  free  transition at x/c =  0.5390   60
 Side 2  free  transition at x/c =  0.4033   54

   6   rms: 0.2164E-05   max: -.3175E-04   D at   54  2
       a = -1.000      CL =  0.1248
      Cm = -0.0456     CD =  0.00874   =>   CDf =  0.00598    CDp =  0.00276
 plradd ia,ip,cpol           25           0  0.21869284    

 Point added to stored polar  1
 Point written to save file  polar.txt                                       
 Dump file unspecified or not available
 Calculating wake trajectory ...
 Calculating source influence matrix ...

 Solving BL system ...

 Side 1  free  transition at x/c =  0.5390   60
 Side 2  free  transition at x/c =  0.4033   54

   1   rms: 0.1518E+00   max: 0.1056E+01   D at   54  2   RLX: 0.657
       a = -0.000      CL =  0.1889
      Cm = -0.0437     CD =  0.00868   =>   CDf =  0.00597    CDp =  0.00271

 Side 1  free  transition at x/c =  0.5168   60
 Side 2  free  transition at x/c =  0.4208   53

   2   rms: 0.5338E-01   max: -.2705E+00   D at   61  1
       a = -0.000      CL =  0.2316
      Cm = -0.0443     CD =  0.00898   =>   CDf =  0.00610    CDp =  0.00288

 Side 1  free  transition at x/c =  0.5064   59
 Side 2  free  transition at x/c =  0.4524   55

   3   rms: 0.1410E-01   max: -.1943E+00   C at   55  2
       a = -0.000      CL =  0.2292
      Cm = -0.0439     CD =  0.00863   =>   CDf =  0.00593    CDp =  0.00270

 Side 1  free  transition at x/c =  0.5080   59
 Side 2  free  transition at x/c =  0.4604   55

   4   rms: 0.4687E-03   max: -.8899E-02   C at   55  2
       a = -0.000      CL =  0.2295
      Cm = -0.0440     CD =  0.00865   =>   CDf =  0.00587    CDp =  0.00277

 Side 1  free  transition at x/c =  0.5079   59
 Side 2  free  transition at x/c =  0.4606   55

   5   rms: 0.1625E-05   max: 0.2633E-04   C at   55  2
       a = -0.000      CL =  0.2295
      Cm = -0.0440     CD =  0.00865   =>   CDf =  0.00587    CDp =  0.00277
 plradd ia,ip,cpol           26           0  0.19034041    

 Point added to stored polar  1
 Point written to save file  polar.txt                                       
 Dump file unspecified or not available
 Calculating wake trajectory ...
 Calculating source influence matrix ...

 Solving BL system ...

 Side 1  free  transition at x/c =  0.5079   59
 Side 2  free  transition at x/c =  0.4606   55

   1   rms: 0.1454E+00   max: -.1282E+01   C at   55  2   RLX: 0.390
       a =  1.000      CL =  0.2718
      Cm = -0.0436     CD =  0.00863   =>   CDf =  0.00585    CDp =  0.00279

 Side 1  free  transition at x/c =  0.4945   60
 Side 2  free  transition at x/c =  0.4832   55

   2   rms: 0.8805E-01   max: -.7661E+00   C at   55  2   RLX: 0.653
       a =  1.000      CL =  0.3101
      Cm = -0.0423     CD =  0.00877   =>   CDf =  0.00583    CDp =  0.00294

 Side 1  free  transition at x/c =  0.4832   60
 Side 2  free  transition at x/c =  0.5078   55

   3   rms: 0.3239E-01   max: -.2886E+00   C at   55  2
       a =  1.000      CL =  0.3347
      Cm = -0.0424     CD =  0.00865   =>   CDf =  0.00580    CDp =  0.00284

 Side 1  free  transition at x/c =  0.4791   60
 Side 2  free  transition at x/c =  0.5232   56

   4   rms: 0.2210E-02   max: -.4100E-01   C at   56  2
       a =  1.000      CL =  0.3335
      Cm = -0.0421     CD =  0.00864   =>   CDf =  0.00576    CDp =  0.00288

 Side 1  free  transition at x/c =  0.4790   60
 Side 2  free  transition at x/c =  0.5246   56

   5   rms: 0.7384E-05   max: -.8902E-04   D at   57  2
       a =  1.000      CL =  0.3335
      Cm = -0.0421     CD =  0.00864   =>   CDf =  0.00576    CDp =  0.00288
 plradd ia,ip,cpol           27           0  0.17711742    

 Point added to stored polar  1
 Point written to save file  polar.txt                                       
 Dump file unspecified or not available
 Calculating wake trajectory ...
 Calculating source influence matrix ...

 Solving BL system ...

 Side 1  free  transition at x/c =  0.4790   60
 Side 2  free  transition at x/c =  0.5246   56

   1   rms: 0.1504E+00   max: -.1322E+01   C at   56  2   RLX: 0.378
       a =  2.000      CL =  0.3717
      Cm = -0.0413     CD =  0.00869   =>   CDf =  0.00571    CDp =  0.00298

 Side 1  free  transition at x/c =  0.4688   60
 Side 2  free  transition at x/c =  0.5361   55

   2   rms: 0.8590E-01   max: 0.3346E+00   C at   55  2
       a =  2.000      CL =  0.4451
      Cm = -0.0418     CD =  0.00888   =>   CDf =  0.00577    CDp =  0.00310

 Side 1  free  transition at x/c =  0.4498   60
 Side 2  free  transition at x/c =  0.6058   57

   3   rms: 0.2254E-01   max: 0.3736E+00   D at   54  2
       a =  2.000      CL =  0.4344
      Cm = -0.0398     CD =  0.00870   =>   CDf =  0.00568    CDp =  0.00302

 Side 1  free  transition at x/c =  0.4509   60
 Side 2  free  transition at x/c =  0.5989   57

   4   rms: 0.9017E-02   max: -.1484E+00   D at   57  2
       a =  2.000      CL =  0.4353
      Cm = -0.0400     CD =  0.00874   =>   CDf =  0.00563    CDp =  0.00311

 Side 1  free  transition at x/c =  0.4509   60
 Side 2  free  transition at x/c =  0.5862   57

   5   rms: 0.9029E-03   max: 0.1385E-01   D at   57  2
       a =  2.000      CL =  0.4359
      Cm = -0.0401     CD =  0.00878   =>   CDf =  0.00569    CDp =  0.00309

 Side 1  free  transition at x/c =  0.4508   60
 Side 2  free  transition at x/c =  0.5863   57

   6   rms: 0.2761E-04   max: -.4443E-03   D at   57  2
       a =  2.000      CL =  0.4359
      Cm = -0.0401     CD =  0.00878   =>   CDf =  0.00568    CDp =  0.00309
 plradd ia,ip,cpol           28           0  0.15264380    

 Point added to stored polar  1
 Point written to save file  polar.txt                                       
 Dump file unspecified or not available
 Calculating wake trajectory ...
 Calculating source influence matrix ...

 Solving BL system ...

 Side 1  free  transition at x/c =  0.4508   60
 Side 2  free  transition at x/c =  0.5863   57

   1   rms: 0.1502E+00   max: 0.1112E+01   D at   57  2   RLX: 0.687
       a =  3.000      CL =  0.5100
      Cm = -0.0394     CD =  0.00858   =>   CDf =  0.00562    CDp =  0.00296

 Side 1  free  transition at x/c =  0.4315   61
 Side 2  free  transition at x/c =  0.6065   56

   2   rms: 0.4528E-01   max: -.2975E+00   T at   56  2
       a =  3.000      CL =  0.5392
      Cm = -0.0382     CD =  0.00921   =>   CDf =  0.00581    CDp =  0.00340

 Side 1  free  transition at x/c =  0.4238   60
 Side 2  free  transition at x/c =  0.6497   58

   3   rms: 0.1681E-01   max: -.2776E+00   C at   58  2
       a =  3.000      CL =  0.5386
      Cm = -0.0381     CD =  0.00888   =>   CDf =  0.00557    CDp =  0.00331

 Side 1  free  transition at x/c =  0.4258   60
 Side 2  free  transition at x/c =  0.6516   58

   4   rms: 0.2379E-02   max: 0.5182E-01   C at   58  2
       a =  3.000      CL =  0.5388
      Cm = -0.0381     CD =  0.00889   =>   CDf =  0.00552    CDp =  0.00337

 Side 1  free  transition at x/c =  0.4257   60
 Side 2  free  transition at x/c =  0.6494   58

   5   rms: 0.5188E-04   max: -.1175E-02   C at   58  2
       a =  3.000      CL =  0.5388
      Cm = -0.0381     CD =  0.00889   =>   CDf =  0.00553    CDp =  0.00336
 plradd ia,ip,cpol           29           0  0.13080209    

 Point added to stored polar  1
 Point written to save file  polar.txt                                       
 Dump file unspecified or not available
 Calculating wake trajectory ...
 Calculating source influence matrix ...

 Solving BL system ...

 Side 1  free  transition at x/c =  0.4257   60
 Side 2  free  transition at x/c =  0.6494   58

   1   rms: 0.1404E+00   max: -.1084E+01   C at   58  2   RLX: 0.461
       a =  4.000      CL =  0.5875
      Cm = -0.0375     CD =  0.00896   =>   CDf =  0.00545    CDp =  0.00351

 Side 1  free  transition at x/c =  0.4110   61
 Side 2  free  transition at x/c =  0.6740   58

   2   rms: 0.7601E-01   max: -.6522E+00   C at   58  2   RLX: 0.767
       a =  4.000      CL =  0.6229
      Cm = -0.0354     CD =  0.00927   =>   CDf =  0.00553    CDp =  0.00374

 Side 1  free  transition at x/c =  0.3987   60
 Side 2  free  transition at x/c =  0.6982   59

   3   rms: 0.2240E-01   max: -.2844E+00   C at   59  2
       a =  4.000      CL =  0.6363
      Cm = -0.0351     CD =  0.00913   =>   CDf =  0.00538    CDp =  0.00375

 Side 1  free  transition at x/c =  0.3985   61
 Side 2  free  transition at x/c =  0.7098   59

   4   rms: 0.5374E-02   max: -.7571E-01   C at   59  2
       a =  4.000      CL =  0.6359
      Cm = -0.0351     CD =  0.00912   =>   CDf =  0.00543    CDp =  0.00369

 Side 1  free  transition at x/c =  0.3982   61
 Side 2  free  transition at x/c =  0.7139   59

   5   rms: 0.5467E-03   max: 0.9620E-02   C at   59  2
       a =  4.000      CL =  0.6359
      Cm = -0.0351     CD =  0.00913   =>   CDf =  0.00540    CDp =  0.00372

 Side 1  free  transition at x/c =  0.3982   61
 Side 2  free  transition at x/c =  0.7135   59

   6   rms: 0.1169E-05   max: -.1984E-04   D at   60  2
       a =  4.000      CL =  0.6359
      Cm = -0.0351     CD =  0.00913   =>   CDf =  0.00540    CDp =  0.00372
 plradd ia,ip,cpol           30           0  0.11149547    

 Point added to stored polar  1
 Point written to save file  polar.txt                                       
 Dump file unspecified or not available
 Calculating wake trajectory ...
 Calculating source influence matrix ...

 Solving BL system ...

 Side 1  free  transition at x/c =  0.3982   61
 Side 2  free  transition at x/c =  0.7135   59

   1   rms: 0.1482E+00   max: -.1255E+01   C at   59  2   RLX: 0.398
       a =  5.000      CL =  0.6701
      Cm = -0.0330     CD =  0.00924   =>   CDf =  0.00540    CDp =  0.00383

 Side 1  free  transition at x/c =  0.3872   60
 Side 2  free  transition at x/c =  0.7284   59

   2   rms: 0.7961E-01   max: -.2836E+00   T at   59  2
       a =  5.000      CL =  0.7335
      Cm = -0.0322     CD =  0.00952   =>   CDf =  0.00535    CDp =  0.00418

 Side 1  free  transition at x/c =  0.3680   60
 Side 2  free  transition at x/c =  0.8022   61

   3   rms: 0.2114E-01   max: -.3218E+00   C at   61  2
       a =  5.000      CL =  0.7258
      Cm = -0.0307     CD =  0.00948   =>   CDf =  0.00528    CDp =  0.00420

 Side 1  free  transition at x/c =  0.3696   60
 Side 2  free  transition at x/c =  0.7905   61

   4   rms: 0.6323E-02   max: -.1024E+00   D at   61  2
       a =  5.000      CL =  0.7268
      Cm = -0.0309     CD =  0.00952   =>   CDf =  0.00525    CDp =  0.00427

 Side 1  free  transition at x/c =  0.3695   60
 Side 2  free  transition at x/c =  0.7829   61

   5   rms: 0.2657E-03   max: -.3380E-02   D at   60  2
       a =  5.000      CL =  0.7270
      Cm = -0.0310     CD =  0.00953   =>   CDf =  0.00529    CDp =  0.00424

 Side 1  free  transition at x/c =  0.3695   60
 Side 2  free  transition at x/c =  0.7829   61

   6   rms: 0.2552E-05   max: 0.3829E-04   C at   61  2
       a =  5.000      CL =  0.7270
      Cm = -0.0310     CD =  0.00953   =>   CDf =  0.00529    CDp =  0.00425
 plradd ia,ip,cpol           31           0  9.45394933E-02

 Point added to stored polar  1
 Point written to save file  polar.txt                                       
 Dump file unspecified or not available
 Calculating wake trajectory ...
 Calculating source influence matrix ...

 Solving BL system ...

 Side 1  free  transition at x/c =  0.3695   60
 Side 2  free  transition at x/c =  0.7829   61

   1   rms: 0.1474E+00   max: 0.1067E+01   D at   61  2   RLX: 0.484
       a =  6.000      CL =  0.7753
      Cm = -0.0298     CD =  0.00961   =>   CDf =  0.00518    CDp =  0.00443

 Side 1  free  transition at x/c =  0.3527   60
 Side 2  free  transition at x/c =  0.8023   60

   2   rms: 0.6931E-01   max: -.3169E+00   T at   60  2
       a =  6.000      CL =  0.8274
      Cm = -0.0290     CD =  0.01012   =>   CDf =  0.00537    CDp =  0.00475

 Side 1  free  transition at x/c =  0.3379   60
 Side 2  free  transition at x/c =  0.8839   64

   3   rms: 0.2223E-01   max: 0.3919E+00   D at   60  2
       a =  6.000      CL =  0.8180
      Cm = -0.0270     CD =  0.01009   =>   CDf =  0.00510    CDp =  0.00499

 Side 1  free  transition at x/c =  0.3405   60
 Side 2  free  transition at x/c =  0.8672   63

   4   rms: 0.7559E-02   max: -.1328E+00   D at   63  2
       a =  6.000      CL =  0.8191
      Cm = -0.0273     CD =  0.01011   =>   CDf =  0.00510    CDp =  0.00501

 Side 1  free  transition at x/c =  0.3401   60
 Side 2  free  transition at x/c =  0.8560   63

   5   rms: 0.1239E-02   max: 0.1986E-01   D at   64  2
       a =  6.000      CL =  0.8195
      Cm = -0.0274     CD =  0.01013   =>   CDf =  0.00515    CDp =  0.00498

 Side 1  free  transition at x/c =  0.3401   60
 Side 2  free  transition at x/c =  0.8565   63

   6   rms: 0.2924E-04   max: -.5042E-03   D at   64  2
       a =  6.000      CL =  0.8195
      Cm = -0.0274     CD =  0.01013   =>   CDf =  0.00514    CDp =  0.00498
 plradd ia,ip,cpol           32           0  7.97009990E-02

 Point added to stored polar  1
 Point written to save file  polar.txt                                       
 Dump file unspecified or not available
 Calculating wake trajectory ...
 Calculating source influence matrix ...

 Solving BL system ...

 Side 1  free  transition at x/c =  0.3401   60
 Side 2  free  transition at x/c =  0.8564   63

   1   rms: 0.1528E+00   max: -.1205E+01   C at   63  2   RLX: 0.415
       a =  7.000      CL =  0.8538
      Cm = -0.0251     CD =  0.01047   =>   CDf =  0.00504    CDp =  0.00544

 Side 1  free  transition at x/c =  0.3285   60
 Side 2  free  transition at x/c =  0.8738   62

   2   rms: 0.8157E-01   max: -.3656E+00   T at   62  2
       a =  7.000      CL =  0.9140
      Cm = -0.0245     CD =  0.01093   =>   CDf =  0.00506    CDp =  0.00587

 Side 1  free  transition at x/c =  0.3101   60
 Side 2  free  transition at x/c =  0.9598   66

   3   rms: 0.3387E-01   max: 0.5316E+00   D at   61  2
       a =  7.000      CL =  0.8917
      Cm = -0.0195     CD =  0.01094   =>   CDf =  0.00503    CDp =  0.00591

 Side 1  free  transition at x/c =  0.3123   60
 Side 2  free  transition at x/c =  0.9454   65

   4   rms: 0.2132E-01   max: -.3047E+00   D at   65  2
       a =  7.000      CL =  0.9044
      Cm = -0.0224     CD =  0.01095   =>   CDf =  0.00499    CDp =  0.00596

 Side 1  free  transition at x/c =  0.3114   60
 Side 2  free  transition at x/c =  0.9290   64

   5   rms: 0.4365E-02   max: -.7577E-01   D at   65  2
       a =  7.000      CL =  0.9041
      Cm = -0.0223     CD =  0.01097   =>   CDf =  0.00503    CDp =  0.00594

 Side 1  free  transition at x/c =  0.3115   60
 Side 2  free  transition at x/c =  0.9272   64

   6   rms: 0.8845E-04   max: -.1770E-02   D at   65  2
       a =  7.000      CL =  0.9041
      Cm = -0.0223     CD =  0.01097   =>   CDf =  0.00504    CDp =  0.00594
 plradd ia,ip,cpol           33           0  6.67340234E-02

 Point added to stored polar  1
 Point written to save file  polar.txt                                       
 Dump file unspecified or not available
 Calculating wake trajectory ...
 Calculating source influence matrix ...

 Solving BL system ...

 Side 1  free  transition at x/c =  0.3115   60
 Side 2  free  transition at x/c =  0.9272   64

   1   rms: 0.1420E+00   max: -.1077E+01   C at   64  2   RLX: 0.464
       a =  8.000      CL =  0.9423
      Cm = -0.0197     CD =  0.01138   =>   CDf =  0.00504    CDp =  0.00635

 Side 1  free  transition at x/c =  0.2968   59
 Side 2  free  transition at x/c =  0.9424   65

   2   rms: 0.8638E-01   max: -.8251E+00   C at   65  2   RLX: 0.606
       a =  8.000      CL =  0.9740
      Cm = -0.0196     CD =  0.01165   =>   CDf =  0.00502    CDp =  0.00663

 Side 1  free  transition at x/c =  0.2874   60
 Side 2  free  transition at x/c =  0.9694   65

   3   rms: 0.3619E-01   max: 0.2908E+00   D at   65  2
       a =  8.000      CL =  0.9940
      Cm = -0.0189     CD =  0.01225   =>   CDf =  0.00508    CDp =  0.00717

 Side 1  free  transition at x/c =  0.2816   59
 Side 2  free  transition at x/c =  0.9790   66

   4   rms: 0.5383E-02   max: -.7124E-01   C at   66  2
       a =  8.000      CL =  0.9942
      Cm = -0.0190     CD =  0.01227   =>   CDf =  0.00510    CDp =  0.00717

 Side 1  free  transition at x/c =  0.2814   59
 Side 2  free  transition at x/c =  0.9815   66

   5   rms: 0.1701E-03   max: -.1881E-02   D at   66  2
       a =  8.000      CL =  0.9943
      Cm = -0.0191     CD =  0.01228   =>   CDf =  0.00510    CDp =  0.00717

 Side 1  free  transition at x/c =  0.2813   59
 Side 2  free  transition at x/c =  0.9814   66

   6   rms: 0.2379E-05   max: -.3240E-04   C at   66  2
       a =  8.000      CL =  0.9943
      Cm = -0.0191     CD =  0.01228   =>   CDf =  0.00510    CDp =  0.00717
 plradd ia,ip,cpol           34           0  5.54049090E-02

 Point added to stored polar  1
 Point written to save file  polar.txt                                       
 Dump file unspecified or not available
 Calculating wake trajectory ...
 Calculating source influence matrix ...

 Solving BL system ...

 Side 1  free  transition at x/c =  0.2813   59
 Side 2  free  transition at x/c =  0.9814   66

   1   rms: 0.1495E+00   max: 0.5972E+00   D at   67  2
       a =  9.000      CL =  1.1282
      Cm = -0.0248     CD =  0.01330   =>   CDf =  0.00497    CDp =  0.00833

 Side 1  free  transition at x/c =  0.2476   59
 Side 2  free  transition at x/c =  0.9927   65

   2   rms: 0.2531E-01   max: -.3105E+00   D at   64  2
       a =  9.000      CL =  1.1222
      Cm = -0.0248     CD =  0.01393   =>   CDf =  0.00531    CDp =  0.00862

 Side 1  free  transition at x/c =  0.2489   60
 Side 2  free  transition at x/c =  0.9976   65

   3   rms: 0.4849E-02   max: -.7395E-01   D at   65  2
       a =  9.000      CL =  1.1224
      Cm = -0.0248     CD =  0.01399   =>   CDf =  0.00527    CDp =  0.00872

 Side 1  free  transition at x/c =  0.2497   60
 Side 2  free  transition at x/c =  0.9977   65

   4   rms: 0.3434E-03   max: -.5903E-02   D at   60  1
       a =  9.000      CL =  1.1223
      Cm = -0.0248     CD =  0.01399   =>   CDf =  0.00525    CDp =  0.00874

 Side 1  free  transition at x/c =  0.2496   60
 Side 2  free  transition at x/c =  0.9977   65

   5   rms: 0.7150E-05   max: -.8911E-04   D at   60  1
       a =  9.000      CL =  1.1223
      Cm = -0.0248     CD =  0.01399   =>   CDf =  0.00525    CDp =  0.00874
 plradd ia,ip,cpol           35           0  4.10384201E-02

 Point added to stored polar  1
 Point written to save file  polar.txt                                       
 Dump file unspecified or not available
 Calculating wake trajectory ...
 Calculating source influence matrix ...

 Solving BL system ...

 Side 1  free  transition at x/c =  0.2496   60
 Side 2  free  transition at x/c =  0.9977   65

   1   rms: 0.1573E+00   max: -.8472E+00   D at   60  1   RLX: 0.590
       a = 10.000      CL =  1.1920
      Cm = -0.0277     CD =  0.01541   =>   CDf =  0.00518    CDp =  0.01023

 Side 1  free  transition at x/c =  0.2304   59
 Side 2 forced transition at x/c =  0.9999   64

   2   rms: 0.9731E-01   max: -.8856E+00   D at   64  2   RLX: 0.565
       a = 10.000      CL =  1.1658
      Cm = -0.0180     CD =  0.01535   =>   CDf =  0.00535    CDp =  0.01000

 Side 1  free  transition at x/c =  0.2297   59
 Side 2 forced transition at x/c =  0.9999   64

   3   rms: 0.2223E-01   max: -.1006E+00   D at   59  1
       a = 10.000      CL =  1.1772
      Cm = -0.0166     CD =  0.01544   =>   CDf =  0.00535    CDp =  0.01009

 Side 1  free  transition at x/c =  0.2259   59
 Side 2 forced transition at x/c =  0.9999   64

   4   rms: 0.1953E-02   max: 0.1629E-01   D at   91  1
       a = 10.000      CL =  1.1760
      Cm = -0.0164     CD =  0.01548   =>   CDf =  0.00533    CDp =  0.01015

 Side 1  free  transition at x/c =  0.2262   59
 Side 2 forced transition at x/c =  0.9999   64

   5   rms: 0.2968E-04   max: 0.4102E-03   C at   64  2
       a = 10.000      CL =  1.1760
      Cm = -0.0164     CD =  0.01548   =>   CDf =  0.00532    CDp =  0.01016
 plradd ia,ip,cpol           36           0  3.68647017E-02

 Point added to stored polar  1
 Point written to save file  polar.txt                                       
 Dump file unspecified or not available
 Calculating wake trajectory ...
 Calculating source influence matrix ...

 Solving BL system ...

 Side 1  free  transition at x/c =  0.2262   59
 Side 2 forced transition at x/c =  0.9999   64

   1   rms: 0.1295E+00   max: -.8802E+00   C at   64  2   RLX: 0.568
       a = 11.000      CL =  1.2061
      Cm = -0.0119     CD =  0.01658   =>   CDf =  0.00532    CDp =  0.01126

 Side 1  free  transition at x/c =  0.2126   58
 Side 2 forced transition at x/c =  0.9999   64

   2   rms: 0.5455E-01   max: -.2371E+00   D at   58  1
       a = 11.000      CL =  1.2390
      Cm = -0.0106     CD =  0.01758   =>   CDf =  0.00528    CDp =  0.01230

 Side 1  free  transition at x/c =  0.2018   58
 Side 2 forced transition at x/c =  0.9999   63

   3   rms: 0.5100E-02   max: -.5353E-01   C at   58  1
       a = 11.000      CL =  1.2349
      Cm = -0.0102     CD =  0.01776   =>   CDf =  0.00543    CDp =  0.01234

 Side 1  free  transition at x/c =  0.2023   58
 Side 2 forced transition at x/c =  0.9999   63

   4   rms: 0.3415E-03   max: 0.4625E-02   D at   90  1
       a = 11.000      CL =  1.2347
      Cm = -0.0102     CD =  0.01777   =>   CDf =  0.00542    CDp =  0.01235

 Side 1  free  transition at x/c =  0.2023   58
 Side 2 forced transition at x/c =  0.9999   63

   5   rms: 0.1062E-04   max: 0.1230E-03   D at   90  1
       a = 11.000      CL =  1.2347
      Cm = -0.0102     CD =  0.01777   =>   CDf =  0.00542    CDp =  0.01235
 plradd ia,ip,cpol           37           0  3.29688005E-02

 Point added to stored polar  1
 Point written to save file  polar.txt                                       
 Dump file unspecified or not available
 Calculating wake trajectory ...
 Calculating source influence matrix ...

 Solving BL system ...

 Side 1  free  transition at x/c =  0.2023   58
 Side 2 forced transition at x/c =  0.9999   63

   1   rms: 0.1207E+00   max: -.4544E+00   C at   63  2   RLX: 0.921
       a = 12.000      CL =  1.3017
      Cm = -0.0068     CD =  0.01971   =>   CDf =  0.00531    CDp =  0.01441

 Side 1  free  transition at x/c =  0.1801   58
 Side 2 forced transition at x/c =  0.9999   62

   2   rms: 0.1586E-01   max: 0.1385E+00   D at   90  1
       a = 12.000      CL =  1.2954
      Cm = -0.0055     CD =  0.02063   =>   CDf =  0.00552    CDp =  0.01511

 Side 1  free  transition at x/c =  0.1807   58
 Side 2 forced transition at x/c =  0.9999   62

   3   rms: 0.2511E-02   max: 0.3172E-01   D at   90  1
       a = 12.000      CL =  1.2939
      Cm = -0.0054     CD =  0.02069   =>   CDf =  0.00547    CDp =  0.01523

 Side 1  free  transition at x/c =  0.1806   58
 Side 2 forced transition at x/c =  0.9999   62

   4   rms: 0.7448E-04   max: -.1012E-02   D at   90  1
       a = 12.000      CL =  1.2939
      Cm = -0.0054     CD =  0.02069   =>   CDf =  0.00546    CDp =  0.01522
 plradd ia,ip,cpol           38           0  2.59525813E-02

 Point added to stored polar  1
 Point written to save file  polar.txt                                       
 Dump file unspecified or not available
 Calculating wake trajectory ...
 Calculating source influence matrix ...

 Solving BL system ...

 Side 1  free  transition at x/c =  0.1806   58
 Side 2 forced transition at x/c =  0.9999   62

   1   rms: 0.1309E+00   max: -.7354E+00   D at   58  1   RLX: 0.680
       a = 13.000      CL =  1.3294
      Cm = -0.0022     CD =  0.02324   =>   CDf =  0.00534    CDp =  0.01789

 Side 1  free  transition at x/c =  0.1669   58
 Side 2 forced transition at x/c =  0.9999   61

   2   rms: 0.4458E-01   max: -.2424E+00   D at   59  1
       a = 13.000      CL =  1.3444
      Cm = -0.0009     CD =  0.02464   =>   CDf =  0.00551    CDp =  0.01914

 Side 1  free  transition at x/c =  0.1614   57
 Side 2 forced transition at x/c =  0.9999   61

   3   rms: 0.3498E-02   max: 0.3860E-01   D at   89  1
       a = 13.000      CL =  1.3457
      Cm = -0.0011     CD =  0.02450   =>   CDf =  0.00548    CDp =  0.01901

 Side 1  free  transition at x/c =  0.1614   57
 Side 2 forced transition at x/c =  0.9999   61

   4   rms: 0.1816E-03   max: -.2002E-02   D at   89  1
       a = 13.000      CL =  1.3458
      Cm = -0.0011     CD =  0.02449   =>   CDf =  0.00548    CDp =  0.01901

 Side 1  free  transition at x/c =  0.1614   57
 Side 2 forced transition at x/c =  0.9999   61

   5   rms: 0.6158E-05   max: 0.4901E-04   n at   59  2
       a = 13.000      CL =  1.3458
      Cm = -0.0011     CD =  0.02449   =>   CDf =  0.00548    CDp =  0.01901
 plradd ia,ip,cpol           39           0  2.59525813E-02

 Point added to stored polar  1
 Point written to save file  polar.txt                                       
 Dump file unspecified or not available
 Calculating wake trajectory ...
 Calculating source influence matrix ...

 Solving BL system ...

 Side 1  free  transition at x/c =  0.1614   57
 Side 2 forced transition at x/c =  0.9999   61

   1   rms: 0.1200E+00   max: 0.4385E+00   C at   57  1   RLX: 0.717
       a = 14.000      CL =  1.3889
      Cm =  0.0010     CD =  0.02716   =>   CDf =  0.00535    CDp =  0.02182

 Side 1  free  transition at x/c =  0.1477   57
 Side 2 forced transition at x/c =  0.9999   60

   2   rms: 0.3682E-01   max: 0.2105E+00   D at   89  1
       a = 14.000      CL =  1.3938
      Cm =  0.0023     CD =  0.02916   =>   CDf =  0.00552    CDp =  0.02365

 Side 1  free  transition at x/c =  0.1438   57
 Side 2 forced transition at x/c =  0.9999   60

   3   rms: 0.6729E-02   max: 0.7526E-01   D at   88  1
       a = 14.000      CL =  1.3890
      Cm =  0.0026     CD =  0.02942   =>   CDf =  0.00549    CDp =  0.02392

 Side 1  free  transition at x/c =  0.1441   57
 Side 2 forced transition at x/c =  0.9999   60

   4   rms: 0.2825E-03   max: -.4522E-02   D at   88  1
       a = 14.000      CL =  1.3891
      Cm =  0.0026     CD =  0.02938   =>   CDf =  0.00548    CDp =  0.02391

 Side 1  free  transition at x/c =  0.1441   57
 Side 2 forced transition at x/c =  0.9999   60

   5   rms: 0.6431E-05   max: 0.9095E-04   D at   87  1
       a = 14.000      CL =  1.3891
      Cm =  0.0026     CD =  0.02939   =>   CDf =  0.00548    CDp =  0.02391
 plradd ia,ip,cpol           40           0  2.28075795E-02

 Point added to stored polar  1
 Point written to save file  polar.txt                                       
 Dump file unspecified or not available
 Calculating wake trajectory ...
 Calculating source influence matrix ...

 Solving BL system ...

 Side 1  free  transition at x/c =  0.1441   57
 Side 2 forced transition at x/c =  0.9999   60

   1   rms: 0.1305E+00   max: -.6699E+00   D at   57  1   RLX: 0.617
       a = 15.000      CL =  1.4077
      Cm =  0.0048     CD =  0.03350   =>   CDf =  0.00532    CDp =  0.02818

 Side 1  free  transition at x/c =  0.1353   57
 Side 2 forced transition at x/c =  0.9999   59

   2   rms: 0.4806E-01   max: -.2579E+00   D at   58  1
       a = 15.000      CL =  1.4262
      Cm =  0.0055     CD =  0.03549   =>   CDf =  0.00543    CDp =  0.03006

 Side 1  free  transition at x/c =  0.1295   56
 Side 2 forced transition at x/c =  0.9999   59

   3   rms: 0.6109E-02   max: 0.6638E-01   D at   86  1
       a = 15.000      CL =  1.4218
      Cm =  0.0057     CD =  0.03570   =>   CDf =  0.00544    CDp =  0.03026

 Side 1  free  transition at x/c =  0.1295   56
 Side 2 forced transition at x/c =  0.9999   59

   4   rms: 0.7394E-03   max: 0.7247E-02   D at   86  1
       a = 15.000      CL =  1.4213
      Cm =  0.0057     CD =  0.03571   =>   CDf =  0.00543    CDp =  0.03028

 Side 1  free  transition at x/c =  0.1295   56
 Side 2 forced transition at x/c =  0.9999   59

   5   rms: 0.2093E-04   max: 0.1652E-03   D at   70  2
       a = 15.000      CL =  1.4212
      Cm =  0.0057     CD =  0.03571   =>   CDf =  0.00543    CDp =  0.03028
 plradd ia,ip,cpol           41           0  1.98908821E-02

 Point added to stored polar  1
 Point written to save file  polar.txt                                       
 Dump file unspecified or not available
 Calculating wake trajectory ...
 Calculating source influence matrix ...

 Solving BL system ...

 Side 1  free  transition at x/c =  0.1295   56
 Side 2 forced transition at x/c =  0.9999   59

   1   rms: 0.1125E+00   max: 0.3736E+00   D at   85  1   RLX: 0.564
       a = 16.000      CL =  1.4473
      Cm =  0.0065     CD =  0.03907   =>   CDf =  0.00526    CDp =  0.03381

 Side 1  free  transition at x/c =  0.1208   57
 Side 2 forced transition at x/c =  0.9999   58

   2   rms: 0.6436E-01   max: 0.4009E+00   D at   86  1
       a = 16.000      CL =  1.4379
      Cm =  0.0079     CD =  0.04449   =>   CDf =  0.00545    CDp =  0.03904

 Side 1  free  transition at x/c =  0.1165   56
 Side 2 forced transition at x/c =  0.9999   58

   3   rms: 0.1135E-01   max: -.9795E-01   C at   56  1
       a = 16.000      CL =  1.4455
      Cm =  0.0078     CD =  0.04319   =>   CDf =  0.00532    CDp =  0.03787

 Side 1  free  transition at x/c =  0.1172   56
 Side 2 forced transition at x/c =  0.9999   58

   4   rms: 0.1190E-02   max: -.7879E-02   D at   85  1
       a = 16.000      CL =  1.4464
      Cm =  0.0077     CD =  0.04316   =>   CDf =  0.00533    CDp =  0.03783

 Side 1  free  transition at x/c =  0.1171   56
 Side 2 forced transition at x/c =  0.9999   58

   5   rms: 0.4967E-04   max: -.2787E-03   D at   70  2
       a = 16.000      CL =  1.4465
      Cm =  0.0077     CD =  0.04317   =>   CDf =  0.00533    CDp =  0.03784
 plradd ia,ip,cpol           42           0  1.71940569E-02

 Point added to stored polar  1
 Point written to save file  polar.txt                                       
 Dump file unspecified or not available
 Calculating wake trajectory ...
 Calculating source influence matrix ...

 Solving BL system ...

 Side 1  free  transition at x/c =  0.1171   56
 Side 2 forced transition at x/c =  0.9999   58

   1   rms: 0.1138E+00   max: 0.4368E+00   D at   83  1   RLX: 0.499
       a = 17.000      CL =  1.4617
      Cm =  0.0082     CD =  0.04717   =>   CDf =  0.00515    CDp =  0.04202

 Side 1  free  transition at x/c =  0.1107   56
 Side 2 forced transition at x/c =  0.9999   57

   2   rms: 0.6192E-01   max: 0.3479E+00   D at    2  1
       a = 17.000      CL =  1.4698
      Cm =  0.0085     CD =  0.05187   =>   CDf =  0.00533    CDp =  0.04654

 Side 1  free  transition at x/c =  0.1057   56
 Side 2 forced transition at x/c =  0.9999   57

   3   rms: 0.1417E-01   max: 0.1380E+00   D at   84  1
       a = 17.000      CL =  1.4586
      Cm =  0.0089     CD =  0.05252   =>   CDf =  0.00525    CDp =  0.04727

 Side 1  free  transition at x/c =  0.1063   56
 Side 2 forced transition at x/c =  0.9999   57

   4   rms: 0.2191E-02   max: 0.3212E-01   D at   83  1
       a = 17.000      CL =  1.4572
      Cm =  0.0089     CD =  0.05252   =>   CDf =  0.00521    CDp =  0.04731

 Side 1  free  transition at x/c =  0.1063   56
 Side 2 forced transition at x/c =  0.9999   57

   5   rms: 0.8564E-04   max: -.8691E-03   D at   83  1
       a = 17.000      CL =  1.4572
      Cm =  0.0089     CD =  0.05249   =>   CDf =  0.00520    CDp =  0.04728
 plradd ia,ip,cpol           43           0  1.71940569E-02

 Point added to stored polar  1
 Point written to save file  polar.txt                                       
 Dump file unspecified or not available
 Calculating wake trajectory ...
 Calculating source influence matrix ...

 Solving BL system ...

 Side 1  free  transition at x/c =  0.1063   56
 Side 2 forced transition at x/c =  0.9999   57

   1   rms: 0.1196E+00   max: 0.5696E+00   D at   82  1   RLX: 0.440
       a = 18.000      CL =  1.4604
      Cm =  0.0089     CD =  0.05760   =>   CDf =  0.00522    CDp =  0.05238

 Side 1  free  transition at x/c =  0.1020   55
 Side 2 forced transition at x/c =  0.9999   57

   2   rms: 0.6149E-01   max: 0.3503E+00   D at   82  1
       a = 18.000      CL =  1.4698
      Cm =  0.0087     CD =  0.06302   =>   CDf =  0.00497    CDp =  0.05805

 Side 1  free  transition at x/c =  0.0965   56
 Side 2 forced transition at x/c =  0.9999   56

   3   rms: 0.1625E-01   max: 0.1678E+00   D at   82  1
       a = 18.000      CL =  1.4565
      Cm =  0.0090     CD =  0.06374   =>   CDf =  0.00510    CDp =  0.05864

 Side 1  free  transition at x/c =  0.0973   56
 Side 2 forced transition at x/c =  0.9999   56

   4   rms: 0.1789E-02   max: -.1915E-01   D at   82  1
       a = 18.000      CL =  1.4575
      Cm =  0.0091     CD =  0.06333   =>   CDf =  0.00505    CDp =  0.05828

 Side 1  free  transition at x/c =  0.0973   56
 Side 2 forced transition at x/c =  0.9999   56

   5   rms: 0.1445E-03   max: -.6407E-03   D at   72  2
       a = 18.000      CL =  1.4577
      Cm =  0.0091     CD =  0.06335   =>   CDf =  0.00505    CDp =  0.05829

 Side 1  free  transition at x/c =  0.0973   56
 Side 2 forced transition at x/c =  0.9999   56

   6   rms: 0.4617E-05   max: -.3042E-04   D at   69  2
       a = 18.000      CL =  1.4577
      Cm =  0.0091     CD =  0.06335   =>   CDf =  0.00505    CDp =  0.05829
 plradd ia,ip,cpol           44           0  1.47096245E-02

 Point added to stored polar  1
 Point written to save file  polar.txt                                       
 Dump file unspecified or not available
 Calculating wake trajectory ...
 Calculating source influence matrix ...

 Solving BL system ...

 Side 1  free  transition at x/c =  0.0973   56
 Side 2 forced transition at x/c =  0.9999   56

   1   rms: 0.1134E+00   max: 0.5426E+00   D at   80  1   RLX: 0.396
       a = 19.000      CL =  1.4590
      Cm =  0.0087     CD =  0.06839   =>   CDf =  0.00506    CDp =  0.06332

 Side 1  free  transition at x/c =  0.0938   55
 Side 2 forced transition at x/c =  0.9999   56

   2   rms: 0.6472E-01   max: 0.3525E+00   D at   81  1
       a = 19.000      CL =  1.4658
      Cm =  0.0078     CD =  0.07517   =>   CDf =  0.00502    CDp =  0.07015

 Side 1  free  transition at x/c =  0.0887   55
 Side 2 forced transition at x/c =  0.9999   56

   3   rms: 0.2247E-01   max: 0.2038E+00   D at   80  1
       a = 19.000      CL =  1.4475
      Cm =  0.0080     CD =  0.07634   =>   CDf =  0.00494    CDp =  0.07140

 Side 1  free  transition at x/c =  0.0894   55
 Side 2 forced transition at x/c =  0.9999   56

   4   rms: 0.1720E-02   max: 0.2888E-01   D at   79  1
       a = 19.000      CL =  1.4476
      Cm =  0.0081     CD =  0.07585   =>   CDf =  0.00487    CDp =  0.07098

 Side 1  free  transition at x/c =  0.0894   55
 Side 2 forced transition at x/c =  0.9999   56

   5   rms: 0.4341E-04   max: 0.4693E-03   D at   79  1
       a = 19.000      CL =  1.4476
      Cm =  0.0081     CD =  0.07585   =>   CDf =  0.00487    CDp =  0.07098
 plradd ia,ip,cpol           45           0  1.24317231E-02

 Point added to stored polar  1
 Point written to save file  polar.txt                                       
 Dump file unspecified or not available
 Calculating wake trajectory ...
 Calculating source influence matrix ...

 Solving BL system ...

 Side 1  free  transition at x/c =  0.0894   55
 Side 2 forced transition at x/c =  0.9999   56

   1   rms: 0.1191E+00   max: 0.6749E+00   D at   78  1   RLX: 0.353
       a = 20.000      CL =  1.4415
      Cm =  0.0071     CD =  0.08179   =>   CDf =  0.00489    CDp =  0.07690

 Side 1  free  transition at x/c =  0.0868   55
 Side 2 forced transition at x/c =  0.9999   56

   2   rms: 0.7730E-01   max: 0.4811E+00   D at   78  1
       a = 20.000      CL =  1.4267
      Cm =  0.0055     CD =  0.09230   =>   CDf =  0.00462    CDp =  0.08768

 Side 1  free  transition at x/c =  0.0817   55
 Side 2 forced transition at x/c =  0.9999   55

   3   rms: 0.2964E-01   max: -.3991E+00   D at   55  1
       a = 20.000      CL =  1.4367
      Cm =  0.0061     CD =  0.08872   =>   CDf =  0.00469    CDp =  0.08403

 Side 1  free  transition at x/c =  0.0833   55
 Side 2 forced transition at x/c =  0.9999   55

   4   rms: 0.7221E-02   max: 0.7892E-01   C at   55  1
       a = 20.000      CL =  1.4322
      Cm =  0.0059     CD =  0.08954   =>   CDf =  0.00467    CDp =  0.08487

 Side 1  free  transition at x/c =  0.0825   55
 Side 2 forced transition at x/c =  0.9999   55

   5   rms: 0.5785E-03   max: 0.2205E-02   D at   73  2
       a = 20.000      CL =  1.4317
      Cm =  0.0060     CD =  0.08948   =>   CDf =  0.00467    CDp =  0.08481

 Side 1  free  transition at x/c =  0.0826   55
 Side 2 forced transition at x/c =  0.9999   55

   6   rms: 0.2845E-04   max: 0.1718E-03   D at   70  2
       a = 20.000      CL =  1.4317
      Cm =  0.0060     CD =  0.08947   =>   CDf =  0.00467    CDp =  0.08480
 plradd ia,ip,cpol           46           0  1.24317231E-02

 Point added to stored polar  1
 Point written to save file  polar.txt                                       
 Dump file unspecified or not available
 Calculating wake trajectory ...
 Calculating source influence matrix ...

 Solving BL system ...

 Side 1  free  transition at x/c =  0.0826   55
 Side 2 forced transition at x/c =  0.9999   55

   1   rms: 0.1058E+00   max: 0.5775E+00   D at   77  1   RLX: 0.324
       a = 21.000      CL =  1.4292
      Cm =  0.0048     CD =  0.09465   =>   CDf =  0.00469    CDp =  0.08996

 Side 1  free  transition at x/c =  0.0802   55
 Side 2 forced transition at x/c =  0.9999   55

   2   rms: 0.8795E-01   max: 0.5888E+00   D at   77  1
       a = 21.000      CL =  1.4012
      Cm =  0.0015     CD =  0.10887   =>   CDf =  0.00466    CDp =  0.10421

 Side 1  free  transition at x/c =  0.0763   54
 Side 2 forced transition at x/c =  0.9999   55

   3   rms: 0.2268E-01   max: -.2365E+00   D at   54  1
       a = 21.000      CL =  1.4134
      Cm =  0.0026     CD =  0.10371   =>   CDf =  0.00446    CDp =  0.09925

 Side 1  free  transition at x/c =  0.0767   54
 Side 2 forced transition at x/c =  0.9999   55

   4   rms: 0.2201E-02   max: 0.3291E-01   C at   54  1
       a = 21.000      CL =  1.4131
      Cm =  0.0025     CD =  0.10384   =>   CDf =  0.00447    CDp =  0.09937

 Side 1  free  transition at x/c =  0.0764   54
 Side 2 forced transition at x/c =  0.9999   55

   5   rms: 0.9541E-04   max: 0.4782E-03   D at   76  1
       a = 21.000      CL =  1.4130
      Cm =  0.0025     CD =  0.10385   =>   CDf =  0.00448    CDp =  0.09937
 plradd ia,ip,cpol           47           0  1.24317231E-02

 Point added to stored polar  1
 Point written to save file  polar.txt                                       
 Dump file unspecified or not available
 Calculating wake trajectory ...
 Calculating source influence matrix ...

 Solving BL system ...

 Side 1  free  transition at x/c =  0.0764   54
 Side 2 forced transition at x/c =  0.9999   55

   1   rms: 0.9787E-01   max: 0.5351E+00   D at   75  1   RLX: 0.298
       a = 22.000      CL =  1.4117
      Cm =  0.0011     CD =  0.10864   =>   CDf =  0.00428    CDp =  0.10436

 Side 1  free  transition at x/c =  0.0745   55
 Side 2 forced transition at x/c =  0.9999   54

   2   rms: 0.8741E-01   max: 0.5998E+00   D at   76  1
       a = 22.000      CL =  1.3865
      Cm = -0.0034     CD =  0.12407   =>   CDf =  0.00446    CDp =  0.11962

 Side 1  free  transition at x/c =  0.0712   54
 Side 2 forced transition at x/c =  0.9999   54

   3   rms: 0.1616E-01   max: 0.1785E+00   D at   75  1
       a = 22.000      CL =  1.3929
      Cm = -0.0024     CD =  0.11907   =>   CDf =  0.00428    CDp =  0.11479

 Side 1  free  transition at x/c =  0.0710   54
 Side 2 forced transition at x/c =  0.9999   54

   4   rms: 0.1084E-02   max: 0.1010E-01   C at   54  1
       a = 22.000      CL =  1.3935
      Cm = -0.0023     CD =  0.11868   =>   CDf =  0.00428    CDp =  0.11441

 Side 1  free  transition at x/c =  0.0709   54
 Side 2 forced transition at x/c =  0.9999   54

   5   rms: 0.6279E-04   max: -.2727E-03   D at   70  2
       a = 22.000      CL =  1.3936
      Cm = -0.0023     CD =  0.11870   =>   CDf =  0.00428    CDp =  0.11442
 plradd ia,ip,cpol           48           0  1.03551224E-02

 Point added to stored polar  1
 Point written to save file  polar.txt                                       
 Dump file unspecified or not available
 Calculating wake trajectory ...
 Calculating source influence matrix ...

 Solving BL system ...

 Side 1  free  transition at x/c =  0.0709   54
 Side 2 forced transition at x/c =  0.9999   54

   1   rms: 0.9128E-01   max: 0.4852E+00   D at   74  1   RLX: 0.276
       a = 23.000      CL =  1.3942
      Cm = -0.0039     CD =  0.12298   =>   CDf =  0.00430    CDp =  0.11869

 Side 1  free  transition at x/c =  0.0692   54
 Side 2 forced transition at x/c =  0.9999   54

   2   rms: 0.7908E-01   max: 0.5335E+00   D at   74  1
       a = 23.000      CL =  1.3799
      Cm = -0.0091     CD =  0.13767   =>   CDf =  0.00405    CDp =  0.13362

 Side 1  free  transition at x/c =  0.0658   54
 Side 2 forced transition at x/c =  0.9999   53

   3   rms: 0.1113E-01   max: 0.1611E+00   D at   74  1
       a = 23.000      CL =  1.3793
      Cm = -0.0084     CD =  0.13361   =>   CDf =  0.00413    CDp =  0.12948

 Side 1  free  transition at x/c =  0.0657   54
 Side 2 forced transition at x/c =  0.9999   53

   4   rms: 0.5006E-02   max: 0.5011E-01   D at   74  1
       a = 23.000      CL =  1.3760
      Cm = -0.0086     CD =  0.13382   =>   CDf =  0.00412    CDp =  0.12970

 Side 1  free  transition at x/c =  0.0657   54
 Side 2 forced transition at x/c =  0.9999   53

   5   rms: 0.3605E-03   max: -.2266E-02   D at   74  1
       a = 23.000      CL =  1.3758
      Cm = -0.0086     CD =  0.13367   =>   CDf =  0.00411    CDp =  0.12956

 Side 1  free  transition at x/c =  0.0657   54
 Side 2 forced transition at x/c =  0.9999   53

   6   rms: 0.1411E-04   max: 0.1460E-03   D at   70  2
       a = 23.000      CL =  1.3758
      Cm = -0.0086     CD =  0.13365   =>   CDf =  0.00411    CDp =  0.12954
 plradd ia,ip,cpol           49           0  1.03551224E-02

 Point added to stored polar  1
 Point written to save file  polar.txt                                       
 Dump file unspecified or not available
 Calculating wake trajectory ...
 Calculating source influence matrix ...

 Solving BL system ...

 Side 1  free  transition at x/c =  0.0657   54
 Side 2 forced transition at x/c =  0.9999   53

   1   rms: 0.8683E-01   max: 0.4196E+00   D at   73  1   RLX: 0.259
       a = 24.000      CL =  1.3790
      Cm = -0.0102     CD =  0.13732   =>   CDf =  0.00413    CDp =  0.13319

 Side 1  free  transition at x/c =  0.0644   54
 Side 2 forced transition at x/c =  0.9999   53

   2   rms: 0.6681E-01   max: 0.3823E+00   D at   73  1
       a = 24.000      CL =  1.3834
      Cm = -0.0153     CD =  0.14911   =>   CDf =  0.00408    CDp =  0.14503

 Side 1  free  transition at x/c =  0.0607   54
 Side 2 forced transition at x/c =  0.9999   53

   3   rms: 0.2283E-01   max: 0.1806E+00   D at   72  1
       a = 24.000      CL =  1.3675
      Cm = -0.0159     CD =  0.14869   =>   CDf =  0.00404    CDp =  0.14465

 Side 1  free  transition at x/c =  0.0608   54
 Side 2 forced transition at x/c =  0.9999   53

   4   rms: 0.8728E-02   max: 0.8969E-01   D at   72  1
       a = 24.000      CL =  1.3619
      Cm = -0.0162     CD =  0.14885   =>   CDf =  0.00398    CDp =  0.14487

 Side 1  free  transition at x/c =  0.0608   54
 Side 2 forced transition at x/c =  0.9999   53

   5   rms: 0.1233E-02   max: -.1231E-01   D at   72  1
       a = 24.000      CL =  1.3622
      Cm = -0.0161     CD =  0.14829   =>   CDf =  0.00396    CDp =  0.14433

 Side 1  free  transition at x/c =  0.0609   54
 Side 2 forced transition at x/c =  0.9999   53

   6   rms: 0.1068E-03   max: -.4531E-03   D at   72  1
       a = 24.000      CL =  1.3623
      Cm = -0.0161     CD =  0.14827   =>   CDf =  0.00397    CDp =  0.14430

 Side 1  free  transition at x/c =  0.0609   54
 Side 2 forced transition at x/c =  0.9999   53

   7   rms: 0.1164E-04   max: -.7988E-04   D at   71  2
       a = 24.000      CL =  1.3623
      Cm = -0.0161     CD =  0.14828   =>   CDf =  0.00397    CDp =  0.14431
 plradd ia,ip,cpol           50           0  8.47558491E-03

 Point added to stored polar  1
 Point written to save file  polar.txt                                       
 Dump file unspecified or not available
 Calculating wake trajectory ...
 Calculating source influence matrix ...

 Solving BL system ...

 Side 1  free  transition at x/c =  0.0609   54
 Side 2 forced transition at x/c =  0.9999   53

   1   rms: 0.1025E+00   max: 0.6406E+00   D at   71  1   RLX: 0.239
       a = 25.000      CL =  1.3581
      Cm = -0.0183     CD =  0.15330   =>   CDf =  0.00398    CDp =  0.14932

 Side 1  free  transition at x/c =  0.0597   53
 Side 2 forced transition at x/c =  0.9999   53

   2   rms: 0.6505E-01   max: 0.2988E+00   D at   71  1
       a = 25.000      CL =  1.3768
      Cm = -0.0233     CD =  0.16258   =>   CDf =  0.00372    CDp =  0.15886

 Side 1  free  transition at x/c =  0.0564   54
 Side 2 forced transition at x/c =  0.9999   52

   3   rms: 0.2211E-01   max: 0.1854E+00   D at   72  1
       a = 25.000      CL =  1.3612
      Cm = -0.0242     CD =  0.16247   =>   CDf =  0.00385    CDp =  0.15862

 Side 1  free  transition at x/c =  0.0567   54
 Side 2 forced transition at x/c =  0.9999   52

   4   rms: 0.2658E-02   max: -.2999E-01   D at   72  1
       a = 25.000      CL =  1.3621
      Cm = -0.0239     CD =  0.16118   =>   CDf =  0.00379    CDp =  0.15738

 Side 1  free  transition at x/c =  0.0567   54
 Side 2 forced transition at x/c =  0.9999   52

   5   rms: 0.1361E-03   max: 0.8350E-03   C at   52  2
       a = 25.000      CL =  1.3622
      Cm = -0.0239     CD =  0.16110   =>   CDf =  0.00380    CDp =  0.15731

 Side 1  free  transition at x/c =  0.0567   54
 Side 2 forced transition at x/c =  0.9999   52

   6   rms: 0.1500E-04   max: -.1019E-03   D at   69  2
       a = 25.000      CL =  1.3622
      Cm = -0.0239     CD =  0.16112   =>   CDf =  0.00380    CDp =  0.15732
 plradd ia,ip,cpol           51           0  8.47558491E-03

 Point added to stored polar  1
 Point written to save file  polar.txt                                       
 Dump file unspecified or not available

.OPERva   c>  
 Polar accumulation disabled

.OPERv   c>  
 XFOIL   c>  