
 ===================================================
  XFOIL Version 6.99
  Copyright (C) 2000   Mark Drela, Harold Youngren

  This software comes with ABSOLUTELY NO WARRANTY,
    subject to the GNU General Public License.

  Caveat computor
 ===================================================

 File  xfoil.def  not found

   QUIT    Exit program

  .OPER    Direct operating point(s)
  .MDES    Complex mapping design routine
  .QDES    Surface speed design routine
  .GDES    Geometry design routine

   SAVE f  Write airfoil to labeled coordinate file
   PSAV f  Write airfoil to plain coordinate file
   ISAV f  Write airfoil to ISES coordinate file
   MSAV f  Write airfoil to MSES coordinate file
   REVE    Reverse written-airfoil node ordering

   LOAD f  Read buffer airfoil from coordinate file
   NACA i  Set NACA 4,5-digit airfoil and buffer airfoil
   INTE    Set buffer airfoil by interpolating two airfoils
   NORM    Buffer airfoil normalization toggle
   XYCM rr Change CM reference location, currently  0.25000 0.00000

   BEND    Display structural properties of current airfoil

   PCOP    Set current-airfoil panel nodes directly from buffer airfoil points
   PANE    Set current-airfoil panel nodes ( 160 ) based on curvature
  .PPAR    Show/change paneling

  .PLOP    Plotting options

   WDEF f  Write  current-settings file
   RDEF f  Reread current-settings file
   NAME s  Specify new airfoil name
   NINC    Increment name version number

   Z       Zoom    | (available in all menus)
   U       Unzoom  | 

 XFOIL   c>  
 Labeled airfoil file.  Name:  NACA 64A223 STANDARD - PDAS/NASA TM-X-3069 6A ge

 Number of input coordinate points: 801
 Counterclockwise ordering
 Max thickness =     0.230026  at x =   0.378
 Max camber    =     0.011962  at x =   0.571

  LE  x,y  =  -0.00023   0.00291  |   Chord =   1.00024
  TE  x,y  =   1.00000   0.00000  |
 Maximum number of panel nodes  :          495
 Number of buffer airfoil points:          801
 Current airfoil cannot be set.
 Try executing PANE at Top Level instead.

 XFOIL   c>  
 Sharp trailing edge

 Paneling parameters used...
   Number of panel nodes       160
   Panel bunching parameter    1.000
   TE/LE panel density ratio   0.150
   Refined-area/LE panel density ratio    0.200
   Top    side refined area x/c limits  1.000 1.000
   Bottom side refined area x/c limits  1.000 1.000

 XFOIL   c>  
.OPERi   c>  
 M  =    0.0000
 Re =   1000000

.OPERv   c>  
.OPERv   c>  
.OPERv   c>  
 Polar  1 newly created for accumulation
 Airfoil archived with polar: NACA 64A223 STANDARD - PDAS/NASA TM-X-3069 6A ge

Enter  polar save filename  OR  <return> for no file   s>  
 New polar save file available

Enter  polar dump filename  OR  <return> for no file   s>  
 Polar dump file will NOT be written

 Polar accumulation enabled

.OPERva   c>   Calculating unit vorticity distributions ...
 Calculating wake trajectory ...
 Calculating source influence matrix ...

 Solving BL system ...

 Initializing BL ...
    side            1  ...
 MRCHUE: Inverse mode at  48     Hk =   4.581
 MRCHUE: Inverse mode at  49     Hk =   6.009
 MRCHUE: Inverse mode at  50     Hk =   7.413
 MRCHUE: Inverse mode at  51     Hk =   8.814
 MRCHUE: Inverse mode at  52     Hk =   6.468
 MRCHUE: Inverse mode at  53     Hk =   2.500
 MRCHUE: Convergence failed at  81  side 1    Res =  0.1231E+02
    side            2  ...
 MRCHUE: Inverse mode at  48     Hk =   4.502
 MRCHUE: Inverse mode at  49     Hk =   5.868
 MRCHUE: Inverse mode at  50     Hk =   7.217
 MRCHUE: Inverse mode at  51     Hk =   8.554
 MRCHUE: Inverse mode at  52     Hk =   8.481
 MRCHUE: Inverse mode at  53     Hk =   2.768
 MRCHUE: Convergence failed at  81  side 2    Res =  0.9156E+01

 MRCHDU: Convergence failed at  81  side 1    Res =  0.1953E+03
 MRCHDU: Convergence failed at  81  side 2    Res =  0.2945E+01
 Side 1  free  transition at x/c =  0.5274   52
 Side 2  free  transition at x/c =  0.5256   52

   1   rms: 0.6610E+00   max: 0.3030E+01   D at   83  2   RLX: 0.495
       a =  0.000      CL =  0.1820
      Cm = -0.0391     CD =  0.00157   =>   CDf =  0.00615    CDp = -0.00458

 Side 1  free  transition at x/c =  0.5392   53
 Side 2  free  transition at x/c =  0.5368   53

   2   rms: 0.4537E+00   max: 0.2279E+01   D at   84  2   RLX: 0.658
       a =  0.000      CL =  0.1464
      Cm = -0.0313     CD =  0.00397   =>   CDf =  0.00593    CDp = -0.00197

 Side 1  free  transition at x/c =  0.5557   54
 Side 2  free  transition at x/c =  0.5474   54
 idif Ue xi dudx           1  0.12144953      2.58731842E-03   46.940311    
 Uenew xinew           2  9.31128021E-03  1.98364258E-04

   3   rms: 0.1422E+00   max: 0.7081E+00   D at   86  2
       a =  0.000      CL =  0.0838
      Cm = -0.0177     CD =  0.00734   =>   CDf =  0.00580    CDp =  0.00154

 Side 1  free  transition at x/c =  0.5720   53
 Side 2  free  transition at x/c =  0.5643   55

   4   rms: 0.3667E-01   max: -.3255E+00   C at   55  2
       a =  0.000      CL =  0.0610
      Cm = -0.0127     CD =  0.00806   =>   CDf =  0.00556    CDp =  0.00250

 Side 1  free  transition at x/c =  0.5677   53
 Side 2  free  transition at x/c =  0.5573   55

   5   rms: 0.2679E-02   max: -.2679E-01   D at   85  2
       a =  0.000      CL =  0.0608
      Cm = -0.0126     CD =  0.00813   =>   CDf =  0.00553    CDp =  0.00259

 Side 1  free  transition at x/c =  0.5674   53
 Side 2  free  transition at x/c =  0.5573   55

   6   rms: 0.9443E-04   max: 0.7228E-03   D at   82  2
       a =  0.000      CL =  0.0609
      Cm = -0.0127     CD =  0.00813   =>   CDf =  0.00553    CDp =  0.00259
 plradd ia,ip,cpol            1           0  0.37224060    

 Point added to stored polar  1
 Point written to save file  polar.txt                                       
 Dump file unspecified or not available
 Calculating wake trajectory ...
 Calculating source influence matrix ...

 Solving BL system ...

 Side 1  free  transition at x/c =  0.5674   53
 Side 2  free  transition at x/c =  0.5573   55

   1   rms: 0.1296E+00   max: -.2379E+00   T at   55  2
       a =  1.000      CL =  0.1601
      Cm = -0.0107     CD =  0.00815   =>   CDf =  0.00548    CDp =  0.00267

 Side 1  free  transition at x/c =  0.5553   55
 Side 2  free  transition at x/c =  0.5661   54

   2   rms: 0.1430E-01   max: -.1370E+00   D at    4  1
       a =  1.000      CL =  0.1600
      Cm = -0.0107     CD =  0.00828   =>   CDf =  0.00565    CDp =  0.00263

 Side 1  free  transition at x/c =  0.5547   55
 Side 2  free  transition at x/c =  0.5684   54

   3   rms: 0.2115E-02   max: -.2377E-01   D at   54  2
       a =  1.000      CL =  0.1583
      Cm = -0.0104     CD =  0.00829   =>   CDf =  0.00560    CDp =  0.00269

 Side 1  free  transition at x/c =  0.5547   55
 Side 2  free  transition at x/c =  0.5678   54

   4   rms: 0.8851E-04   max: -.1544E-02   D at   54  2
       a =  1.000      CL =  0.1582
      Cm = -0.0103     CD =  0.00829   =>   CDf =  0.00561    CDp =  0.00268
 plradd ia,ip,cpol            2           0  0.37224060    

 Point added to stored polar  1
 Point written to save file  polar.txt                                       
 Dump file unspecified or not available
 Calculating wake trajectory ...
 Calculating source influence matrix ...

 Solving BL system ...

 Side 1  free  transition at x/c =  0.5547   55
 Side 2  free  transition at x/c =  0.5678   54

   1   rms: 0.1493E+00   max: 0.2664E+00   D at   54  2
       a =  2.000      CL =  0.2751
      Cm = -0.0126     CD =  0.00844   =>   CDf =  0.00557    CDp =  0.00287

 Side 1  free  transition at x/c =  0.5430   55
 Side 2  free  transition at x/c =  0.5864   54

   2   rms: 0.4031E-01   max: -.4184E+00   D at   55  1
       a =  2.000      CL =  0.2492
      Cm = -0.0066     CD =  0.00841   =>   CDf =  0.00557    CDp =  0.00284

 Side 1  free  transition at x/c =  0.5469   55
 Side 2  free  transition at x/c =  0.5796   53

   3   rms: 0.1634E-01   max: -.1833E+00   D at   53  2
       a =  2.000      CL =  0.2619
      Cm = -0.0095     CD =  0.00835   =>   CDf =  0.00553    CDp =  0.00282

 Side 1  free  transition at x/c =  0.5455   55
 Side 2  free  transition at x/c =  0.5820   53

   4   rms: 0.8655E-03   max: -.8276E-02   D at   54  2
       a =  2.000      CL =  0.2611
      Cm = -0.0093     CD =  0.00835   =>   CDf =  0.00552    CDp =  0.00284

 Side 1  free  transition at x/c =  0.5455   55
 Side 2  free  transition at x/c =  0.5817   53

   5   rms: 0.1500E-04   max: -.9564E-04   D at   79  2
       a =  2.000      CL =  0.2610
      Cm = -0.0093     CD =  0.00835   =>   CDf =  0.00552    CDp =  0.00284
 plradd ia,ip,cpol            3           0  0.37224060    

 Point added to stored polar  1
 Point written to save file  polar.txt                                       
 Dump file unspecified or not available
 Calculating wake trajectory ...
 Calculating source influence matrix ...

 Solving BL system ...

 Side 1  free  transition at x/c =  0.5455   55
 Side 2  free  transition at x/c =  0.5817   53

   1   rms: 0.1306E+00   max: -.2532E+00   T at   53  2
       a =  3.000      CL =  0.3651
      Cm = -0.0085     CD =  0.00853   =>   CDf =  0.00541    CDp =  0.00312

 Side 1  free  transition at x/c =  0.5351   57
 Side 2  free  transition at x/c =  0.5952   52

   2   rms: 0.1145E-01   max: -.1279E+00   D at    4  1
       a =  3.000      CL =  0.3693
      Cm = -0.0096     CD =  0.00859   =>   CDf =  0.00551    CDp =  0.00308

 Side 1  free  transition at x/c =  0.5339   56
 Side 2  free  transition at x/c =  0.5968   52

   3   rms: 0.1549E-02   max: -.1904E-01   D at   56  1
       a =  3.000      CL =  0.3689
      Cm = -0.0095     CD =  0.00858   =>   CDf =  0.00551    CDp =  0.00308

 Side 1  free  transition at x/c =  0.5341   56
 Side 2  free  transition at x/c =  0.5968   52

   4   rms: 0.5502E-04   max: -.4185E-03   D at   84  1
       a =  3.000      CL =  0.3690
      Cm = -0.0095     CD =  0.00858   =>   CDf =  0.00550    CDp =  0.00308
 plradd ia,ip,cpol            4           0  0.35496014    

 Point added to stored polar  1
 Point written to save file  polar.txt                                       
 Dump file unspecified or not available
 Calculating wake trajectory ...
 Calculating source influence matrix ...

 Solving BL system ...

 Side 1  free  transition at x/c =  0.5341   56
 Side 2  free  transition at x/c =  0.5968   52

   1   rms: 0.1356E+00   max: 0.2949E+00   D at   52  2
       a =  4.000      CL =  0.4757
      Cm = -0.0095     CD =  0.00866   =>   CDf =  0.00544    CDp =  0.00322

 Side 1  free  transition at x/c =  0.5209   57
 Side 2  free  transition at x/c =  0.6107   52

   2   rms: 0.2675E-01   max: -.3293E+00   D at   57  1
       a =  4.000      CL =  0.4764
      Cm = -0.0097     CD =  0.00868   =>   CDf =  0.00546    CDp =  0.00322

 Side 1  free  transition at x/c =  0.5243   57
 Side 2  free  transition at x/c =  0.6136   52

   3   rms: 0.4251E-02   max: -.3236E-01   D at   84  1
       a =  4.000      CL =  0.4795
      Cm = -0.0104     CD =  0.00870   =>   CDf =  0.00536    CDp =  0.00334

 Side 1  free  transition at x/c =  0.5237   57
 Side 2  free  transition at x/c =  0.6132   52

   4   rms: 0.2437E-03   max: 0.3548E-02   D at   84  1
       a =  4.000      CL =  0.4797
      Cm = -0.0104     CD =  0.00870   =>   CDf =  0.00537    CDp =  0.00333

 Side 1  free  transition at x/c =  0.5237   57
 Side 2  free  transition at x/c =  0.6132   52

   5   rms: 0.2308E-04   max: -.1124E-03   D at   75  2
       a =  4.000      CL =  0.4796
      Cm = -0.0104     CD =  0.00870   =>   CDf =  0.00537    CDp =  0.00333
 plradd ia,ip,cpol            5           0  0.35496014    

 Point added to stored polar  1
 Point written to save file  polar.txt                                       
 Dump file unspecified or not available
 Calculating wake trajectory ...
 Calculating source influence matrix ...

 Solving BL system ...

 Side 1  free  transition at x/c =  0.5237   57
 Side 2  free  transition at x/c =  0.6132   52

   1   rms: 0.1435E+00   max: 0.4137E+00   D at   52  2
       a =  5.000      CL =  0.5940
      Cm = -0.0123     CD =  0.00888   =>   CDf =  0.00520    CDp =  0.00367

 Side 1  free  transition at x/c =  0.5137   58
 Side 2  free  transition at x/c =  0.6258   51

   2   rms: 0.3573E-01   max: -.3156E+00   D at    2  1
       a =  5.000      CL =  0.5970
      Cm = -0.0130     CD =  0.00889   =>   CDf =  0.00537    CDp =  0.00351

 Side 1  free  transition at x/c =  0.5117   58
 Side 2  free  transition at x/c =  0.6383   51
 idif Ue xi dudx           1  6.46881685E-02  2.92861462E-03   22.088318    
 Uenew xinew           2  9.11063922E-04  4.12464142E-05

   3   rms: 0.1507E-01   max: 0.2712E+00   C at   51  2
       a =  5.000      CL =  0.5921
      Cm = -0.0119     CD =  0.00894   =>   CDf =  0.00531    CDp =  0.00363

 Side 1  free  transition at x/c =  0.5116   57
 Side 2  free  transition at x/c =  0.6313   52

   4   rms: 0.2037E-01   max: -.3470E+00   D at    2  2
       a =  5.000      CL =  0.5908
      Cm = -0.0116     CD =  0.00896   =>   CDf =  0.00528    CDp =  0.00368

 Side 1  free  transition at x/c =  0.5117   57
 Side 2  free  transition at x/c =  0.6314   52

   5   rms: 0.1952E-03   max: 0.1978E-02   D at    5  2
       a =  5.000      CL =  0.5907
      Cm = -0.0116     CD =  0.00896   =>   CDf =  0.00528    CDp =  0.00368

 Side 1  free  transition at x/c =  0.5117   57
 Side 2  free  transition at x/c =  0.6314   52

   6   rms: 0.1818E-05   max: -.1061E-04   D at   74  2
       a =  5.000      CL =  0.5907
      Cm = -0.0116     CD =  0.00896   =>   CDf =  0.00528    CDp =  0.00368
 plradd ia,ip,cpol            6           0  0.21459390    

 Point added to stored polar  1
 Point written to save file  polar.txt                                       
 Dump file unspecified or not available
 Calculating wake trajectory ...
 Calculating source influence matrix ...

 Solving BL system ...

 Side 1  free  transition at x/c =  0.5117   57
 Side 2  free  transition at x/c =  0.6314   52

   1   rms: 0.1428E+00   max: 0.4931E+00   D at   52  2   RLX: 0.904
       a =  6.000      CL =  0.6867
      Cm = -0.0118     CD =  0.00902   =>   CDf =  0.00509    CDp =  0.00393

 Side 1  free  transition at x/c =  0.4915   58
 Side 2  free  transition at x/c =  0.6454   51

   2   rms: 0.3523E-01   max: -.2895E+00   D at    4  1
       a =  6.000      CL =  0.6935
      Cm = -0.0113     CD =  0.00919   =>   CDf =  0.00531    CDp =  0.00388

 Side 1  free  transition at x/c =  0.4940   58
 Side 2  free  transition at x/c =  0.6600   51

   3   rms: 0.1643E-01   max: 0.3319E+00   C at   51  2
       a =  6.000      CL =  0.6904
      Cm = -0.0105     CD =  0.00923   =>   CDf =  0.00512    CDp =  0.00412

 Side 1  free  transition at x/c =  0.4936   58
 Side 2  free  transition at x/c =  0.6523   51

   4   rms: 0.1580E-02   max: -.1983E-01   D at   52  2
       a =  6.000      CL =  0.6894
      Cm = -0.0103     CD =  0.00924   =>   CDf =  0.00517    CDp =  0.00408

 Side 1  free  transition at x/c =  0.4936   58
 Side 2  free  transition at x/c =  0.6524   51

   5   rms: 0.3615E-04   max: -.2541E-03   D at   73  2
       a =  6.000      CL =  0.6894
      Cm = -0.0103     CD =  0.00924   =>   CDf =  0.00517    CDp =  0.00408
 plradd ia,ip,cpol            7           0  9.68595818E-02

 Point added to stored polar  1
 Point written to save file  polar.txt                                       
 Dump file unspecified or not available
 Calculating wake trajectory ...
 Calculating source influence matrix ...

 Solving BL system ...

 Side 1  free  transition at x/c =  0.4936   58
 Side 2  free  transition at x/c =  0.6524   51

   1   rms: 0.1379E+00   max: 0.4911E+00   D at   51  2
       a =  7.000      CL =  0.7972
      Cm = -0.0110     CD =  0.00942   =>   CDf =  0.00494    CDp =  0.00448

 Side 1  free  transition at x/c =  0.4748   59
 Side 2  free  transition at x/c =  0.6657   50

   2   rms: 0.4603E-01   max: -.5028E+00   D at    4  1   RLX: 0.994
       a =  7.000      CL =  0.7936
      Cm = -0.0106     CD =  0.00958   =>   CDf =  0.00519    CDp =  0.00439

 Side 1  free  transition at x/c =  0.4779   59
 Side 2  free  transition at x/c =  0.6828   50

   3   rms: 0.1774E-01   max: -.3010E+00   C at   50  2
       a =  7.000      CL =  0.7887
      Cm = -0.0095     CD =  0.00962   =>   CDf =  0.00503    CDp =  0.00459

 Side 1  free  transition at x/c =  0.4779   59
 Side 2  free  transition at x/c =  0.6734   50

   4   rms: 0.2613E-02   max: 0.2678E-01   D at   51  2
       a =  7.000      CL =  0.7868
      Cm = -0.0091     CD =  0.00966   =>   CDf =  0.00504    CDp =  0.00462

 Side 1  free  transition at x/c =  0.4780   59
 Side 2  free  transition at x/c =  0.6740   50

   5   rms: 0.9955E-04   max: -.7273E-03   D at   71  2
       a =  7.000      CL =  0.7867
      Cm = -0.0090     CD =  0.00966   =>   CDf =  0.00504    CDp =  0.00462
 plradd ia,ip,cpol            8           0  2.96850856E-02

 Point added to stored polar  1
 Point written to save file  polar.txt                                       
 Dump file unspecified or not available
 Calculating wake trajectory ...
 Calculating source influence matrix ...

 Solving BL system ...

 Side 1  free  transition at x/c =  0.4780   59
 Side 2  free  transition at x/c =  0.6740   50

   1   rms: 0.1603E+00   max: -.9813E+00   D at    3  1   RLX: 0.510
       a =  8.000      CL =  0.8385
      Cm = -0.0089     CD =  0.00977   =>   CDf =  0.00504    CDp =  0.00473

 Side 1  free  transition at x/c =  0.4657   59
 Side 2  free  transition at x/c =  0.6833   50

   2   rms: 0.6588E-01   max: -.3392E+00   D at   59  1
       a =  8.000      CL =  0.8788
      Cm = -0.0070     CD =  0.01019   =>   CDf =  0.00486    CDp =  0.00533

 Side 1  free  transition at x/c =  0.4558   59
 Side 2  free  transition at x/c =  0.6967   50

   3   rms: 0.7698E-02   max: 0.8094E-01   D at   50  2
       a =  8.000      CL =  0.8775
      Cm = -0.0068     CD =  0.01017   =>   CDf =  0.00488    CDp =  0.00529

 Side 1  free  transition at x/c =  0.4567   59
 Side 2  free  transition at x/c =  0.6971   50

   4   rms: 0.5931E-03   max: -.3918E-02   D at   86  1
       a =  8.000      CL =  0.8777
      Cm = -0.0069     CD =  0.01017   =>   CDf =  0.00486    CDp =  0.00531

 Side 1  free  transition at x/c =  0.4567   59
 Side 2  free  transition at x/c =  0.6970   50

   5   rms: 0.2027E-04   max: 0.1679E-03   D at   70  2
       a =  8.000      CL =  0.8778
      Cm = -0.0069     CD =  0.01017   =>   CDf =  0.00486    CDp =  0.00531
 plradd ia,ip,cpol            9           0  2.96850856E-02

 Point added to stored polar  1
 Point written to save file  polar.txt                                       
 Dump file unspecified or not available
 Calculating wake trajectory ...
 Calculating source influence matrix ...

 Solving BL system ...

 Side 1  free  transition at x/c =  0.4566   59
 Side 2  free  transition at x/c =  0.6970   50

   1   rms: 0.1366E+00   max: 0.3694E+00   D at   50  2
       a =  9.000      CL =  0.9780
      Cm = -0.0065     CD =  0.01058   =>   CDf =  0.00473    CDp =  0.00584

 Side 1  free  transition at x/c =  0.3882   56
 Side 2  free  transition at x/c =  0.7176   50

   2   rms: 0.4642E-01   max: -.4705E+00   C at   56  1
       a =  9.000      CL =  0.9426
      Cm = -0.0009     CD =  0.01149   =>   CDf =  0.00501    CDp =  0.00648

 Side 1  free  transition at x/c =  0.4163   58
 Side 2  free  transition at x/c =  0.7220   50

   3   rms: 0.1543E-01   max: 0.1978E+00   C at   58  1
       a =  9.000      CL =  0.9513
      Cm = -0.0021     CD =  0.01124   =>   CDf =  0.00479    CDp =  0.00644

 Side 1  free  transition at x/c =  0.4051   57
 Side 2  free  transition at x/c =  0.7221   50

   4   rms: 0.5330E-02   max: -.5283E-01   C at   57  1
       a =  9.000      CL =  0.9473
      Cm = -0.0016     CD =  0.01137   =>   CDf =  0.00487    CDp =  0.00650

 Side 1  free  transition at x/c =  0.4065   57
 Side 2  free  transition at x/c =  0.7221   50

   5   rms: 0.1342E-03   max: -.1295E-02   D at   69  2
       a =  9.000      CL =  0.9471
      Cm = -0.0015     CD =  0.01137   =>   CDf =  0.00486    CDp =  0.00650

 Side 1  free  transition at x/c =  0.4085   58
 Side 2  free  transition at x/c =  0.7221   50

   6   rms: 0.5660E-02   max: 0.9502E-01   C at   58  1
       a =  9.000      CL =  0.9474
      Cm = -0.0016     CD =  0.01136   =>   CDf =  0.00483    CDp =  0.00653

 Side 1  free  transition at x/c =  0.4066   58
 Side 2  free  transition at x/c =  0.7221   50

   7   rms: 0.3511E-03   max: -.2929E-02   D at   59  1
       a =  9.000      CL =  0.9472
      Cm = -0.0015     CD =  0.01137   =>   CDf =  0.00486    CDp =  0.00650

 Side 1  free  transition at x/c =  0.4065   58
 Side 2  free  transition at x/c =  0.7221   50

   8   rms: 0.8873E-05   max: -.7074E-04   D at   69  2
       a =  9.000      CL =  0.9472
      Cm = -0.0015     CD =  0.01137   =>   CDf =  0.00486    CDp =  0.00650
 plradd ia,ip,cpol           10           0  2.19602250E-02

 Point added to stored polar  1
 Point written to save file  polar.txt                                       
 Dump file unspecified or not available
 Calculating wake trajectory ...
 Calculating source influence matrix ...

 Solving BL system ...

 Side 1  free  transition at x/c =  0.4065   58
 Side 2  free  transition at x/c =  0.7221   50

   1   rms: 0.1761E+00   max: -.1236E+01   D at   58  1   RLX: 0.405
       a = 10.000      CL =  0.9632
      Cm =  0.0022     CD =  0.01236   =>   CDf =  0.00486    CDp =  0.00750

 Side 1  free  transition at x/c =  0.3683   55
 Side 2  free  transition at x/c =  0.7311   51

   2   rms: 0.1149E+00   max: 0.1673E+01   C at   55  1   RLX: 0.897
       a = 10.000      CL =  0.9907
      Cm =  0.0057     CD =  0.01359   =>   CDf =  0.00483    CDp =  0.00876

 Side 1  free  transition at x/c =  0.3104   53
 Side 2  free  transition at x/c =  0.7444   50

   3   rms: 0.3229E-01   max: -.2847E+00   C at   53  1
       a = 10.000      CL =  0.9750
      Cm =  0.0086     CD =  0.01449   =>   CDf =  0.00522    CDp =  0.00928

 Side 1  free  transition at x/c =  0.3171   53
 Side 2  free  transition at x/c =  0.7500   51

   4   rms: 0.5291E-02   max: -.6065E-01   D at   50  2
       a = 10.000      CL =  0.9742
      Cm =  0.0087     CD =  0.01448   =>   CDf =  0.00511    CDp =  0.00938

 Side 1  free  transition at x/c =  0.3176   53
 Side 2  free  transition at x/c =  0.7513   51

   5   rms: 0.4227E-03   max: 0.5845E-02   C at   51  2
       a = 10.000      CL =  0.9741
      Cm =  0.0087     CD =  0.01448   =>   CDf =  0.00508    CDp =  0.00940

 Side 1  free  transition at x/c =  0.3176   53
 Side 2  free  transition at x/c =  0.7511   51

   6   rms: 0.3572E-05   max: 0.6318E-04   C at   53  1
       a = 10.000      CL =  0.9741
      Cm =  0.0087     CD =  0.01448   =>   CDf =  0.00508    CDp =  0.00940
 plradd ia,ip,cpol           11           0  4.94164089E-03

 Point added to stored polar  1
 Point written to save file  polar.txt                                       
 Dump file unspecified or not available
 Calculating wake trajectory ...
 Calculating source influence matrix ...

 Solving BL system ...

 Side 1  free  transition at x/c =  0.3176   53
 Side 2  free  transition at x/c =  0.7511   51

   1   rms: 0.2753E+00   max: 0.5194E+01   C at   53  1   RLX: 0.289
       a = 11.000      CL =  0.9804
      Cm =  0.0113     CD =  0.01566   =>   CDf =  0.00508    CDp =  0.01058

 Side 1  free  transition at x/c =  0.2809   51
 Side 2  free  transition at x/c =  0.7604   51

   2   rms: 0.1400E+00   max: 0.1946E+01   C at   51  1   RLX: 0.771
       a = 11.000      CL =  0.9936
      Cm =  0.0156     CD =  0.01803   =>   CDf =  0.00511    CDp =  0.01292

 Side 1  free  transition at x/c =  0.2277   49
 Side 2  free  transition at x/c =  0.7789   51

   3   rms: 0.5533E-01   max: 0.4273E+00   D at    3  1
       a = 11.000      CL =  0.9777
      Cm =  0.0190     CD =  0.01973   =>   CDf =  0.00543    CDp =  0.01430

 Side 1  free  transition at x/c =  0.2231   49
 Side 2  free  transition at x/c =  0.7875   52

   4   rms: 0.1120E-01   max: -.1546E+00   C at   52  2
       a = 11.000      CL =  0.9753
      Cm =  0.0193     CD =  0.01975   =>   CDf =  0.00538    CDp =  0.01437

 Side 1  free  transition at x/c =  0.2246   49
 Side 2  free  transition at x/c =  0.7920   52

   5   rms: 0.1439E-02   max: 0.2374E-01   C at   52  2
       a = 11.000      CL =  0.9749
      Cm =  0.0194     CD =  0.01976   =>   CDf =  0.00532    CDp =  0.01444

 Side 1  free  transition at x/c =  0.2247   49
 Side 2  free  transition at x/c =  0.7914   52

   6   rms: 0.2038E-04   max: -.2724E-03   C at   49  1
       a = 11.000      CL =  0.9749
      Cm =  0.0194     CD =  0.01976   =>   CDf =  0.00532    CDp =  0.01443
 plradd ia,ip,cpol           12           0  4.94164089E-03

 Point added to stored polar  1
 Point written to save file  polar.txt                                       
 Dump file unspecified or not available
 Calculating wake trajectory ...
 Calculating source influence matrix ...

 Solving BL system ...

 Side 1  free  transition at x/c =  0.2248   49
 Side 2  free  transition at x/c =  0.7914   52

   1   rms: 0.2216E+00   max: 0.3217E+01   C at   49  1   RLX: 0.360
       a = 12.000      CL =  0.9828
      Cm =  0.0216     CD =  0.02171   =>   CDf =  0.00532    CDp =  0.01639

 Side 1  free  transition at x/c =  0.1971   47
 Side 2  free  transition at x/c =  0.8052   53

   2   rms: 0.1166E+00   max: -.1163E+01   C at   53  2   RLX: 0.430
       a = 12.000      CL =  0.9950
      Cm =  0.0221     CD =  0.02288   =>   CDf =  0.00543    CDp =  0.01745

 Side 1  free  transition at x/c =  0.1789   46
 Side 2  free  transition at x/c =  0.8173   54

   3   rms: 0.8488E-01   max: -.1008E+01   C at   54  2   RLX: 0.496
       a = 12.000      CL =  0.9982
      Cm =  0.0226     CD =  0.02398   =>   CDf =  0.00548    CDp =  0.01850

 Side 1  free  transition at x/c =  0.1671   46
 Side 2  free  transition at x/c =  0.8343   55

   4   rms: 0.7973E-01   max: -.1473E+01   C at   55  2   RLX: 0.339
       a = 12.000      CL =  0.9952
      Cm =  0.0230     CD =  0.02459   =>   CDf =  0.00544    CDp =  0.01915

 Side 1  free  transition at x/c =  0.1652   45
 Side 2  free  transition at x/c =  0.8428   56

   5   rms: 0.6390E-01   max: -.1249E+01   C at   56  2   RLX: 0.400
       a = 12.000      CL =  0.9927
      Cm =  0.0241     CD =  0.02494   =>   CDf =  0.00525    CDp =  0.01969

 Side 1  free  transition at x/c =  0.1638   46
 Side 2  free  transition at x/c =  0.8548   56

   6   rms: 0.6346E-01   max: -.1338E+01   C at   56  2   RLX: 0.374
       a = 12.000      CL =  0.9908
      Cm =  0.0247     CD =  0.02515   =>   CDf =  0.00532    CDp =  0.01982

 Side 1  free  transition at x/c =  0.1632   46
 Side 2  free  transition at x/c =  0.8701   57

   7   rms: 0.8300E-01   max: -.1854E+01   C at   57  2   RLX: 0.270
       a = 12.000      CL =  0.9898
      Cm =  0.0251     CD =  0.02520   =>   CDf =  0.00523    CDp =  0.01997

 Side 1  free  transition at x/c =  0.1629   46
 Side 2  free  transition at x/c =  0.8843   57

   8   rms: 0.1164E+00   max: -.2386E+01   C at   57  2   RLX: 0.210
       a = 12.000      CL =  0.9898
      Cm =  0.0252     CD =  0.02523   =>   CDf =  0.00516    CDp =  0.02006

 Side 1  free  transition at x/c =  0.1626   46
 Side 2  free  transition at x/c =  0.8945   58

   9   rms: 0.9136E-01   max: -.1948E+01   C at   58  2   RLX: 0.257
       a = 12.000      CL =  0.9903
      Cm =  0.0252     CD =  0.02528   =>   CDf =  0.00513    CDp =  0.02015

 Side 1  free  transition at x/c =  0.1622   46
 Side 2  free  transition at x/c =  0.9135   59

  10   rms: 0.5852E-01   max: -.1194E+01   C at   59  2   RLX: 0.419
       a = 12.000      CL =  0.9928
      Cm =  0.0248     CD =  0.02535   =>   CDf =  0.00508    CDp =  0.02027

 Side 1  free  transition at x/c =  0.1612   46
 Side 2  free  transition at x/c =  0.9170   59

  11   rms: 0.3594E-01   max: -.7232E+00   C at   59  2   RLX: 0.691
       a = 12.000      CL =  0.9939
      Cm =  0.0247     CD =  0.02547   =>   CDf =  0.00507    CDp =  0.02039

 Side 1  free  transition at x/c =  0.1606   46
 Side 2  free  transition at x/c =  0.9656   63

  12   rms: 0.1952E+00   max: 0.3228E+01   C at   63  2   RLX: 0.465
       a = 12.000      CL =  0.9945
      Cm =  0.0248     CD =  0.02533   =>   CDf =  0.00499    CDp =  0.02034

 Side 1  free  transition at x/c =  0.1603   46
 Side 2  free  transition at x/c =  0.9583   62

  13   rms: 0.9562E-01   max: 0.1585E+01   C at   62  2   RLX: 0.946
       a = 12.000      CL =  0.9962
      Cm =  0.0243     CD =  0.02553   =>   CDf =  0.00499    CDp =  0.02054

 Side 1  free  transition at x/c =  0.1599   46
 Side 2  free  transition at x/c =  0.9419   61

  14   rms: 0.1537E-01   max: 0.2851E+00   C at   61  2
       a = 12.000      CL =  0.9977
      Cm =  0.0239     CD =  0.02555   =>   CDf =  0.00502    CDp =  0.02054

 Side 1  free  transition at x/c =  0.1596   46
 Side 2  free  transition at x/c =  0.9353   61

  15   rms: 0.6642E-03   max: -.1233E-01   C at   61  2
       a = 12.000      CL =  0.9978
      Cm =  0.0238     CD =  0.02556   =>   CDf =  0.00503    CDp =  0.02052

 Side 1  free  transition at x/c =  0.1595   46
 Side 2  free  transition at x/c =  0.9355   61

  16   rms: 0.5013E-04   max: -.1007E-02   C at   61  2
       a = 12.000      CL =  0.9978
      Cm =  0.0238     CD =  0.02556   =>   CDf =  0.00503    CDp =  0.02052
 plradd ia,ip,cpol           13           0  4.94164089E-03

 Point added to stored polar  1
 Point written to save file  polar.txt                                       
 Dump file unspecified or not available
 Calculating wake trajectory ...
 Calculating source influence matrix ...

 Solving BL system ...

 Side 1  free  transition at x/c =  0.1595   46
 Side 2  free  transition at x/c =  0.9356   61

   1   rms: 0.5752E+00   max: -.9924E+01   C at   61  2   RLX: 0.050
       a = 13.000      CL =  1.0075
      Cm =  0.0221     CD =  0.02599   =>   CDf =  0.00503    CDp =  0.02096

 Side 1  free  transition at x/c =  0.1547   46
 Side 2  free  transition at x/c =  0.9460   61

   2   rms: 0.5335E+00   max: -.8178E+01   C at   61  2   RLX: 0.061
       a = 13.000      CL =  1.0186
      Cm =  0.0198     CD =  0.02661   =>   CDf =  0.00504    CDp =  0.02156

 Side 1  free  transition at x/c =  0.1501   45
 Side 2  free  transition at x/c =  0.9702   63

   3   rms: 0.9678E+00   max: -.1527E+02   C at   63  2   RLX: 0.033
       a = 13.000      CL =  1.0252
      Cm =  0.0190     CD =  0.02650   =>   CDf =  0.00504    CDp =  0.02145

 Side 1  free  transition at x/c =  0.1483   45
 Side 2  free  transition at x/c =  0.9781   64

   4   rms: 0.1095E+01   max: -.1822E+02   C at   64  2   RLX: 0.027
       a = 13.000      CL =  1.0377
      Cm =  0.0165     CD =  0.02679   =>   CDf =  0.00504    CDp =  0.02175

 Side 1  free  transition at x/c =  0.1452   45
 Side 2  free  transition at x/c =  0.9259   60

   5   rms: 0.6278E+00   max: -.1295E+02   C at   60  2   RLX: 0.039
       a = 13.000      CL =  1.0394
      Cm =  0.0162     CD =  0.02738   =>   CDf =  0.00513    CDp =  0.02226

 Side 1  free  transition at x/c =  0.1437   45
 Side 2  free  transition at x/c =  0.9424   61

   6   rms: 0.6308E+00   max: -.1187E+02   C at   61  2   RLX: 0.042
       a = 13.000      CL =  1.0434
      Cm =  0.0157     CD =  0.02756   =>   CDf =  0.00509    CDp =  0.02247

 Side 1  free  transition at x/c =  0.1413   45
 Side 2  free  transition at x/c =  0.9559   62

   7   rms: 0.5882E+00   max: -.9979E+01   C at   62  2   RLX: 0.050
       a = 13.000      CL =  1.0495
      Cm =  0.0145     CD =  0.02785   =>   CDf =  0.00508    CDp =  0.02277

 Side 1  free  transition at x/c =  0.1382   45
 Side 2  free  transition at x/c =  0.9686   63

   8   rms: 0.7643E+00   max: -.1265E+02   C at   63  2   RLX: 0.040
       a = 13.000      CL =  1.0540
      Cm =  0.0136     CD =  0.02810   =>   CDf =  0.00509    CDp =  0.02300

 Side 1  free  transition at x/c =  0.1361   45
 Side 2  free  transition at x/c =  0.9783   64

   9   rms: 0.3495E+00   max: -.5811E+01   C at   64  2   RLX: 0.086
       a = 13.000      CL =  1.0608
      Cm =  0.0124     CD =  0.02871   =>   CDf =  0.00510    CDp =  0.02361

 Side 1  free  transition at x/c =  0.1333   44
 Side 2  free  transition at x/c =  0.9923   65

  10   rms: 0.2271E+00   max: 0.4057E+01   C at   65  2   RLX: 0.370
       a = 13.000      CL =  1.0761
      Cm =  0.0118     CD =  0.03060   =>   CDf =  0.00510    CDp =  0.02551

 Side 1  free  transition at x/c =  0.1207   43
 Side 2 forced transition at x/c =  1.0000   66

  11   rms: 0.5427E-01   max: -.2720E+00   D at   63  2
       a = 13.000      CL =  1.0557
      Cm =  0.0209     CD =  0.03275   =>   CDf =  0.00505    CDp =  0.02770

 Side 1  free  transition at x/c =  0.1080   43
 Side 2 forced transition at x/c =  1.0000   65

  12   rms: 0.1482E-01   max: 0.1160E+00   D at   64  2
       a = 13.000      CL =  1.0524
      Cm =  0.0200     CD =  0.03349   =>   CDf =  0.00527    CDp =  0.02822

 Side 1  free  transition at x/c =  0.1103   44
 Side 2 forced transition at x/c =  1.0000   65

  13   rms: 0.2566E-02   max: -.3333E-01   D at   44  1
       a = 13.000      CL =  1.0545
      Cm =  0.0197     CD =  0.03334   =>   CDf =  0.00521    CDp =  0.02813

 Side 1  free  transition at x/c =  0.1097   44
 Side 2 forced transition at x/c =  1.0000   65

  14   rms: 0.1258E-03   max: -.2080E-02   D at   44  1
       a = 13.000      CL =  1.0546
      Cm =  0.0197     CD =  0.03335   =>   CDf =  0.00522    CDp =  0.02813

 Side 1  free  transition at x/c =  0.1097   44
 Side 2 forced transition at x/c =  1.0000   65

  15   rms: 0.1891E-05   max: 0.9924E-05   D at   72  1
       a = 13.000      CL =  1.0546
      Cm =  0.0197     CD =  0.03335   =>   CDf =  0.00522    CDp =  0.02812
 plradd ia,ip,cpol           14           0  1.29907194E-03

 Point added to stored polar  1
 Point written to save file  polar.txt                                       
 Dump file unspecified or not available
 Calculating wake trajectory ...
 Calculating source influence matrix ...

 Solving BL system ...

 Side 1  free  transition at x/c =  0.1097   44
 Side 2 forced transition at x/c =  1.0000   65

   1   rms: 0.1280E+00   max: -.5008E+00   D at   44  1   RLX: 0.547
       a = 14.000      CL =  1.0702
      Cm =  0.0219     CD =  0.03672   =>   CDf =  0.00523    CDp =  0.03150

 Side 1  free  transition at x/c =  0.0961   42
 Side 2 forced transition at x/c =  1.0000   65

   2   rms: 0.5474E-01   max: 0.2246E+00   D at   72  1
       a = 14.000      CL =  1.0861
      Cm =  0.0232     CD =  0.03916   =>   CDf =  0.00527    CDp =  0.03389

 Side 1  free  transition at x/c =  0.0869   42
 Side 2 forced transition at x/c =  1.0000   65

   3   rms: 0.1219E-01   max: 0.1018E+00   D at   72  1
       a = 14.000      CL =  1.0774
      Cm =  0.0236     CD =  0.03967   =>   CDf =  0.00529    CDp =  0.03437

 Side 1  free  transition at x/c =  0.0890   42
 Side 2 forced transition at x/c =  1.0000   65

   4   rms: 0.1359E-02   max: -.2018E-01   D at   42  1
       a = 14.000      CL =  1.0777
      Cm =  0.0237     CD =  0.03952   =>   CDf =  0.00524    CDp =  0.03429

 Side 1  free  transition at x/c =  0.0886   42
 Side 2 forced transition at x/c =  1.0000   65

   5   rms: 0.3506E-04   max: -.3913E-03   D at   42  1
       a = 14.000      CL =  1.0777
      Cm =  0.0237     CD =  0.03953   =>   CDf =  0.00525    CDp =  0.03428
 plradd ia,ip,cpol           15           0  4.94164089E-03

 Point added to stored polar  1
 Point written to save file  polar.txt                                       
 Dump file unspecified or not available
 Calculating wake trajectory ...
 Calculating source influence matrix ...

 Solving BL system ...

 Side 1  free  transition at x/c =  0.0886   42
 Side 2 forced transition at x/c =  1.0000   65

   1   rms: 0.1363E+00   max: -.9220E+00   D at   42  1   RLX: 0.487
       a = 15.000      CL =  1.0864
      Cm =  0.0253     CD =  0.04334   =>   CDf =  0.00509    CDp =  0.03825

 Side 1  free  transition at x/c =  0.0799   42
 Side 2 forced transition at x/c =  1.0000   64

   2   rms: 0.6826E-01   max: 0.3814E+00   C at   42  1
       a = 15.000      CL =  1.1021
      Cm =  0.0264     CD =  0.04663   =>   CDf =  0.00524    CDp =  0.04139

 Side 1  free  transition at x/c =  0.0706   41
 Side 2 forced transition at x/c =  1.0000   64

   3   rms: 0.7251E-02   max: 0.7641E-01   D at   71  1
       a = 15.000      CL =  1.1002
      Cm =  0.0265     CD =  0.04637   =>   CDf =  0.00525    CDp =  0.04112

 Side 1  free  transition at x/c =  0.0711   41
 Side 2 forced transition at x/c =  1.0000   64

   4   rms: 0.6259E-03   max: -.7712E-02   D at   71  1
       a = 15.000      CL =  1.1005
      Cm =  0.0266     CD =  0.04626   =>   CDf =  0.00524    CDp =  0.04102

 Side 1  free  transition at x/c =  0.0711   41
 Side 2 forced transition at x/c =  1.0000   64

   5   rms: 0.4677E-04   max: -.2165E-03   D at   76  2
       a = 15.000      CL =  1.1005
      Cm =  0.0266     CD =  0.04626   =>   CDf =  0.00524    CDp =  0.04102
 plradd ia,ip,cpol           16           0  1.29907194E-03

 Point added to stored polar  1
 Point written to save file  polar.txt                                       
 Dump file unspecified or not available
 Calculating wake trajectory ...
 Calculating source influence matrix ...

 Solving BL system ...

 Side 1  free  transition at x/c =  0.0711   41
 Side 2 forced transition at x/c =  1.0000   64

   1   rms: 0.1209E+00   max: 0.6718E+00   C at   41  1   RLX: 0.449
       a = 16.000      CL =  1.1145
      Cm =  0.0273     CD =  0.04952   =>   CDf =  0.00524    CDp =  0.04428

 Side 1  free  transition at x/c =  0.0650   40
 Side 2 forced transition at x/c =  1.0000   64

   2   rms: 0.6466E-01   max: 0.2788E+00   D at   70  1
       a = 16.000      CL =  1.1296
      Cm =  0.0280     CD =  0.05369   =>   CDf =  0.00504    CDp =  0.04864

 Side 1  free  transition at x/c =  0.0576   40
 Side 2 forced transition at x/c =  1.0000   63

   3   rms: 0.1183E-01   max: 0.1079E+00   T at    2  2
       a = 16.000      CL =  1.1244
      Cm =  0.0284     CD =  0.05341   =>   CDf =  0.00523    CDp =  0.04818

 Side 1  free  transition at x/c =  0.0583   40
 Side 2 forced transition at x/c =  1.0000   63

   4   rms: 0.1765E-02   max: -.1525E-01   D at    4  1
       a = 16.000      CL =  1.1237
      Cm =  0.0284     CD =  0.05342   =>   CDf =  0.00522    CDp =  0.04821

 Side 1  free  transition at x/c =  0.0583   40
 Side 2 forced transition at x/c =  1.0000   63

   5   rms: 0.6723E-04   max: 0.6178E-03   D at   76  2
       a = 16.000      CL =  1.1237
      Cm =  0.0284     CD =  0.05341   =>   CDf =  0.00521    CDp =  0.04820
 plradd ia,ip,cpol           17           0  1.29907194E-03

 Point added to stored polar  1
 Point written to save file  polar.txt                                       
 Dump file unspecified or not available
 Calculating wake trajectory ...
 Calculating source influence matrix ...

 Solving BL system ...

 Side 1  free  transition at x/c =  0.0583   40
 Side 2 forced transition at x/c =  1.0000   63

   1   rms: 0.1191E+00   max: 0.3582E+00   D at   69  1   RLX: 0.414
       a = 17.000      CL =  1.1390
      Cm =  0.0286     CD =  0.05642   =>   CDf =  0.00522    CDp =  0.05120

 Side 1  free  transition at x/c =  0.0548   40
 Side 2 forced transition at x/c =  1.0000   63

   2   rms: 0.6966E-01   max: -.2829E+00   D at   40  1
       a = 17.000      CL =  1.1548
      Cm =  0.0291     CD =  0.06087   =>   CDf =  0.00497    CDp =  0.05591

 Side 1  free  transition at x/c =  0.0494   40
 Side 2 forced transition at x/c =  1.0000   62

   3   rms: 0.9641E-02   max: 0.8452E-01   D at   70  1
       a = 17.000      CL =  1.1499
      Cm =  0.0293     CD =  0.06078   =>   CDf =  0.00514    CDp =  0.05564

 Side 1  free  transition at x/c =  0.0496   40
 Side 2 forced transition at x/c =  1.0000   62

   4   rms: 0.7083E-03   max: -.7828E-02   D at   70  1
       a = 17.000      CL =  1.1499
      Cm =  0.0294     CD =  0.06061   =>   CDf =  0.00512    CDp =  0.05549

 Side 1  free  transition at x/c =  0.0496   40
 Side 2 forced transition at x/c =  1.0000   62

   5   rms: 0.4162E-04   max: -.2201E-03   D at   77  2
       a = 17.000      CL =  1.1499
      Cm =  0.0294     CD =  0.06062   =>   CDf =  0.00513    CDp =  0.05549
 plradd ia,ip,cpol           18           0  5.51594887E-04

 Point added to stored polar  1
 Point written to save file  polar.txt                                       
 Dump file unspecified or not available
 Calculating wake trajectory ...
 Calculating source influence matrix ...

 Solving BL system ...

 Side 1  free  transition at x/c =  0.0496   40
 Side 2 forced transition at x/c =  1.0000   62

   1   rms: 0.1108E+00   max: 0.4224E+00   C at   40  1   RLX: 0.383
       a = 18.000      CL =  1.1632
      Cm =  0.0293     CD =  0.06368   =>   CDf =  0.00513    CDp =  0.05854

 Side 1  free  transition at x/c =  0.0438   39
 Side 2 forced transition at x/c =  1.0000   62

   2   rms: 0.6909E-01   max: -.3413E+00   D at   39  1
       a = 18.000      CL =  1.1743
      Cm =  0.0291     CD =  0.06963   =>   CDf =  0.00516    CDp =  0.06447

 Side 1  free  transition at x/c =  0.0374   38
 Side 2 forced transition at x/c =  1.0000   62

   3   rms: 0.1046E-01   max: -.1166E+00   C at   38  1
       a = 18.000      CL =  1.1686
      Cm =  0.0297     CD =  0.06893   =>   CDf =  0.00512    CDp =  0.06380

 Side 1  free  transition at x/c =  0.0378   38
 Side 2 forced transition at x/c =  1.0000   62

   4   rms: 0.2819E-02   max: 0.2748E-01   D at   68  1
       a = 18.000      CL =  1.1666
      Cm =  0.0297     CD =  0.06916   =>   CDf =  0.00511    CDp =  0.06405

 Side 1  free  transition at x/c =  0.0379   38
 Side 2 forced transition at x/c =  1.0000   62

   5   rms: 0.1751E-03   max: 0.1050E-02   D at   76  2
       a = 18.000      CL =  1.1665
      Cm =  0.0297     CD =  0.06911   =>   CDf =  0.00510    CDp =  0.06400

 Side 1  free  transition at x/c =  0.0379   38
 Side 2 forced transition at x/c =  1.0000   62

   6   rms: 0.4373E-05   max: 0.4257E-04   D at   76  2
       a = 18.000      CL =  1.1665
      Cm =  0.0297     CD =  0.06910   =>   CDf =  0.00510    CDp =  0.06400
 plradd ia,ip,cpol           19           0  1.29907194E-03

 Point added to stored polar  1
 Point written to save file  polar.txt                                       
 Dump file unspecified or not available
 Calculating wake trajectory ...
 Calculating source influence matrix ...

 Solving BL system ...

 Side 1  free  transition at x/c =  0.0379   38
 Side 2 forced transition at x/c =  1.0000   62

   1   rms: 0.1076E+00   max: 0.4156E+00   D at   67  1   RLX: 0.352
       a = 19.000      CL =  1.1746
      Cm =  0.0293     CD =  0.07261   =>   CDf =  0.00511    CDp =  0.06750

 Side 1  free  transition at x/c =  0.0352   38
 Side 2 forced transition at x/c =  1.0000   62

   2   rms: 0.7308E-01   max: -.4028E+00   D at   38  1
       a = 19.000      CL =  1.1849
      Cm =  0.0289     CD =  0.07922   =>   CDf =  0.00482    CDp =  0.07440

 Side 1  free  transition at x/c =  0.0314   38
 Side 2 forced transition at x/c =  1.0000   61

   3   rms: 0.1440E-01   max: -.1543E+00   D at   39  1
       a = 19.000      CL =  1.1820
      Cm =  0.0291     CD =  0.07839   =>   CDf =  0.00497    CDp =  0.07342

 Side 1  free  transition at x/c =  0.0311   38
 Side 2 forced transition at x/c =  1.0000   61

   4   rms: 0.2036E-02   max: -.2300E-01   D at    4  1
       a = 19.000      CL =  1.1818
      Cm =  0.0292     CD =  0.07815   =>   CDf =  0.00498    CDp =  0.07317

 Side 1  free  transition at x/c =  0.0311   38
 Side 2 forced transition at x/c =  1.0000   61

   5   rms: 0.3918E-04   max: 0.2600E-03   D at   76  2
       a = 19.000      CL =  1.1818
      Cm =  0.0292     CD =  0.07815   =>   CDf =  0.00498    CDp =  0.07317
 plradd ia,ip,cpol           20           0  5.51594887E-04

 Point added to stored polar  1
 Point written to save file  polar.txt                                       
 Dump file unspecified or not available
 Calculating wake trajectory ...
 Calculating source influence matrix ...

 Solving BL system ...

 Side 1  free  transition at x/c =  0.0311   38
 Side 2 forced transition at x/c =  1.0000   61

   1   rms: 0.1253E+00   max: -.8915E+00   D at   38  1   RLX: 0.325
       a = 20.000      CL =  1.1854
      Cm =  0.0286     CD =  0.08207   =>   CDf =  0.00499    CDp =  0.07708

 Side 1  free  transition at x/c =  0.0281   37
 Side 2 forced transition at x/c =  1.0000   61

   2   rms: 0.8217E-01   max: -.5331E+00   D at   37  1   RLX: 0.938
       a = 20.000      CL =  1.1895
      Cm =  0.0272     CD =  0.08999   =>   CDf =  0.00497    CDp =  0.08501

 Side 1  free  transition at x/c =  0.0233   36
 Side 2 forced transition at x/c =  1.0000   61

   3   rms: 0.2315E-01   max: -.3733E+00   D at   36  1
       a = 20.000      CL =  1.1885
      Cm =  0.0278     CD =  0.08856   =>   CDf =  0.00489    CDp =  0.08367

 Side 1  free  transition at x/c =  0.0222   36
 Side 2 forced transition at x/c =  1.0000   61

   4   rms: 0.1108E-01   max: 0.7261E-01   D at   66  1
       a = 20.000      CL =  1.1798
      Cm =  0.0276     CD =  0.08985   =>   CDf =  0.00493    CDp =  0.08491

 Side 1  free  transition at x/c =  0.0221   35
 Side 2 forced transition at x/c =  1.0000   61

   5   rms: 0.7739E-03   max: -.6695E-02   D at   66  1
       a = 20.000      CL =  1.1798
      Cm =  0.0277     CD =  0.08955   =>   CDf =  0.00491    CDp =  0.08464

 Side 1  free  transition at x/c =  0.0221   35
 Side 2 forced transition at x/c =  1.0000   61

   6   rms: 0.4107E-04   max: -.1772E-03   D at   78  2
       a = 20.000      CL =  1.1798
      Cm =  0.0277     CD =  0.08955   =>   CDf =  0.00492    CDp =  0.08463
 plradd ia,ip,cpol           21           0  5.51594887E-04

 Point added to stored polar  1
 Point written to save file  polar.txt                                       
 Dump file unspecified or not available
 Calculating wake trajectory ...
 Calculating source influence matrix ...

 Solving BL system ...

 Side 1  free  transition at x/c =  0.0221   35
 Side 2 forced transition at x/c =  1.0000   61

   1   rms: 0.1044E+00   max: 0.4566E+00   D at   64  1   RLX: 0.302
       a = 21.000      CL =  1.1837
      Cm =  0.0268     CD =  0.09340   =>   CDf =  0.00463    CDp =  0.08877

 Side 1  free  transition at x/c =  0.0219   36
 Side 2 forced transition at x/c =  1.0000   60

   2   rms: 0.6921E-01   max: 0.2888E+00   D at   66  1
       a = 21.000      CL =  1.1979
      Cm =  0.0249     CD =  0.10105   =>   CDf =  0.00485    CDp =  0.09620

 Side 1  free  transition at x/c =  0.0198   36
 Side 2 forced transition at x/c =  1.0000   60

   3   rms: 0.1796E-01   max: 0.1281E+00   D at   66  1
       a = 21.000      CL =  1.1853
      Cm =  0.0250     CD =  0.10107   =>   CDf =  0.00475    CDp =  0.09632

 Side 1  free  transition at x/c =  0.0201   36
 Side 2 forced transition at x/c =  1.0000   60

   4   rms: 0.1982E-02   max: 0.2381E-01   D at   65  1
       a = 21.000      CL =  1.1839
      Cm =  0.0251     CD =  0.10083   =>   CDf =  0.00471    CDp =  0.09612

 Side 1  free  transition at x/c =  0.0201   36
 Side 2 forced transition at x/c =  1.0000   60

   5   rms: 0.2927E-03   max: 0.1790E-02   D at   65  1
       a = 21.000      CL =  1.1836
      Cm =  0.0251     CD =  0.10078   =>   CDf =  0.00470    CDp =  0.09608

 Side 1  free  transition at x/c =  0.0201   36
 Side 2 forced transition at x/c =  1.0000   60

   6   rms: 0.2453E-04   max: 0.1505E-03   D at   76  2
       a = 21.000      CL =  1.1836
      Cm =  0.0251     CD =  0.10077   =>   CDf =  0.00470    CDp =  0.09607
 plradd ia,ip,cpol           22           0  3.53916839E-05

 Point added to stored polar  1
 Point written to save file  polar.txt                                       
 Dump file unspecified or not available
 Calculating wake trajectory ...
 Calculating source influence matrix ...

 Solving BL system ...

 Side 1  free  transition at x/c =  0.0201   36
 Side 2 forced transition at x/c =  1.0000   60

   1   rms: 0.1093E+00   max: 0.6048E+00   D at   64  1   RLX: 0.279
       a = 22.000      CL =  1.1817
      Cm =  0.0237     CD =  0.10555   =>   CDf =  0.00471    CDp =  0.10083

 Side 1  free  transition at x/c =  0.0196   36
 Side 2 forced transition at x/c =  1.0000   60

   2   rms: 0.7682E-01   max: 0.4030E+00   D at   64  1
       a = 22.000      CL =  1.1825
      Cm =  0.0207     CD =  0.11629   =>   CDf =  0.00465    CDp =  0.11164

 Side 1  free  transition at x/c =  0.0175   35
 Side 2 forced transition at x/c =  1.0000   60

   3   rms: 0.3112E-01   max: -.3602E+00   D at   35  1
       a = 22.000      CL =  1.1776
      Cm =  0.0211     CD =  0.11394   =>   CDf =  0.00449    CDp =  0.10945

 Side 1  free  transition at x/c =  0.0178   35
 Side 2 forced transition at x/c =  1.0000   60

   4   rms: 0.5314E-02   max: 0.3719E-01   D at   63  1
       a = 22.000      CL =  1.1750
      Cm =  0.0210     CD =  0.11423   =>   CDf =  0.00448    CDp =  0.10975

 Side 1  free  transition at x/c =  0.0176   35
 Side 2 forced transition at x/c =  1.0000   60

   5   rms: 0.4650E-03   max: 0.2559E-02   D at   77  2
       a = 22.000      CL =  1.1746
      Cm =  0.0210     CD =  0.11416   =>   CDf =  0.00448    CDp =  0.10969

 Side 1  free  transition at x/c =  0.0176   35
 Side 2 forced transition at x/c =  1.0000   60

   6   rms: 0.4355E-04   max: 0.2888E-03   D at   77  2
       a = 22.000      CL =  1.1746
      Cm =  0.0210     CD =  0.11415   =>   CDf =  0.00448    CDp =  0.10967
 plradd ia,ip,cpol           23           0  3.53916839E-05

 Point added to stored polar  1
 Point written to save file  polar.txt                                       
 Dump file unspecified or not available
 Calculating wake trajectory ...
 Calculating source influence matrix ...

 Solving BL system ...

 Side 1  free  transition at x/c =  0.0176   35
 Side 2 forced transition at x/c =  1.0000   60

   1   rms: 0.1046E+00   max: 0.6161E+00   D at   62  1   RLX: 0.260
       a = 23.000      CL =  1.1720
      Cm =  0.0194     CD =  0.11896   =>   CDf =  0.00449    CDp =  0.11447

 Side 1  free  transition at x/c =  0.0173   35
 Side 2 forced transition at x/c =  1.0000   60

   2   rms: 0.7254E-01   max: 0.4134E+00   D at   62  1
       a = 23.000      CL =  1.1727
      Cm =  0.0153     CD =  0.13080   =>   CDf =  0.00410    CDp =  0.12670

 Side 1  free  transition at x/c =  0.0160   36
 Side 2 forced transition at x/c =  1.0000   59

   3   rms: 0.2186E-01   max: 0.1875E+00   D at   62  1
       a = 23.000      CL =  1.1589
      Cm =  0.0151     CD =  0.12991   =>   CDf =  0.00429    CDp =  0.12562

 Side 1  free  transition at x/c =  0.0163   36
 Side 2 forced transition at x/c =  1.0000   59

   4   rms: 0.6774E-02   max: 0.7348E-01   D at   62  1
       a = 23.000      CL =  1.1548
      Cm =  0.0150     CD =  0.12988   =>   CDf =  0.00423    CDp =  0.12565

 Side 1  free  transition at x/c =  0.0163   36
 Side 2 forced transition at x/c =  1.0000   59

   5   rms: 0.6547E-03   max: -.6214E-02   D at   62  1
       a = 23.000      CL =  1.1547
      Cm =  0.0151     CD =  0.12954   =>   CDf =  0.00421    CDp =  0.12533

 Side 1  free  transition at x/c =  0.0163   36
 Side 2 forced transition at x/c =  1.0000   59

   6   rms: 0.3215E-04   max: 0.2361E-03   D at   76  2
       a = 23.000      CL =  1.1547
      Cm =  0.0151     CD =  0.12952   =>   CDf =  0.00422    CDp =  0.12530
 plradd ia,ip,cpol           24           0  3.53916839E-05

 Point added to stored polar  1
 Point written to save file  polar.txt                                       
 Dump file unspecified or not available
 Calculating wake trajectory ...
 Calculating source influence matrix ...

 Solving BL system ...

 Side 1  free  transition at x/c =  0.0163   36
 Side 2 forced transition at x/c =  1.0000   59

   1   rms: 0.9872E-01   max: 0.5683E+00   D at   61  1   RLX: 0.244
       a = 24.000      CL =  1.1530
      Cm =  0.0133     CD =  0.13407   =>   CDf =  0.00423    CDp =  0.12984

 Side 1  free  transition at x/c =  0.0162   36
 Side 2 forced transition at x/c =  1.0000   59

   2   rms: 0.9096E-01   max: 0.6165E+00   D at   61  1
       a = 24.000      CL =  1.1346
      Cm =  0.0062     CD =  0.15219   =>   CDf =  0.00417    CDp =  0.14802

 Side 1  free  transition at x/c =  0.0157   35
 Side 2 forced transition at x/c =  1.0000   59

   3   rms: 0.2027E-01   max: 0.2889E+00   D at   60  1
       a = 24.000      CL =  1.1299
      Cm =  0.0069     CD =  0.14757   =>   CDf =  0.00395    CDp =  0.14362

 Side 1  free  transition at x/c =  0.0157   35
 Side 2 forced transition at x/c =  1.0000   59

   4   rms: 0.1053E-01   max: -.8848E-01   D at   60  1
       a = 24.000      CL =  1.1363
      Cm =  0.0077     CD =  0.14474   =>   CDf =  0.00392    CDp =  0.14082

 Side 1  free  transition at x/c =  0.0157   35
 Side 2 forced transition at x/c =  1.0000   59

   5   rms: 0.1182E-02   max: -.4944E-02   D at   79  2
       a = 24.000      CL =  1.1372
      Cm =  0.0077     CD =  0.14488   =>   CDf =  0.00394    CDp =  0.14094

 Side 1  free  transition at x/c =  0.0157   35
 Side 2 forced transition at x/c =  1.0000   59

   6   rms: 0.1670E-03   max: -.1199E-02   D at   77  2
       a = 24.000      CL =  1.1373
      Cm =  0.0077     CD =  0.14496   =>   CDf =  0.00394    CDp =  0.14102

 Side 1  free  transition at x/c =  0.0157   35
 Side 2 forced transition at x/c =  1.0000   59

   7   rms: 0.1126E-04   max: -.8781E-04   D at   77  2
       a = 24.000      CL =  1.1373
      Cm =  0.0077     CD =  0.14497   =>   CDf =  0.00394    CDp =  0.14103
 plradd ia,ip,cpol           25           0  1.29907194E-03

 Point added to stored polar  1
 Point written to save file  polar.txt                                       
 Dump file unspecified or not available
 Calculating wake trajectory ...
 Calculating source influence matrix ...

 Solving BL system ...

 Side 1  free  transition at x/c =  0.0157   35
 Side 2 forced transition at x/c =  1.0000   59

   1   rms: 0.1103E+00   max: 0.7290E+00   D at   58  1   RLX: 0.227
       a = 25.000      CL =  1.1322
      Cm =  0.0054     CD =  0.15043   =>   CDf =  0.00396    CDp =  0.14647

 Side 1  free  transition at x/c =  0.0157   35
 Side 2 forced transition at x/c =  1.0000   59

   2   rms: 0.7094E-01   max: 0.4328E+00   D at   58  1
       a = 25.000      CL =  1.1347
      Cm = -0.0009     CD =  0.16434   =>   CDf =  0.00358    CDp =  0.16076

 Side 1  free  transition at x/c =  0.0154   36
 Side 2 forced transition at x/c =  1.0000   58

   3   rms: 0.2179E-01   max: 0.2088E+00   D at   59  1
       a = 25.000      CL =  1.1238
      Cm = -0.0011     CD =  0.16201   =>   CDf =  0.00370    CDp =  0.15831

 Side 1  free  transition at x/c =  0.0153   36
 Side 2 forced transition at x/c =  1.0000   58

   4   rms: 0.4912E-02   max: 0.5885E-01   D at   58  1
       a = 25.000      CL =  1.1212
      Cm = -0.0011     CD =  0.16114   =>   CDf =  0.00366    CDp =  0.15748

 Side 1  free  transition at x/c =  0.0153   36
 Side 2 forced transition at x/c =  1.0000   58

   5   rms: 0.6387E-03   max: -.4678E-02   D at   58  1
       a = 25.000      CL =  1.1212
      Cm = -0.0010     CD =  0.16069   =>   CDf =  0.00365    CDp =  0.15703

 Side 1  free  transition at x/c =  0.0153   36
 Side 2 forced transition at x/c =  1.0000   58

   6   rms: 0.4621E-04   max: -.1705E-03   D at   58  1
       a = 25.000      CL =  1.1212
      Cm = -0.0010     CD =  0.16066   =>   CDf =  0.00365    CDp =  0.15700
 plradd ia,ip,cpol           26           0  3.53916839E-05

 Point added to stored polar  1
 Point written to save file  polar.txt                                       
 Dump file unspecified or not available

.OPERva   c>  
 Polar accumulation disabled

.OPERv   c>  
 XFOIL   c>  