
 ===================================================
  XFOIL Version 6.99
  Copyright (C) 2000   Mark Drela, Harold Youngren

  This software comes with ABSOLUTELY NO WARRANTY,
    subject to the GNU General Public License.

  Caveat computor
 ===================================================

 File  xfoil.def  not found

   QUIT    Exit program

  .OPER    Direct operating point(s)
  .MDES    Complex mapping design routine
  .QDES    Surface speed design routine
  .GDES    Geometry design routine

   SAVE f  Write airfoil to labeled coordinate file
   PSAV f  Write airfoil to plain coordinate file
   ISAV f  Write airfoil to ISES coordinate file
   MSAV f  Write airfoil to MSES coordinate file
   REVE    Reverse written-airfoil node ordering

   LOAD f  Read buffer airfoil from coordinate file
   NACA i  Set NACA 4,5-digit airfoil and buffer airfoil
   INTE    Set buffer airfoil by interpolating two airfoils
   NORM    Buffer airfoil normalization toggle
   XYCM rr Change CM reference location, currently  0.25000 0.00000

   BEND    Display structural properties of current airfoil

   PCOP    Set current-airfoil panel nodes directly from buffer airfoil points
   PANE    Set current-airfoil panel nodes ( 160 ) based on curvature
  .PPAR    Show/change paneling

  .PLOP    Plotting options

   WDEF f  Write  current-settings file
   RDEF f  Reread current-settings file
   NAME s  Specify new airfoil name
   NINC    Increment name version number

   Z       Zoom    | (available in all menus)
   U       Unzoom  | 

 XFOIL   c>  
 Labeled airfoil file.  Name:  NACA 64A223 STANDARD - PDAS/NASA TM-X-3069 6A ge

 Number of input coordinate points: 801
 Counterclockwise ordering
 Max thickness =     0.230026  at x =   0.378
 Max camber    =     0.011962  at x =   0.571

  LE  x,y  =  -0.00023   0.00291  |   Chord =   1.00024
  TE  x,y  =   1.00000   0.00000  |
 Maximum number of panel nodes  :          495
 Number of buffer airfoil points:          801
 Current airfoil cannot be set.
 Try executing PANE at Top Level instead.

 XFOIL   c>  
 Sharp trailing edge

 Paneling parameters used...
   Number of panel nodes       160
   Panel bunching parameter    1.000
   TE/LE panel density ratio   0.150
   Refined-area/LE panel density ratio    0.200
   Top    side refined area x/c limits  1.000 1.000
   Bottom side refined area x/c limits  1.000 1.000

 XFOIL   c>  
.OPERi   c>  
 M  =    0.0000
 Re =   1400000

.OPERv   c>  
.OPERv   c>  
.OPERv   c>  
 Polar  1 newly created for accumulation
 Airfoil archived with polar: NACA 64A223 STANDARD - PDAS/NASA TM-X-3069 6A ge

Enter  polar save filename  OR  <return> for no file   s>  
 New polar save file available

Enter  polar dump filename  OR  <return> for no file   s>  
 Polar dump file will NOT be written

 Polar accumulation enabled

.OPERva   c>   Calculating unit vorticity distributions ...
 Calculating wake trajectory ...
 Calculating source influence matrix ...

 Solving BL system ...

 Initializing BL ...
    side            1  ...
 MRCHUE: Inverse mode at  48     Hk =   4.853
 MRCHUE: Inverse mode at  49     Hk =   6.545
 MRCHUE: Inverse mode at  50     Hk =   8.218
 MRCHUE: Inverse mode at  51     Hk =   7.634
 MRCHUE: Inverse mode at  52     Hk =   2.500
 MRCHUE: Convergence failed at  81  side 1    Res =  0.2807E+02
    side            2  ...
 MRCHUE: Inverse mode at  48     Hk =   4.763
 MRCHUE: Inverse mode at  49     Hk =   6.381
 MRCHUE: Inverse mode at  50     Hk =   7.988
 MRCHUE: Inverse mode at  51     Hk =   9.588
 MRCHUE: Inverse mode at  52     Hk =   2.500
 MRCHUE: Convergence failed at  81  side 2    Res =  0.1656E+02

 MRCHDU: Convergence failed at  81  side 1    Res =  0.1553E+01
 MRCHDU: Convergence failed at  81  side 2    Res =  0.3387E+01
 Side 1  free  transition at x/c =  0.5126   51
 Side 2  free  transition at x/c =  0.5088   51

   1   rms: 0.6625E+00   max: 0.3000E+01   D at   83  2   RLX: 0.500
       a =  0.000      CL =  0.1810
      Cm = -0.0389     CD =  0.00139   =>   CDf =  0.00572    CDp = -0.00433

 MRCHDU: Convergence failed at  81  side 1    Res =  0.1627E+00
 Side 1  free  transition at x/c =  0.5241   52
 Side 2  free  transition at x/c =  0.5202   52

   2   rms: 0.4565E+00   max: 0.2087E+01   D at   84  2   RLX: 0.719
       a =  0.000      CL =  0.2511
      Cm = -0.0550     CD =  0.00323   =>   CDf =  0.00548    CDp = -0.00225

 MRCHDU: Convergence failed at  82  side 1    Res =  0.1518E+01
 Side 1  free  transition at x/c =  0.5403   54
 Side 2  free  transition at x/c =  0.5342   52

   3   rms: 0.1775E+00   max: 0.1102E+01   D at   82  1
       a =  0.000      CL =  0.3063
      Cm = -0.0674     CD =  0.00574   =>   CDf =  0.00533    CDp =  0.00040

 MRCHDU: Convergence failed at  82  side 1    Res =  0.2606E+01
 Side 1  free  transition at x/c =  0.5522   54
 Side 2  free  transition at x/c =  0.5459   52

   4   rms: 0.9396E-01   max: 0.1088E+01   D at   82  1
       a =  0.000      CL =  0.3233
      Cm = -0.0712     CD =  0.00642   =>   CDf =  0.00522    CDp =  0.00120

 MRCHDU: Convergence failed at  82  side 1    Res =  0.4523E+01
 Side 1  free  transition at x/c =  0.5514   54
 Side 2  free  transition at x/c =  0.5449   52

   5   rms: 0.8791E-01   max: 0.1131E+01   D at   82  1
       a =  0.000      CL =  0.3334
      Cm = -0.0735     CD =  0.00642   =>   CDf =  0.00521    CDp =  0.00122

 MRCHDU: Convergence failed at  82  side 1    Res =  0.3272E+01
 Side 1  free  transition at x/c =  0.5512   54
 Side 2  free  transition at x/c =  0.5449   52

   6   rms: 0.9169E-01   max: 0.1154E+01   D at   82  1
       a =  0.000      CL =  0.3436
      Cm = -0.0758     CD =  0.00635   =>   CDf =  0.00521    CDp =  0.00114

 MRCHDU: Convergence failed at  82  side 1    Res =  0.2778E+01
 Side 1  free  transition at x/c =  0.5511   54
 Side 2  free  transition at x/c =  0.5450   52

   7   rms: 0.9395E-01   max: 0.1180E+01   D at   82  1
       a =  0.000      CL =  0.3545
      Cm = -0.0782     CD =  0.00627   =>   CDf =  0.00521    CDp =  0.00106

 MRCHDU: Convergence failed at  82  side 1    Res =  0.2436E+01
 Side 1  free  transition at x/c =  0.5511   54
 Side 2  free  transition at x/c =  0.5451   52

   8   rms: 0.9652E-01   max: 0.1207E+01   D at   82  1
       a =  0.000      CL =  0.3661
      Cm = -0.0808     CD =  0.00618   =>   CDf =  0.00522    CDp =  0.00097

 MRCHDU: Convergence failed at  82  side 1    Res =  0.2187E+01
 Side 1  free  transition at x/c =  0.5510   54
 Side 2  free  transition at x/c =  0.5451   52

   9   rms: 0.9912E-01   max: 0.1236E+01   D at   82  1
       a =  0.000      CL =  0.3786
      Cm = -0.0837     CD =  0.00609   =>   CDf =  0.00522    CDp =  0.00087

 MRCHDU: Convergence failed at  82  side 1    Res =  0.2001E+01
 Side 1  free  transition at x/c =  0.5509   54
 Side 2  free  transition at x/c =  0.5452   52

  10   rms: 0.1018E+00   max: 0.1268E+01   D at   82  1
       a =  0.000      CL =  0.3924
      Cm = -0.0868     CD =  0.00598   =>   CDf =  0.00522    CDp =  0.00076

 MRCHDU: Convergence failed at  82  side 1    Res =  0.1853E+01
 Side 1  free  transition at x/c =  0.5508   54
 Side 2  free  transition at x/c =  0.5453   52

  11   rms: 0.1048E+00   max: 0.1302E+01   D at   82  1
       a =  0.000      CL =  0.4077
      Cm = -0.0902     CD =  0.00587   =>   CDf =  0.00523    CDp =  0.00064

 MRCHDU: Convergence failed at  83  side 1    Res =  0.1741E+01
 Side 1  free  transition at x/c =  0.5507   55
 Side 2  free  transition at x/c =  0.5454   51

  12   rms: 0.1080E+00   max: 0.1340E+01   D at   83  1
       a =  0.000      CL =  0.4252
      Cm = -0.0942     CD =  0.00575   =>   CDf =  0.00523    CDp =  0.00052

 MRCHDU: Convergence failed at  83  side 1    Res =  0.1652E+01
 Side 1  free  transition at x/c =  0.5506   55
 Side 2  free  transition at x/c =  0.5454   51

  13   rms: 0.1115E+00   max: 0.1382E+01   D at   83  1
       a =  0.000      CL =  0.4454
      Cm = -0.0988     CD =  0.00561   =>   CDf =  0.00523    CDp =  0.00038

 MRCHDU: Convergence failed at  83  side 1    Res =  0.1553E+01
 Side 1  free  transition at x/c =  0.5505   55
 Side 2  free  transition at x/c =  0.5456   51

  14   rms: 0.1154E+00   max: 0.1431E+01   D at   83  1
       a =  0.000      CL =  0.4695
      Cm = -0.1042     CD =  0.00546   =>   CDf =  0.00524    CDp =  0.00022

 MRCHDU: Convergence failed at  83  side 1    Res =  0.1488E+01
 Side 1  free  transition at x/c =  0.5504   55
 Side 2  free  transition at x/c =  0.5457   51

  15   rms: 0.1201E+00   max: 0.1488E+01   D at   83  1
       a =  0.000      CL =  0.4989
      Cm = -0.1109     CD =  0.00527   =>   CDf =  0.00525    CDp =  0.00003

 MRCHDU: Convergence failed at  83  side 1    Res =  0.1785E+01
 Side 1  free  transition at x/c =  0.5502   55
 Side 2  free  transition at x/c =  0.5458   51

  16   rms: 0.1257E+00   max: 0.1556E+01   D at   83  1   RLX: 0.964
       a =  0.000      CL =  0.5346
      Cm = -0.1191     CD =  0.00501   =>   CDf =  0.00526    CDp = -0.00024

 MRCHDU: Convergence failed at  83  side 1    Res =  0.2137E+01
 Side 1  free  transition at x/c =  0.5499   55
 Side 2  free  transition at x/c =  0.5460   51

  17   rms: 0.1328E+00   max: 0.1635E+01   D at   83  1   RLX: 0.918
       a =  0.000      CL =  0.5788
      Cm = -0.1292     CD =  0.00471   =>   CDf =  0.00529    CDp = -0.00059

 MRCHDU: Convergence failed at  84  side 1    Res =  0.2800E+01
 Side 1  free  transition at x/c =  0.5496   56
 Side 2  free  transition at x/c =  0.5462   50

  18   rms: 0.1477E+00   max: 0.4987E+00   D at   80  2   RLX: 0.814
       a =  0.000      CL =  0.6359
      Cm = -0.1423     CD =  0.00432   =>   CDf =  0.00529    CDp = -0.00097

 MRCHDU: Convergence failed at  84  side 1    Res =  0.3696E+01
 Side 1  free  transition at x/c =  0.5492   56
 Side 2  free  transition at x/c =  0.5464   50

  19   rms: 0.1557E+00   max: -.5396E+00   U at   84  1   RLX: 0.695
       a =  0.000      CL =  0.6973
      Cm = -0.1566     CD =  0.00390   =>   CDf =  0.00531    CDp = -0.00140

 MRCHDU: Convergence failed at  84  side 1    Res =  0.4310E+01
 Side 1  free  transition at x/c =  0.5488   56
 Side 2  free  transition at x/c =  0.5466   50

  20   rms: 0.1759E+00   max: -.6299E+00   U at   84  1   RLX: 0.595
       a =  0.000      CL =  0.7700
      Cm = -0.1736     CD =  0.00353   =>   CDf =  0.00539    CDp = -0.00186

 MRCHDU: Convergence failed at  85  side 1    Res =  0.2998E+01
 Side 1  free  transition at x/c =  0.5482   57
 Side 2  free  transition at x/c =  0.5466   49

  21   rms: 0.1997E+00   max: -.7409E+00   U at   85  1   RLX: 0.506
       a =  0.000      CL =  0.8453
      Cm = -0.1913     CD =  0.00322   =>   CDf =  0.00538    CDp = -0.00216

 MRCHDU: Convergence failed at  85  side 1    Res =  0.7476E+01
 Side 1  free  transition at x/c =  0.5476   57
 Side 2  free  transition at x/c =  0.5469   50

  22   rms: 0.2230E+00   max: -.8596E+00   U at   85  1   RLX: 0.436
       a =  0.000      CL =  0.9272
      Cm = -0.2107     CD =  0.00294   =>   CDf =  0.00550    CDp = -0.00256

 MRCHDU: Convergence failed at  86  side 1    Res =  0.1523E+00
 Side 1  free  transition at x/c =  0.5470   58
 Side 2  free  transition at x/c =  0.5479   49

  23   rms: 0.2572E+00   max: -.9908E+00   U at   86  1   RLX: 0.378
       a =  0.000      CL =  1.0128
      Cm = -0.2312     CD =  0.00272   =>   CDf =  0.00546    CDp = -0.00273

 Side 1  free  transition at x/c =  0.5463   58
 Side 2  free  transition at x/c =  0.5487   49
 idif Ue xi dudx           1  0.17814410      4.49740887E-03   39.610386    
 Uenew xinew           2  7.19243735E-02  1.81579590E-03

  24   rms: 0.4461E+00   max: -.1299E+01   D at   69  2   RLX: 0.385
       a =  0.000      CL =  0.7854
      Cm = -0.1776     CD =  0.00345   =>   CDf =  0.00536    CDp = -0.00191

 Side 1  free  transition at x/c =  0.5483   57
 Side 2  free  transition at x/c =  0.5474   50
 idif Ue xi dudx           1  0.20373675      5.14292717E-03   39.614941    
 Uenew xinew           2  0.10045163      2.53570080E-03

  25   rms: 0.3711E+00   max: -.1143E+01   D at   73  2   RLX: 0.437
       a =  0.000      CL =  0.5743
      Cm = -0.1287     CD =  0.00430   =>   CDf =  0.00529    CDp = -0.00099

 Side 1  free  transition at x/c =  0.5499   56
 Side 2  free  transition at x/c =  0.5458   50
 idif Ue xi dudx           1  0.16675413      3.93700600E-03   42.355568    
 Uenew xinew           2  5.91410138E-02  1.39629841E-03

  26   rms: 0.4107E+00   max: 0.5602E+01   D at    2  1   RLX: 0.268
       a =  0.000      CL =  0.4765
      Cm = -0.1061     CD =  0.00491   =>   CDf =  0.00525    CDp = -0.00034

 Side 1  free  transition at x/c =  0.5505   55
 Side 2  free  transition at x/c =  0.5455   51
 idif Ue xi dudx           1  0.19543660      4.23145294E-03   46.186642    
 Uenew xinew           2  8.10299888E-02  1.75440311E-03

  27   rms: 0.2390E+00   max: -.7858E+00   D at   76  2   RLX: 0.636
       a =  0.000      CL =  0.2833
      Cm = -0.0624     CD =  0.00600   =>   CDf =  0.00523    CDp =  0.00077

 Side 1  free  transition at x/c =  0.5515   54
 Side 2  free  transition at x/c =  0.5447   52
 idif Ue xi dudx           1  0.19546656      4.53615189E-03   43.090832    
 Uenew xinew           2  9.12351906E-02  2.11727619E-03

  28   rms: 0.1638E+00   max: -.6395E+00   D at   79  2   RLX: 0.782
       a =  0.000      CL =  0.1154
      Cm = -0.0248     CD =  0.00702   =>   CDf =  0.00520    CDp =  0.00183

 Side 1  free  transition at x/c =  0.5522   53
 Side 2  free  transition at x/c =  0.5437   53
 idif Ue xi dudx           1  0.17213663      3.34727764E-03   51.425861    
 Uenew xinew           2  4.92826104E-02  9.58323479E-04

  29   rms: 0.8099E-01   max: 0.4638E+00   D at   81  1
       a =  0.000      CL =  0.0169
      Cm = -0.0028     CD =  0.00717   =>   CDf =  0.00518    CDp =  0.00198

 Side 1  free  transition at x/c =  0.5526   52
 Side 2  free  transition at x/c =  0.5429   54

  30   rms: 0.3461E-01   max: -.1421E+00   D at   77  1
       a =  0.000      CL =  0.0634
      Cm = -0.0131     CD =  0.00739   =>   CDf =  0.00517    CDp =  0.00221

 Side 1  free  transition at x/c =  0.5524   52
 Side 2  free  transition at x/c =  0.5433   54

  31   rms: 0.3139E-02   max: 0.2311E-01   D at   82  2
       a =  0.000      CL =  0.0670
      Cm = -0.0140     CD =  0.00739   =>   CDf =  0.00517    CDp =  0.00222

 Side 1  free  transition at x/c =  0.5524   52
 Side 2  free  transition at x/c =  0.5433   54

  32   rms: 0.2548E-03   max: 0.1882E-02   D at   82  2
       a =  0.000      CL =  0.0673
      Cm = -0.0140     CD =  0.00739   =>   CDf =  0.00517    CDp =  0.00222

 Side 1  free  transition at x/c =  0.5524   52
 Side 2  free  transition at x/c =  0.5433   54

  33   rms: 0.8462E-05   max: 0.4648E-04   D at   81  2
       a =  0.000      CL =  0.0674
      Cm = -0.0140     CD =  0.00739   =>   CDf =  0.00517    CDp =  0.00222
 plradd ia,ip,cpol            1           0  0.37224060    

 Point added to stored polar  1
 Point written to save file  polar.txt                                       
 Dump file unspecified or not available
 Calculating wake trajectory ...
 Calculating source influence matrix ...

 Solving BL system ...

 Side 1  free  transition at x/c =  0.5524   52
 Side 2  free  transition at x/c =  0.5433   54

   1   rms: 0.1320E+00   max: -.2006E+00   T at   54  2
       a =  1.000      CL =  0.1733
      Cm = -0.0134     CD =  0.00741   =>   CDf =  0.00513    CDp =  0.00228

 Side 1  free  transition at x/c =  0.5420   54
 Side 2  free  transition at x/c =  0.5532   53

   2   rms: 0.1280E-01   max: -.1415E+00   D at    4  1
       a =  1.000      CL =  0.1701
      Cm = -0.0128     CD =  0.00743   =>   CDf =  0.00517    CDp =  0.00225

 Side 1  free  transition at x/c =  0.5421   54
 Side 2  free  transition at x/c =  0.5547   53

   3   rms: 0.9961E-03   max: 0.9331E-02   D at    5  1
       a =  1.000      CL =  0.1702
      Cm = -0.0129     CD =  0.00743   =>   CDf =  0.00515    CDp =  0.00228

 Side 1  free  transition at x/c =  0.5421   54
 Side 2  free  transition at x/c =  0.5545   53

   4   rms: 0.2229E-05   max: 0.1622E-04   D at   80  2
       a =  1.000      CL =  0.1702
      Cm = -0.0129     CD =  0.00743   =>   CDf =  0.00515    CDp =  0.00228
 plradd ia,ip,cpol            2           0  0.37224060    

 Point added to stored polar  1
 Point written to save file  polar.txt                                       
 Dump file unspecified or not available
 Calculating wake trajectory ...
 Calculating source influence matrix ...

 Solving BL system ...

 Side 1  free  transition at x/c =  0.5421   54
 Side 2  free  transition at x/c =  0.5545   53

   1   rms: 0.1405E+00   max: 0.3611E+00   D at   53  2
       a =  2.000      CL =  0.2732
      Cm = -0.0119     CD =  0.00754   =>   CDf =  0.00512    CDp =  0.00242

 Side 1  free  transition at x/c =  0.5332   54
 Side 2  free  transition at x/c =  0.5647   52

   2   rms: 0.1475E-01   max: -.1286E+00   D at   55  1
       a =  2.000      CL =  0.2755
      Cm = -0.0124     CD =  0.00759   =>   CDf =  0.00518    CDp =  0.00241

 Side 1  free  transition at x/c =  0.5319   54
 Side 2  free  transition at x/c =  0.5656   52

   3   rms: 0.6693E-03   max: -.5265E-02   D at   55  1
       a =  2.000      CL =  0.2757
      Cm = -0.0124     CD =  0.00760   =>   CDf =  0.00516    CDp =  0.00244

 Side 1  free  transition at x/c =  0.5318   54
 Side 2  free  transition at x/c =  0.5655   52

   4   rms: 0.2871E-04   max: 0.1398E-03   D at   78  2
       a =  2.000      CL =  0.2758
      Cm = -0.0124     CD =  0.00760   =>   CDf =  0.00516    CDp =  0.00244
 plradd ia,ip,cpol            3           0  0.37224060    

 Point added to stored polar  1
 Point written to save file  polar.txt                                       
 Dump file unspecified or not available
 Calculating wake trajectory ...
 Calculating source influence matrix ...

 Solving BL system ...

 Side 1  free  transition at x/c =  0.5318   54
 Side 2  free  transition at x/c =  0.5655   52

   1   rms: 0.1344E+00   max: 0.3276E+00   C at   52  2
       a =  3.000      CL =  0.3889
      Cm = -0.0136     CD =  0.00773   =>   CDf =  0.00506    CDp =  0.00267

 MRCHDU: Convergence failed at  51  side 2    Res =  0.3187E+01
 Side 1  free  transition at x/c =  0.5216   56
 Side 2  free  transition at x/c =  0.5782   51

   2   rms: 0.1794E-01   max: 0.2728E+00   C at   51  2
       a =  3.000      CL =  0.3914
      Cm = -0.0143     CD =  0.00769   =>   CDf =  0.00505    CDp =  0.00264

 Side 1  free  transition at x/c =  0.5224   56
 Side 2  free  transition at x/c =  0.5820   51

   3   rms: 0.1171E-02   max: -.2017E-01   D at   52  2
       a =  3.000      CL =  0.3909
      Cm = -0.0142     CD =  0.00769   =>   CDf =  0.00507    CDp =  0.00262

 Side 1  free  transition at x/c =  0.5223   56
 Side 2  free  transition at x/c =  0.5816   51

   4   rms: 0.1894E-04   max: -.1444E-03   D at   52  2
       a =  3.000      CL =  0.3909
      Cm = -0.0142     CD =  0.00769   =>   CDf =  0.00507    CDp =  0.00262
 plradd ia,ip,cpol            4           0  0.35496014    

 Point added to stored polar  1
 Point written to save file  polar.txt                                       
 Dump file unspecified or not available
 Calculating wake trajectory ...
 Calculating source influence matrix ...

 Solving BL system ...

 Side 1  free  transition at x/c =  0.5223   56
 Side 2  free  transition at x/c =  0.5816   51

   1   rms: 0.1384E+00   max: 0.2360E+00   D at   51  2
       a =  4.000      CL =  0.5012
      Cm = -0.0150     CD =  0.00795   =>   CDf =  0.00501    CDp =  0.00293

 Side 1  free  transition at x/c =  0.5080   56
 Side 2  free  transition at x/c =  0.5965   51

   2   rms: 0.2625E-01   max: -.3094E+00   D at   56  1
       a =  4.000      CL =  0.4970
      Cm = -0.0141     CD =  0.00784   =>   CDf =  0.00503    CDp =  0.00281

 Side 1  free  transition at x/c =  0.5107   56
 Side 2  free  transition at x/c =  0.5979   51

   3   rms: 0.4124E-02   max: 0.3288E-01   C at   56  1
       a =  4.000      CL =  0.5005
      Cm = -0.0148     CD =  0.00785   =>   CDf =  0.00499    CDp =  0.00286

 Side 1  free  transition at x/c =  0.5099   56
 Side 2  free  transition at x/c =  0.5978   51

   4   rms: 0.1571E-03   max: 0.1050E-02   D at   76  2
       a =  4.000      CL =  0.5006
      Cm = -0.0148     CD =  0.00785   =>   CDf =  0.00500    CDp =  0.00285

 Side 1  free  transition at x/c =  0.5099   56
 Side 2  free  transition at x/c =  0.5978   51

   5   rms: 0.3843E-05   max: -.2312E-04   D at   75  2
       a =  4.000      CL =  0.5006
      Cm = -0.0148     CD =  0.00785   =>   CDf =  0.00500    CDp =  0.00285
 plradd ia,ip,cpol            5           0  0.35496014    

 Point added to stored polar  1
 Point written to save file  polar.txt                                       
 Dump file unspecified or not available
 Calculating wake trajectory ...
 Calculating source influence matrix ...

 Solving BL system ...

 Side 1  free  transition at x/c =  0.5099   56
 Side 2  free  transition at x/c =  0.5978   51

   1   rms: 0.1384E+00   max: 0.3340E+00   D at   51  2
       a =  5.000      CL =  0.6130
      Cm = -0.0161     CD =  0.00798   =>   CDf =  0.00485    CDp =  0.00313

 Side 1  free  transition at x/c =  0.4920   57
 Side 2  free  transition at x/c =  0.6121   50

   2   rms: 0.2588E-01   max: -.2180E+00   D at   57  1
       a =  5.000      CL =  0.6031
      Cm = -0.0142     CD =  0.00811   =>   CDf =  0.00500    CDp =  0.00311

 Side 1  free  transition at x/c =  0.4954   57
 Side 2  free  transition at x/c =  0.6156   50

   3   rms: 0.2782E-02   max: -.2558E-01   D at    4  1
       a =  5.000      CL =  0.6040
      Cm = -0.0143     CD =  0.00811   =>   CDf =  0.00494    CDp =  0.00317

 Side 1  free  transition at x/c =  0.4952   57
 Side 2  free  transition at x/c =  0.6154   50

   4   rms: 0.6056E-04   max: 0.4690E-03   D at   74  2
       a =  5.000      CL =  0.6040
      Cm = -0.0143     CD =  0.00811   =>   CDf =  0.00494    CDp =  0.00317
 plradd ia,ip,cpol            6           0  0.21459390    

 Point added to stored polar  1
 Point written to save file  polar.txt                                       
 Dump file unspecified or not available
 Calculating wake trajectory ...
 Calculating source influence matrix ...

 Solving BL system ...

 Side 1  free  transition at x/c =  0.4952   57
 Side 2  free  transition at x/c =  0.6154   50

   1   rms: 0.1449E+00   max: 0.4353E+00   D at   50  2   RLX: 0.966
       a =  6.000      CL =  0.7106
      Cm = -0.0152     CD =  0.00814   =>   CDf =  0.00486    CDp =  0.00329

 Side 1  free  transition at x/c =  0.4781   57
 Side 2  free  transition at x/c =  0.6299   50

   2   rms: 0.2057E-01   max: 0.2133E+00   D at    3  1
       a =  6.000      CL =  0.7044
      Cm = -0.0134     CD =  0.00841   =>   CDf =  0.00490    CDp =  0.00351

 Side 1  free  transition at x/c =  0.4780   57
 Side 2  free  transition at x/c =  0.6361   50

   3   rms: 0.1601E-02   max: 0.2281E-01   C at   50  2
       a =  6.000      CL =  0.7038
      Cm = -0.0133     CD =  0.00843   =>   CDf =  0.00485    CDp =  0.00357

 Side 1  free  transition at x/c =  0.4780   57
 Side 2  free  transition at x/c =  0.6353   50

   4   rms: 0.2644E-04   max: -.2561E-03   C at   50  2
       a =  6.000      CL =  0.7038
      Cm = -0.0132     CD =  0.00843   =>   CDf =  0.00486    CDp =  0.00357
 plradd ia,ip,cpol            7           0  5.16514294E-02

 Point added to stored polar  1
 Point written to save file  polar.txt                                       
 Dump file unspecified or not available
 Calculating wake trajectory ...
 Calculating source influence matrix ...

 Solving BL system ...

 Side 1  free  transition at x/c =  0.4780   57
 Side 2  free  transition at x/c =  0.6353   50

   1   rms: 0.1393E+00   max: 0.4623E+00   D at   50  2
       a =  7.000      CL =  0.8138
      Cm = -0.0142     CD =  0.00853   =>   CDf =  0.00466    CDp =  0.00387

 Side 1  free  transition at x/c =  0.4578   58
 Side 2  free  transition at x/c =  0.6513   49

   2   rms: 0.3806E-01   max: -.4984E+00   D at    4  1
       a =  7.000      CL =  0.8018
      Cm = -0.0120     CD =  0.00881   =>   CDf =  0.00480    CDp =  0.00401

 Side 1  free  transition at x/c =  0.4616   59
 Side 2  free  transition at x/c =  0.6570   49

   3   rms: 0.2031E-02   max: -.3248E-01   D at   59  1
       a =  7.000      CL =  0.8023
      Cm = -0.0121     CD =  0.00879   =>   CDf =  0.00472    CDp =  0.00407

 Side 1  free  transition at x/c =  0.4613   59
 Side 2  free  transition at x/c =  0.6567   49

   4   rms: 0.8834E-04   max: -.1711E-02   D at   59  1
       a =  7.000      CL =  0.8023
      Cm = -0.0121     CD =  0.00879   =>   CDf =  0.00473    CDp =  0.00406
 plradd ia,ip,cpol            8           0  2.96850856E-02

 Point added to stored polar  1
 Point written to save file  polar.txt                                       
 Dump file unspecified or not available
 Calculating wake trajectory ...
 Calculating source influence matrix ...

 Solving BL system ...

 Side 1  free  transition at x/c =  0.4613   59
 Side 2  free  transition at x/c =  0.6567   49

   1   rms: 0.1594E+00   max: -.8962E+00   D at    5  1   RLX: 0.558
       a =  8.000      CL =  0.8489
      Cm = -0.0101     CD =  0.00925   =>   CDf =  0.00473    CDp =  0.00452

 Side 1  free  transition at x/c =  0.4470   58
 Side 2  free  transition at x/c =  0.6647   49

   2   rms: 0.6560E-01   max: -.3027E+00   D at   58  1
       a =  8.000      CL =  0.8910
      Cm = -0.0094     CD =  0.00947   =>   CDf =  0.00460    CDp =  0.00487

 Side 1  free  transition at x/c =  0.4365   58
 Side 2  free  transition at x/c =  0.6777   49

   3   rms: 0.7774E-02   max: -.7663E-01   D at   59  1
       a =  8.000      CL =  0.8950
      Cm = -0.0102     CD =  0.00933   =>   CDf =  0.00462    CDp =  0.00472

 Side 1  free  transition at x/c =  0.4354   58
 Side 2  free  transition at x/c =  0.6788   49

   4   rms: 0.3195E-03   max: -.2438E-02   D at   59  1
       a =  8.000      CL =  0.8952
      Cm = -0.0102     CD =  0.00934   =>   CDf =  0.00462    CDp =  0.00471

 Side 1  free  transition at x/c =  0.4354   58
 Side 2  free  transition at x/c =  0.6787   49

   5   rms: 0.5742E-05   max: 0.5064E-04   D at   70  2
       a =  8.000      CL =  0.8952
      Cm = -0.0102     CD =  0.00934   =>   CDf =  0.00462    CDp =  0.00471
 plradd ia,ip,cpol            9           0  2.96850856E-02

 Point added to stored polar  1
 Point written to save file  polar.txt                                       
 Dump file unspecified or not available
 Calculating wake trajectory ...
 Calculating source influence matrix ...

 Solving BL system ...

 Side 1  free  transition at x/c =  0.4354   58
 Side 2  free  transition at x/c =  0.6787   49

   1   rms: 0.1427E+00   max: -.6571E+00   D at   58  1   RLX: 0.761
       a =  9.000      CL =  0.9644
      Cm = -0.0087     CD =  0.00986   =>   CDf =  0.00450    CDp =  0.00536

 Side 1  free  transition at x/c =  0.3450   54
 Side 2  free  transition at x/c =  0.6928   49

   2   rms: 0.6087E-01   max: 0.3839E+00   D at   86  1
       a =  9.000      CL =  0.9396
      Cm = -0.0010     CD =  0.01144   =>   CDf =  0.00501    CDp =  0.00643

 Side 1  free  transition at x/c =  0.3325   53
 Side 2  free  transition at x/c =  0.7012   49

   3   rms: 0.1030E-01   max: -.1363E+00   C at   53  1
       a =  9.000      CL =  0.9340
      Cm = -0.0001     CD =  0.01163   =>   CDf =  0.00500    CDp =  0.00662

 Side 1  free  transition at x/c =  0.3351   53
 Side 2  free  transition at x/c =  0.7022   49

   4   rms: 0.5078E-03   max: -.7205E-02   C at   53  1
       a =  9.000      CL =  0.9338
      Cm = -0.0001     CD =  0.01162   =>   CDf =  0.00498    CDp =  0.00664

 Side 1  free  transition at x/c =  0.3352   53
 Side 2  free  transition at x/c =  0.7022   49

   5   rms: 0.1345E-04   max: 0.2573E-03   C at   53  1
       a =  9.000      CL =  0.9338
      Cm = -0.0001     CD =  0.01162   =>   CDf =  0.00498    CDp =  0.00664
 plradd ia,ip,cpol           10           0  2.19602250E-02

 Point added to stored polar  1
 Point written to save file  polar.txt                                       
 Dump file unspecified or not available
 Calculating wake trajectory ...
 Calculating source influence matrix ...

 Solving BL system ...

 Side 1  free  transition at x/c =  0.3352   53
 Side 2  free  transition at x/c =  0.7022   49

   1   rms: 0.2363E+00   max: 0.4644E+01   C at   53  1   RLX: 0.323
       a = 10.000      CL =  0.9508
      Cm =  0.0022     CD =  0.01237   =>   CDf =  0.00497    CDp =  0.00740

 Side 1  free  transition at x/c =  0.3013   51
 Side 2  free  transition at x/c =  0.7077   50

   2   rms: 0.1197E+00   max: 0.1654E+01   C at   51  1   RLX: 0.907
       a = 10.000      CL =  0.9815
      Cm =  0.0062     CD =  0.01385   =>   CDf =  0.00501    CDp =  0.00884

 Side 1  free  transition at x/c =  0.2488   49
 Side 2  free  transition at x/c =  0.7260   50

   3   rms: 0.3671E-01   max: -.2979E+00   C at   49  1
       a = 10.000      CL =  0.9599
      Cm =  0.0099     CD =  0.01503   =>   CDf =  0.00532    CDp =  0.00971

 Side 1  free  transition at x/c =  0.2613   50
 Side 2  free  transition at x/c =  0.7285   50

   4   rms: 0.9069E-02   max: 0.1698E+00   C at   50  1
       a = 10.000      CL =  0.9645
      Cm =  0.0094     CD =  0.01480   =>   CDf =  0.00516    CDp =  0.00964

 Side 1  free  transition at x/c =  0.2561   50
 Side 2  free  transition at x/c =  0.7278   50

   5   rms: 0.1435E-02   max: -.2528E-01   C at   50  1
       a = 10.000      CL =  0.9638
      Cm =  0.0094     CD =  0.01483   =>   CDf =  0.00520    CDp =  0.00963

 Side 1  free  transition at x/c =  0.2567   50
 Side 2  free  transition at x/c =  0.7277   50

   6   rms: 0.2669E-04   max: -.4591E-03   C at   50  1
       a = 10.000      CL =  0.9638
      Cm =  0.0094     CD =  0.01483   =>   CDf =  0.00520    CDp =  0.00964
 plradd ia,ip,cpol           11           0  4.94164089E-03

 Point added to stored polar  1
 Point written to save file  polar.txt                                       
 Dump file unspecified or not available
 Calculating wake trajectory ...
 Calculating source influence matrix ...

 Solving BL system ...

 Side 1  free  transition at x/c =  0.2567   50
 Side 2  free  transition at x/c =  0.7277   50

   1   rms: 0.2703E+00   max: 0.4187E+01   C at   50  1   RLX: 0.305
       a = 11.000      CL =  0.9651
      Cm =  0.0127     CD =  0.01638   =>   CDf =  0.00519    CDp =  0.01119

 Side 1  free  transition at x/c =  0.2281   48
 Side 2  free  transition at x/c =  0.7386   50

   2   rms: 0.1488E+00   max: 0.2501E+01   C at   48  1   RLX: 0.600
       a = 11.000      CL =  0.9798
      Cm =  0.0155     CD =  0.01798   =>   CDf =  0.00516    CDp =  0.01282

 Side 1  free  transition at x/c =  0.1923   47
 Side 2  free  transition at x/c =  0.7474   50

   3   rms: 0.7539E-01   max: -.7189E+00   D at    2  1   RLX: 0.695
       a = 11.000      CL =  0.9808
      Cm =  0.0169     CD =  0.01908   =>   CDf =  0.00545    CDp =  0.01363

 Side 1  free  transition at x/c =  0.1799   46
 Side 2  free  transition at x/c =  0.7594   50

   4   rms: 0.1879E-01   max: 0.1449E+00   D at   78  1
       a = 11.000      CL =  0.9753
      Cm =  0.0187     CD =  0.01977   =>   CDf =  0.00544    CDp =  0.01433

 Side 1  free  transition at x/c =  0.1774   46
 Side 2  free  transition at x/c =  0.7614   50

   5   rms: 0.2224E-02   max: 0.3088E-01   D at   77  1
       a = 11.000      CL =  0.9739
      Cm =  0.0189     CD =  0.01979   =>   CDf =  0.00542    CDp =  0.01437

 Side 1  free  transition at x/c =  0.1779   46
 Side 2  free  transition at x/c =  0.7615   50

   6   rms: 0.1009E-03   max: -.8270E-03   D at   77  1
       a = 11.000      CL =  0.9739
      Cm =  0.0189     CD =  0.01979   =>   CDf =  0.00542    CDp =  0.01437

 Side 1  free  transition at x/c =  0.1779   46
 Side 2  free  transition at x/c =  0.7614   50

   7   rms: 0.4205E-05   max: 0.5209E-04   C at   46  1
       a = 11.000      CL =  0.9739
      Cm =  0.0189     CD =  0.01979   =>   CDf =  0.00542    CDp =  0.01437
 plradd ia,ip,cpol           12           0  4.94164089E-03

 Point added to stored polar  1
 Point written to save file  polar.txt                                       
 Dump file unspecified or not available
 Calculating wake trajectory ...
 Calculating source influence matrix ...

 Solving BL system ...

 Side 1  free  transition at x/c =  0.1779   46
 Side 2  free  transition at x/c =  0.7614   50

   1   rms: 0.1868E+00   max: 0.2751E+01   C at   46  1   RLX: 0.545
       a = 12.000      CL =  0.9969
      Cm =  0.0212     CD =  0.02214   =>   CDf =  0.00542    CDp =  0.01673

 Side 1  free  transition at x/c =  0.1491   44
 Side 2  free  transition at x/c =  0.7795   51

   2   rms: 0.7452E-01   max: -.7055E+00   C at   51  2   RLX: 0.709
       a = 12.000      CL =  1.0065
      Cm =  0.0225     CD =  0.02374   =>   CDf =  0.00536    CDp =  0.01838

 Side 1  free  transition at x/c =  0.1336   44
 Side 2  free  transition at x/c =  0.7935   51

   3   rms: 0.3519E-01   max: -.5068E+00   C at   51  2   RLX: 0.987
       a = 12.000      CL =  0.9995
      Cm =  0.0245     CD =  0.02494   =>   CDf =  0.00550    CDp =  0.01944

 Side 1  free  transition at x/c =  0.1317   44
 Side 2  free  transition at x/c =  0.8028   52

   4   rms: 0.1561E-01   max: -.2444E+00   C at   52  2
       a = 12.000      CL =  0.9988
      Cm =  0.0247     CD =  0.02484   =>   CDf =  0.00545    CDp =  0.01938

 Side 1  free  transition at x/c =  0.1318   44
 Side 2  free  transition at x/c =  0.8130   52

   5   rms: 0.6133E-02   max: 0.1343E+00   C at   52  2
       a = 12.000      CL =  0.9986
      Cm =  0.0247     CD =  0.02484   =>   CDf =  0.00539    CDp =  0.01946

 Side 1  free  transition at x/c =  0.1319   44
 Side 2  free  transition at x/c =  0.8102   52

   6   rms: 0.8054E-04   max: -.1006E-02   C at   52  2
       a = 12.000      CL =  0.9986
      Cm =  0.0247     CD =  0.02484   =>   CDf =  0.00540    CDp =  0.01945
 plradd ia,ip,cpol           13           0  4.94164089E-03

 Point added to stored polar  1
 Point written to save file  polar.txt                                       
 Dump file unspecified or not available
 Calculating wake trajectory ...
 Calculating source influence matrix ...

 Solving BL system ...

 Side 1  free  transition at x/c =  0.1319   44
 Side 2  free  transition at x/c =  0.8103   52

   1   rms: 0.2090E+00   max: -.2864E+01   C at   52  2   RLX: 0.175
       a = 13.000      CL =  1.0051
      Cm =  0.0253     CD =  0.02576   =>   CDf =  0.00540    CDp =  0.02036

 Side 1  free  transition at x/c =  0.1240   44
 Side 2  free  transition at x/c =  0.8195   53

   2   rms: 0.1908E+00   max: -.2808E+01   C at   53  2   RLX: 0.178
       a = 13.000      CL =  1.0089
      Cm =  0.0255     CD =  0.02662   =>   CDf =  0.00541    CDp =  0.02121

 Side 1  free  transition at x/c =  0.1197   43
 Side 2  free  transition at x/c =  0.8304   53

   3   rms: 0.2402E+00   max: -.4588E+01   C at   53  2   RLX: 0.109
       a = 13.000      CL =  1.0117
      Cm =  0.0260     CD =  0.02688   =>   CDf =  0.00535    CDp =  0.02152

 Side 1  free  transition at x/c =  0.1171   43
 Side 2  free  transition at x/c =  0.8334   54

   4   rms: 0.1646E+00   max: -.2903E+01   C at   54  2   RLX: 0.172
       a = 13.000      CL =  1.0152
      Cm =  0.0261     CD =  0.02748   =>   CDf =  0.00537    CDp =  0.02211

 Side 1  free  transition at x/c =  0.1128   43
 Side 2  free  transition at x/c =  0.8427   55

   5   rms: 0.1661E+00   max: -.3049E+01   C at   55  2   RLX: 0.164
       a = 13.000      CL =  1.0159
      Cm =  0.0263     CD =  0.02805   =>   CDf =  0.00536    CDp =  0.02269

 Side 1  free  transition at x/c =  0.1090   43
 Side 2  free  transition at x/c =  0.8552   56

   6   rms: 0.2926E+00   max: -.6581E+01   C at   56  2   RLX: 0.076
       a = 13.000      CL =  1.0161
      Cm =  0.0266     CD =  0.02817   =>   CDf =  0.00530    CDp =  0.02287

 Side 1  free  transition at x/c =  0.1080   42
 Side 2  free  transition at x/c =  0.8694   57

   7   rms: 0.5532E+00   max: -.1282E+02   C at   57  2   RLX: 0.039
       a = 13.000      CL =  1.0163
      Cm =  0.0268     CD =  0.02818   =>   CDf =  0.00524    CDp =  0.02294

 Side 1  free  transition at x/c =  0.1075   42
 Side 2  free  transition at x/c =  0.8785   57

   8   rms: 0.6273E+00   max: -.1397E+02   C at   57  2   RLX: 0.036
       a = 13.000      CL =  1.0169
      Cm =  0.0268     CD =  0.02822   =>   CDf =  0.00521    CDp =  0.02302

 Side 1  free  transition at x/c =  0.1070   42
 Side 2  free  transition at x/c =  0.8841   57

   9   rms: 0.6221E+00   max: -.1328E+02   C at   57  2   RLX: 0.038
       a = 13.000      CL =  1.0175
      Cm =  0.0268     CD =  0.02828   =>   CDf =  0.00519    CDp =  0.02310

 Side 1  free  transition at x/c =  0.1064   42
 Side 2  free  transition at x/c =  0.9113   59

  10   rms: 0.9839E+00   max: -.2142E+02   C at   59  2   RLX: 0.023
       a = 13.000      CL =  1.0188
      Cm =  0.0268     CD =  0.02825   =>   CDf =  0.00510    CDp =  0.02315

 Side 1  free  transition at x/c =  0.1059   42
 Side 2  free  transition at x/c =  0.9253   60

  11   rms: 0.7222E+00   max: -.1540E+02   C at   60  2   RLX: 0.032
       a = 13.000      CL =  1.0221
      Cm =  0.0263     CD =  0.02831   =>   CDf =  0.00506    CDp =  0.02324

 Side 1  free  transition at x/c =  0.1050   42
 Side 2  free  transition at x/c =  0.9396   61

  12   rms: 0.4220E+00   max: -.8253E+01   C at   61  2   RLX: 0.061
       a = 13.000      CL =  1.0293
      Cm =  0.0249     CD =  0.02848   =>   CDf =  0.00503    CDp =  0.02345

 Side 1  free  transition at x/c =  0.1029   42
 Side 2  free  transition at x/c =  0.9510   62

  13   rms: 0.2568E+00   max: -.4320E+01   C at   62  2   RLX: 0.116
       a = 13.000      CL =  1.0421
      Cm =  0.0223     CD =  0.02889   =>   CDf =  0.00502    CDp =  0.02387

 Side 1  free  transition at x/c =  0.0988   42
 Side 2  free  transition at x/c =  0.9553   62

  14   rms: 0.1723E+00   max: -.2581E+01   C at   62  2   RLX: 0.194
       a = 13.000      CL =  1.0566
      Cm =  0.0191     CD =  0.02968   =>   CDf =  0.00504    CDp =  0.02464

 Side 1  free  transition at x/c =  0.0952   41
 Side 2  free  transition at x/c =  0.9286   60

  15   rms: 0.3777E+00   max: -.8074E+01   C at   60  2   RLX: 0.062
       a = 13.000      CL =  1.0562
      Cm =  0.0193     CD =  0.02990   =>   CDf =  0.00512    CDp =  0.02478

 Side 1  free  transition at x/c =  0.0948   41
 Side 2  free  transition at x/c =  0.9455   61

  16   rms: 0.2714E+00   max: -.5248E+01   C at   61  2   RLX: 0.095
       a = 13.000      CL =  1.0590
      Cm =  0.0190     CD =  0.03000   =>   CDf =  0.00508    CDp =  0.02492

 Side 1  free  transition at x/c =  0.0938   41
 Side 2  free  transition at x/c =  0.9734   63

  17   rms: 0.4625E+00   max: -.7405E+01   C at   63  2   RLX: 0.068
       a = 13.000      CL =  1.0612
      Cm =  0.0188     CD =  0.02982   =>   CDf =  0.00505    CDp =  0.02477

 Side 1  free  transition at x/c =  0.0931   41
 Side 2  free  transition at x/c =  0.9817   64

  18   rms: 0.4184E+00   max: -.7464E+01   C at   64  2   RLX: 0.067
       a = 13.000      CL =  1.0618
      Cm =  0.0187     CD =  0.02995   =>   CDf =  0.00505    CDp =  0.02490

 Side 1  free  transition at x/c =  0.0928   41
 Side 2  free  transition at x/c =  0.9929   65

  19   rms: 0.8674E-01   max: 0.1634E+01   C at   65  2   RLX: 0.918
       a = 13.000      CL =  1.0713
      Cm =  0.0179     CD =  0.03153   =>   CDf =  0.00492    CDp =  0.02661

 Side 1  free  transition at x/c =  0.0868   42
 Side 2 forced transition at x/c =  1.0000   65

  20   rms: 0.1622E-01   max: 0.2822E+00   D at   64  2
       a = 13.000      CL =  1.0605
      Cm =  0.0206     CD =  0.03170   =>   CDf =  0.00510    CDp =  0.02660

 Side 1  free  transition at x/c =  0.0878   42
 Side 2 forced transition at x/c =  1.0000   65

  21   rms: 0.1043E-01   max: 0.1540E+00   D at   64  2
       a = 13.000      CL =  1.0700
      Cm =  0.0185     CD =  0.03189   =>   CDf =  0.00509    CDp =  0.02679

 Side 1  free  transition at x/c =  0.0866   42
 Side 2 forced transition at x/c =  1.0000   65

  22   rms: 0.1997E-02   max: 0.3098E-01   D at   64  2
       a = 13.000      CL =  1.0718
      Cm =  0.0181     CD =  0.03192   =>   CDf =  0.00510    CDp =  0.02682

 Side 1  free  transition at x/c =  0.0863   42
 Side 2 forced transition at x/c =  1.0000   65

  23   rms: 0.5716E-04   max: 0.8310E-03   D at   64  2
       a = 13.000      CL =  1.0718
      Cm =  0.0181     CD =  0.03192   =>   CDf =  0.00510    CDp =  0.02682
 plradd ia,ip,cpol           14           0  1.29907194E-03

 Point added to stored polar  1
 Point written to save file  polar.txt                                       
 Dump file unspecified or not available
 Calculating wake trajectory ...
 Calculating source influence matrix ...

 Solving BL system ...

 Side 1  free  transition at x/c =  0.0863   42
 Side 2 forced transition at x/c =  1.0000   65

   1   rms: 0.1259E+00   max: 0.4188E+00   D at   73  1   RLX: 0.561
       a = 14.000      CL =  1.0915
      Cm =  0.0202     CD =  0.03500   =>   CDf =  0.00510    CDp =  0.02989

 Side 1  free  transition at x/c =  0.0814   41
 Side 2 forced transition at x/c =  1.0000   65

   2   rms: 0.5809E-01   max: 0.3275E+00   C at   41  1
       a = 14.000      CL =  1.1038
      Cm =  0.0217     CD =  0.03766   =>   CDf =  0.00506    CDp =  0.03260

 Side 1  free  transition at x/c =  0.0755   40
 Side 2 forced transition at x/c =  1.0000   65

   3   rms: 0.3677E-02   max: 0.5570E-01   D at   72  1
       a = 14.000      CL =  1.1039
      Cm =  0.0219     CD =  0.03728   =>   CDf =  0.00506    CDp =  0.03222

 Side 1  free  transition at x/c =  0.0755   40
 Side 2 forced transition at x/c =  1.0000   65

   4   rms: 0.1664E-03   max: 0.2729E-02   D at   72  1
       a = 14.000      CL =  1.1039
      Cm =  0.0218     CD =  0.03729   =>   CDf =  0.00506    CDp =  0.03224

 Side 1  free  transition at x/c =  0.0755   40
 Side 2 forced transition at x/c =  1.0000   65

   5   rms: 0.7351E-05   max: 0.3990E-04   D at   76  2
       a = 14.000      CL =  1.1039
      Cm =  0.0218     CD =  0.03729   =>   CDf =  0.00506    CDp =  0.03224
 plradd ia,ip,cpol           15           0  4.94164089E-03

 Point added to stored polar  1
 Point written to save file  polar.txt                                       
 Dump file unspecified or not available
 Calculating wake trajectory ...
 Calculating source influence matrix ...

 Solving BL system ...

 Side 1  free  transition at x/c =  0.0755   40
 Side 2 forced transition at x/c =  1.0000   65

   1   rms: 0.1188E+00   max: -.3879E+00   D at   40  1   RLX: 0.513
       a = 15.000      CL =  1.1255
      Cm =  0.0230     CD =  0.04015   =>   CDf =  0.00490    CDp =  0.03525

 Side 1  free  transition at x/c =  0.0664   40
 Side 2 forced transition at x/c =  1.0000   64

   2   rms: 0.5651E-01   max: -.2358E+00   D at   40  1
       a = 15.000      CL =  1.1403
      Cm =  0.0244     CD =  0.04307   =>   CDf =  0.00509    CDp =  0.03798

 Side 1  free  transition at x/c =  0.0573   39
 Side 2 forced transition at x/c =  1.0000   64

   3   rms: 0.1535E-01   max: -.1319E+00   C at   39  1
       a = 15.000      CL =  1.1288
      Cm =  0.0250     CD =  0.04379   =>   CDf =  0.00512    CDp =  0.03867

 Side 1  free  transition at x/c =  0.0585   39
 Side 2 forced transition at x/c =  1.0000   64

   4   rms: 0.1829E-02   max: 0.1833E-01   D at   71  1
       a = 15.000      CL =  1.1276
      Cm =  0.0251     CD =  0.04376   =>   CDf =  0.00509    CDp =  0.03867

 Side 1  free  transition at x/c =  0.0586   39
 Side 2 forced transition at x/c =  1.0000   64

   5   rms: 0.1781E-03   max: 0.1393E-02   D at   71  1
       a = 15.000      CL =  1.1275
      Cm =  0.0251     CD =  0.04375   =>   CDf =  0.00508    CDp =  0.03867

 Side 1  free  transition at x/c =  0.0586   39
 Side 2 forced transition at x/c =  1.0000   64

   6   rms: 0.1079E-04   max: 0.6605E-04   D at   76  2
       a = 15.000      CL =  1.1274
      Cm =  0.0251     CD =  0.04375   =>   CDf =  0.00508    CDp =  0.03867
 plradd ia,ip,cpol           16           0  1.29907194E-03

 Point added to stored polar  1
 Point written to save file  polar.txt                                       
 Dump file unspecified or not available
 Calculating wake trajectory ...
 Calculating source influence matrix ...

 Solving BL system ...

 Side 1  free  transition at x/c =  0.0586   39
 Side 2 forced transition at x/c =  1.0000   64

   1   rms: 0.1148E+00   max: 0.3981E+00   D at   70  1   RLX: 0.463
       a = 16.000      CL =  1.1446
      Cm =  0.0258     CD =  0.04684   =>   CDf =  0.00490    CDp =  0.04194

 Side 1  free  transition at x/c =  0.0536   40
 Side 2 forced transition at x/c =  1.0000   63

   2   rms: 0.1125E+00   max: 0.1518E+01   D at    2  1   RLX: 0.567
       a = 16.000      CL =  1.1523
      Cm =  0.0262     CD =  0.04879   =>   CDf =  0.00508    CDp =  0.04372

 Side 1  free  transition at x/c =  0.0509   39
 Side 2 forced transition at x/c =  1.0000   63

   3   rms: 0.2813E-01   max: 0.1457E+00   D at   71  1
       a = 16.000      CL =  1.1567
      Cm =  0.0269     CD =  0.05057   =>   CDf =  0.00505    CDp =  0.04552

 Side 1  free  transition at x/c =  0.0486   39
 Side 2 forced transition at x/c =  1.0000   63

   4   rms: 0.2032E-02   max: -.2163E-01   C at   39  1
       a = 16.000      CL =  1.1554
      Cm =  0.0271     CD =  0.05030   =>   CDf =  0.00503    CDp =  0.04527

 Side 1  free  transition at x/c =  0.0489   39
 Side 2 forced transition at x/c =  1.0000   63

   5   rms: 0.2962E-04   max: -.2517E-03   D at   78  2
       a = 16.000      CL =  1.1554
      Cm =  0.0271     CD =  0.05030   =>   CDf =  0.00503    CDp =  0.04527
 plradd ia,ip,cpol           17           0  1.29907194E-03

 Point added to stored polar  1
 Point written to save file  polar.txt                                       
 Dump file unspecified or not available
 Calculating wake trajectory ...
 Calculating source influence matrix ...

 Solving BL system ...

 Side 1  free  transition at x/c =  0.0489   39
 Side 2 forced transition at x/c =  1.0000   63

   1   rms: 0.1227E+00   max: 0.4504E+00   C at   39  1   RLX: 0.426
       a = 17.000      CL =  1.1712
      Cm =  0.0275     CD =  0.05323   =>   CDf =  0.00503    CDp =  0.04820

 Side 1  free  transition at x/c =  0.0457   39
 Side 2 forced transition at x/c =  1.0000   63

   2   rms: 0.7162E-01   max: 0.3152E+00   D at   70  1
       a = 17.000      CL =  1.1808
      Cm =  0.0281     CD =  0.05833   =>   CDf =  0.00480    CDp =  0.05353

 Side 1  free  transition at x/c =  0.0401   39
 Side 2 forced transition at x/c =  1.0000   62

   3   rms: 0.9854E-02   max: 0.1680E+00   D at   39  1
       a = 17.000      CL =  1.1816
      Cm =  0.0284     CD =  0.05726   =>   CDf =  0.00499    CDp =  0.05227

 Side 1  free  transition at x/c =  0.0411   39
 Side 2 forced transition at x/c =  1.0000   62

   4   rms: 0.2488E-02   max: -.3136E-01   D at   39  1
       a = 17.000      CL =  1.1808
      Cm =  0.0284     CD =  0.05741   =>   CDf =  0.00497    CDp =  0.05245

 Side 1  free  transition at x/c =  0.0408   39
 Side 2 forced transition at x/c =  1.0000   62

   5   rms: 0.1750E-03   max: 0.7559E-03   D at   75  2
       a = 17.000      CL =  1.1806
      Cm =  0.0284     CD =  0.05740   =>   CDf =  0.00497    CDp =  0.05243

 Side 1  free  transition at x/c =  0.0408   39
 Side 2 forced transition at x/c =  1.0000   62

   6   rms: 0.1023E-04   max: 0.6040E-04   D at   75  2
       a = 17.000      CL =  1.1806
      Cm =  0.0284     CD =  0.05740   =>   CDf =  0.00497    CDp =  0.05243
 plradd ia,ip,cpol           18           0  5.51594887E-04

 Point added to stored polar  1
 Point written to save file  polar.txt                                       
 Dump file unspecified or not available
 Calculating wake trajectory ...
 Calculating source influence matrix ...

 Solving BL system ...

 Side 1  free  transition at x/c =  0.0408   39
 Side 2 forced transition at x/c =  1.0000   62

   1   rms: 0.1154E+00   max: 0.4615E+00   D at   69  1   RLX: 0.389
       a = 18.000      CL =  1.1891
      Cm =  0.0285     CD =  0.06104   =>   CDf =  0.00498    CDp =  0.05606

 Side 1  free  transition at x/c =  0.0365   38
 Side 2 forced transition at x/c =  1.0000   62

   2   rms: 0.7231E-01   max: -.4479E+00   D at   38  1
       a = 18.000      CL =  1.2055
      Cm =  0.0288     CD =  0.06578   =>   CDf =  0.00496    CDp =  0.06082

 Side 1  free  transition at x/c =  0.0288   36
 Side 2 forced transition at x/c =  1.0000   62

   3   rms: 0.1943E-01   max: 0.1303E+00   D at   69  1
       a = 18.000      CL =  1.1947
      Cm =  0.0290     CD =  0.06628   =>   CDf =  0.00500    CDp =  0.06128

 Side 1  free  transition at x/c =  0.0294   36
 Side 2 forced transition at x/c =  1.0000   62

   4   rms: 0.2270E-02   max: -.2351E-01   D at   69  1
       a = 18.000      CL =  1.1956
      Cm =  0.0291     CD =  0.06578   =>   CDf =  0.00496    CDp =  0.06083

 Side 1  free  transition at x/c =  0.0293   36
 Side 2 forced transition at x/c =  1.0000   62

   5   rms: 0.1843E-03   max: -.8921E-03   D at   78  2
       a = 18.000      CL =  1.1958
      Cm =  0.0291     CD =  0.06580   =>   CDf =  0.00496    CDp =  0.06083

 Side 1  free  transition at x/c =  0.0293   36
 Side 2 forced transition at x/c =  1.0000   62

   6   rms: 0.9774E-05   max: -.7094E-04   D at   76  2
       a = 18.000      CL =  1.1958
      Cm =  0.0291     CD =  0.06580   =>   CDf =  0.00496    CDp =  0.06084
 plradd ia,ip,cpol           19           0  1.29907194E-03

 Point added to stored polar  1
 Point written to save file  polar.txt                                       
 Dump file unspecified or not available
 Calculating wake trajectory ...
 Calculating source influence matrix ...

 Solving BL system ...

 Side 1  free  transition at x/c =  0.0293   36
 Side 2 forced transition at x/c =  1.0000   62

   1   rms: 0.1085E+00   max: 0.3253E+00   D at   67  1   RLX: 0.363
       a = 19.000      CL =  1.2093
      Cm =  0.0289     CD =  0.06862   =>   CDf =  0.00497    CDp =  0.06365

 Side 1  free  transition at x/c =  0.0274   36
 Side 2 forced transition at x/c =  1.0000   62

   2   rms: 0.6999E-01   max: 0.3232E+00   D at   68  1
       a = 19.000      CL =  1.2168
      Cm =  0.0285     CD =  0.07542   =>   CDf =  0.00468    CDp =  0.07074

 Side 1  free  transition at x/c =  0.0250   36
 Side 2 forced transition at x/c =  1.0000   61

   3   rms: 0.1145E-01   max: 0.1186E+00   D at    2  2
       a = 19.000      CL =  1.2154
      Cm =  0.0290     CD =  0.07420   =>   CDf =  0.00484    CDp =  0.06936

 Side 1  free  transition at x/c =  0.0250   36
 Side 2 forced transition at x/c =  1.0000   61

   4   rms: 0.2444E-02   max: 0.2040E-01   D at   68  1
       a = 19.000      CL =  1.2139
      Cm =  0.0289     CD =  0.07439   =>   CDf =  0.00484    CDp =  0.06955

 Side 1  free  transition at x/c =  0.0251   36
 Side 2 forced transition at x/c =  1.0000   61

   5   rms: 0.3080E-03   max: 0.1821E-02   D at   68  1
       a = 19.000      CL =  1.2136
      Cm =  0.0289     CD =  0.07438   =>   CDf =  0.00483    CDp =  0.06954

 Side 1  free  transition at x/c =  0.0251   36
 Side 2 forced transition at x/c =  1.0000   61

   6   rms: 0.2413E-04   max: 0.1489E-03   D at   76  2
       a = 19.000      CL =  1.2136
      Cm =  0.0289     CD =  0.07437   =>   CDf =  0.00483    CDp =  0.06954
 plradd ia,ip,cpol           20           0  5.51594887E-04

 Point added to stored polar  1
 Point written to save file  polar.txt                                       
 Dump file unspecified or not available
 Calculating wake trajectory ...
 Calculating source influence matrix ...

 Solving BL system ...

 Side 1  free  transition at x/c =  0.0251   36
 Side 2 forced transition at x/c =  1.0000   61

   1   rms: 0.1114E+00   max: 0.4748E+00   D at   67  1   RLX: 0.333
       a = 20.000      CL =  1.2186
      Cm =  0.0284     CD =  0.07818   =>   CDf =  0.00484    CDp =  0.07334

 Side 1  free  transition at x/c =  0.0222   36
 Side 2 forced transition at x/c =  1.0000   61

   2   rms: 0.8557E-01   max: -.5921E+00   D at   36  1   RLX: 0.844
       a = 20.000      CL =  1.2182
      Cm =  0.0275     CD =  0.08512   =>   CDf =  0.00483    CDp =  0.08029

 Side 1  free  transition at x/c =  0.0179   34
 Side 2 forced transition at x/c =  1.0000   61

   3   rms: 0.2830E-01   max: -.3271E+00   D at   34  1
       a = 20.000      CL =  1.2143
      Cm =  0.0276     CD =  0.08587   =>   CDf =  0.00450    CDp =  0.08136

 Side 1  free  transition at x/c =  0.0174   35
 Side 2 forced transition at x/c =  1.0000   60

   4   rms: 0.3658E-02   max: 0.4271E-01   C at   35  1
       a = 20.000      CL =  1.2144
      Cm =  0.0279     CD =  0.08511   =>   CDf =  0.00476    CDp =  0.08035

 Side 1  free  transition at x/c =  0.0172   35
 Side 2 forced transition at x/c =  1.0000   60

   5   rms: 0.1195E-03   max: -.6172E-03   D at   77  2
       a = 20.000      CL =  1.2145
      Cm =  0.0279     CD =  0.08512   =>   CDf =  0.00477    CDp =  0.08035

 Side 1  free  transition at x/c =  0.0172   35
 Side 2 forced transition at x/c =  1.0000   60

   6   rms: 0.9308E-05   max: -.7155E-04   D at   75  2
       a = 20.000      CL =  1.2145
      Cm =  0.0279     CD =  0.08512   =>   CDf =  0.00477    CDp =  0.08035
 plradd ia,ip,cpol           21           0  5.51594887E-04

 Point added to stored polar  1
 Point written to save file  polar.txt                                       
 Dump file unspecified or not available
 Calculating wake trajectory ...
 Calculating source influence matrix ...

 Solving BL system ...

 Side 1  free  transition at x/c =  0.0172   35
 Side 2 forced transition at x/c =  1.0000   60

   1   rms: 0.1107E+00   max: 0.7522E+00   D at   35  1   RLX: 0.312
       a = 21.000      CL =  1.2239
      Cm =  0.0272     CD =  0.08814   =>   CDf =  0.00478    CDp =  0.08336

 Side 1  free  transition at x/c =  0.0172   35
 Side 2 forced transition at x/c =  1.0000   60

   2   rms: 0.7264E-01   max: 0.3859E+00   D at   67  1
       a = 21.000      CL =  1.2252
      Cm =  0.0251     CD =  0.09774   =>   CDf =  0.00471    CDp =  0.09303

 Side 1  free  transition at x/c =  0.0158   34
 Side 2 forced transition at x/c =  1.0000   60

   3   rms: 0.1309E-01   max: 0.1261E+00   D at   66  1
       a = 21.000      CL =  1.2175
      Cm =  0.0257     CD =  0.09649   =>   CDf =  0.00462    CDp =  0.09187

 Side 1  free  transition at x/c =  0.0163   35
 Side 2 forced transition at x/c =  1.0000   60

   4   rms: 0.3538E-02   max: 0.6036E-01   D at   34  1
       a = 21.000      CL =  1.2187
      Cm =  0.0257     CD =  0.09611   =>   CDf =  0.00457    CDp =  0.09154

 Side 1  free  transition at x/c =  0.0164   35
 Side 2 forced transition at x/c =  1.0000   60

   5   rms: 0.1944E-03   max: -.1815E-02   D at   35  1
       a = 21.000      CL =  1.2186
      Cm =  0.0257     CD =  0.09607   =>   CDf =  0.00457    CDp =  0.09150

 Side 1  free  transition at x/c =  0.0164   35
 Side 2 forced transition at x/c =  1.0000   60

   6   rms: 0.1180E-04   max: 0.1018E-03   D at   76  2
       a = 21.000      CL =  1.2186
      Cm =  0.0257     CD =  0.09606   =>   CDf =  0.00457    CDp =  0.09149
 plradd ia,ip,cpol           22           0  3.53916839E-05

 Point added to stored polar  1
 Point written to save file  polar.txt                                       
 Dump file unspecified or not available
 Calculating wake trajectory ...
 Calculating source influence matrix ...

 Solving BL system ...

 Side 1  free  transition at x/c =  0.0164   35
 Side 2 forced transition at x/c =  1.0000   60

   1   rms: 0.1045E+00   max: 0.5301E+00   D at   65  1   RLX: 0.286
       a = 22.000      CL =  1.2192
      Cm =  0.0246     CD =  0.10028   =>   CDf =  0.00458    CDp =  0.09570

 Side 1  free  transition at x/c =  0.0158   34
 Side 2 forced transition at x/c =  1.0000   60

   2   rms: 0.6895E-01   max: -.3182E+00   C at   34  1
       a = 22.000      CL =  1.2360
      Cm =  0.0224     CD =  0.10786   =>   CDf =  0.00423    CDp =  0.10363

 Side 1  free  transition at x/c =  0.0146   35
 Side 2 forced transition at x/c =  1.0000   59
 idif Ue xi dudx           1  6.41096234E-02  9.20450687E-03   6.9650254    
 Uenew xinew           2  1.53521681E-03  2.20417976E-04

   3   rms: 0.2900E-01   max: -.3600E+00   T at    2  1
       a = 22.000      CL =  1.2226
      Cm =  0.0224     CD =  0.10803   =>   CDf =  0.00470    CDp =  0.10333

 Side 1  free  transition at x/c =  0.0146   34
 Side 2 forced transition at x/c =  1.0000   60

   4   rms: 0.1023E-01   max: -.1597E+00   D at    2  2
       a = 22.000      CL =  1.2203
      Cm =  0.0224     CD =  0.10784   =>   CDf =  0.00437    CDp =  0.10347

 Side 1  free  transition at x/c =  0.0146   34
 Side 2 forced transition at x/c =  1.0000   60

   5   rms: 0.4334E-03   max: 0.2179E-02   D at   77  2
       a = 22.000      CL =  1.2200
      Cm =  0.0224     CD =  0.10776   =>   CDf =  0.00436    CDp =  0.10340

 Side 1  free  transition at x/c =  0.0146   34
 Side 2 forced transition at x/c =  1.0000   60

   6   rms: 0.3790E-04   max: 0.2530E-03   D at   77  2
       a = 22.000      CL =  1.2200
      Cm =  0.0224     CD =  0.10775   =>   CDf =  0.00436    CDp =  0.10339
 plradd ia,ip,cpol           23           0  3.53916839E-05

 Point added to stored polar  1
 Point written to save file  polar.txt                                       
 Dump file unspecified or not available
 Calculating wake trajectory ...
 Calculating source influence matrix ...

 Solving BL system ...

 Side 1  free  transition at x/c =  0.0146   34
 Side 2 forced transition at x/c =  1.0000   60

   1   rms: 0.1033E+00   max: 0.6008E+00   D at   63  1   RLX: 0.267
       a = 23.000      CL =  1.2186
      Cm =  0.0210     CD =  0.11238   =>   CDf =  0.00407    CDp =  0.10831

 Side 1  free  transition at x/c =  0.0142   35
 Side 2 forced transition at x/c =  1.0000   59

   2   rms: 0.7592E-01   max: 0.5037E+00   T at    2  1
       a = 23.000      CL =  1.2243
      Cm =  0.0176     CD =  0.12257   =>   CDf =  0.00431    CDp =  0.11826

 Side 1  free  transition at x/c =  0.0137   35
 Side 2 forced transition at x/c =  1.0000   59

   3   rms: 0.2233E-01   max: 0.1971E+00   D at   64  1
       a = 23.000      CL =  1.2101
      Cm =  0.0175     CD =  0.12221   =>   CDf =  0.00416    CDp =  0.11805

 Side 1  free  transition at x/c =  0.0137   35
 Side 2 forced transition at x/c =  1.0000   59

   4   rms: 0.5153E-02   max: 0.6487E-01   D at   63  1
       a = 23.000      CL =  1.2069
      Cm =  0.0175     CD =  0.12197   =>   CDf =  0.00412    CDp =  0.11785

 Side 1  free  transition at x/c =  0.0137   35
 Side 2 forced transition at x/c =  1.0000   59

   5   rms: 0.7734E-03   max: -.7767E-02   D at   63  1
       a = 23.000      CL =  1.2071
      Cm =  0.0175     CD =  0.12166   =>   CDf =  0.00411    CDp =  0.11756

 Side 1  free  transition at x/c =  0.0137   35
 Side 2 forced transition at x/c =  1.0000   59

   6   rms: 0.7344E-04   max: -.2798E-03   D at   78  2
       a = 23.000      CL =  1.2071
      Cm =  0.0175     CD =  0.12166   =>   CDf =  0.00411    CDp =  0.11755
 plradd ia,ip,cpol           24           0  3.53916839E-05

 Point added to stored polar  1
 Point written to save file  polar.txt                                       
 Dump file unspecified or not available
 Calculating wake trajectory ...
 Calculating source influence matrix ...

 Solving BL system ...

 Side 1  free  transition at x/c =  0.0137   35
 Side 2 forced transition at x/c =  1.0000   59

   1   rms: 0.9791E-01   max: 0.5591E+00   D at   62  1   RLX: 0.250
       a = 24.000      CL =  1.2065
      Cm =  0.0159     CD =  0.12603   =>   CDf =  0.00412    CDp =  0.12190

 Side 1  free  transition at x/c =  0.0136   35
 Side 2 forced transition at x/c =  1.0000   59

   2   rms: 0.7197E-01   max: 0.4153E+00   D at   62  1
       a = 24.000      CL =  1.2087
      Cm =  0.0112     CD =  0.13822   =>   CDf =  0.00406    CDp =  0.13416

 Side 1  free  transition at x/c =  0.0132   34
 Side 2 forced transition at x/c =  1.0000   59

   3   rms: 0.2092E-01   max: 0.1904E+00   D at   61  1
       a = 24.000      CL =  1.1964
      Cm =  0.0112     CD =  0.13673   =>   CDf =  0.00391    CDp =  0.13282

 Side 1  free  transition at x/c =  0.0132   34
 Side 2 forced transition at x/c =  1.0000   59

   4   rms: 0.9571E-02   max: 0.9438E-01   D at   61  1
       a = 24.000      CL =  1.1905
      Cm =  0.0108     CD =  0.13713   =>   CDf =  0.00387    CDp =  0.13326

 Side 1  free  transition at x/c =  0.0132   34
 Side 2 forced transition at x/c =  1.0000   59

   5   rms: 0.1094E-02   max: -.1076E-01   D at   61  1
       a = 24.000      CL =  1.1904
      Cm =  0.0110     CD =  0.13663   =>   CDf =  0.00385    CDp =  0.13278

 Side 1  free  transition at x/c =  0.0132   34
 Side 2 forced transition at x/c =  1.0000   59

   6   rms: 0.6097E-04   max: 0.6767E-03   D at   77  2
       a = 24.000      CL =  1.1904
      Cm =  0.0110     CD =  0.13658   =>   CDf =  0.00385    CDp =  0.13273
 plradd ia,ip,cpol           25           0  1.29907194E-03

 Point added to stored polar  1
 Point written to save file  polar.txt                                       
 Dump file unspecified or not available
 Calculating wake trajectory ...
 Calculating source influence matrix ...

 Solving BL system ...

 Side 1  free  transition at x/c =  0.0132   34
 Side 2 forced transition at x/c =  1.0000   59

   1   rms: 0.9736E-01   max: 0.5870E+00   D at   60  1   RLX: 0.234
       a = 25.000      CL =  1.1886
      Cm =  0.0091     CD =  0.14112   =>   CDf =  0.00387    CDp =  0.13726

 Side 1  free  transition at x/c =  0.0132   34
 Side 2 forced transition at x/c =  1.0000   59

   2   rms: 0.9552E-01   max: 0.6822E+00   D at   60  1
       a = 25.000      CL =  1.1683
      Cm =  0.0012     CD =  0.16063   =>   CDf =  0.00351    CDp =  0.15712

 Side 1  free  transition at x/c =  0.0130   35
 Side 2 forced transition at x/c =  1.0000   58

   3   rms: 0.2687E-01   max: 0.3786E+00   D at   60  1
       a = 25.000      CL =  1.1607
      Cm =  0.0016     CD =  0.15622   =>   CDf =  0.00356    CDp =  0.15266

 Side 1  free  transition at x/c =  0.0130   35
 Side 2 forced transition at x/c =  1.0000   58

   4   rms: 0.1736E-01   max: -.1371E+00   D at   60  1
       a = 25.000      CL =  1.1713
      Cm =  0.0031     CD =  0.15162   =>   CDf =  0.00353    CDp =  0.14809

 Side 1  free  transition at x/c =  0.0130   35
 Side 2 forced transition at x/c =  1.0000   58

   5   rms: 0.1653E-02   max: -.7006E-02   D at   78  2
       a = 25.000      CL =  1.1725
      Cm =  0.0030     CD =  0.15189   =>   CDf =  0.00357    CDp =  0.14833

 Side 1  free  transition at x/c =  0.0130   35
 Side 2 forced transition at x/c =  1.0000   58

   6   rms: 0.1967E-03   max: -.1333E-02   D at   75  2
       a = 25.000      CL =  1.1727
      Cm =  0.0030     CD =  0.15201   =>   CDf =  0.00357    CDp =  0.14844

 Side 1  free  transition at x/c =  0.0130   35
 Side 2 forced transition at x/c =  1.0000   58

   7   rms: 0.1187E-04   max: -.8295E-04   D at   76  2
       a = 25.000      CL =  1.1727
      Cm =  0.0030     CD =  0.15202   =>   CDf =  0.00357    CDp =  0.14845
 plradd ia,ip,cpol           26           0  3.53916839E-05

 Point added to stored polar  1
 Point written to save file  polar.txt                                       
 Dump file unspecified or not available

.OPERva   c>  
 Polar accumulation disabled

.OPERv   c>  
 XFOIL   c>  