
 ===================================================
  XFOIL Version 6.99
  Copyright (C) 2000   Mark Drela, Harold Youngren

  This software comes with ABSOLUTELY NO WARRANTY,
    subject to the GNU General Public License.

  Caveat computor
 ===================================================

 File  xfoil.def  not found

   QUIT    Exit program

  .OPER    Direct operating point(s)
  .MDES    Complex mapping design routine
  .QDES    Surface speed design routine
  .GDES    Geometry design routine

   SAVE f  Write airfoil to labeled coordinate file
   PSAV f  Write airfoil to plain coordinate file
   ISAV f  Write airfoil to ISES coordinate file
   MSAV f  Write airfoil to MSES coordinate file
   REVE    Reverse written-airfoil node ordering

   LOAD f  Read buffer airfoil from coordinate file
   NACA i  Set NACA 4,5-digit airfoil and buffer airfoil
   INTE    Set buffer airfoil by interpolating two airfoils
   NORM    Buffer airfoil normalization toggle
   XYCM rr Change CM reference location, currently  0.25000 0.00000

   BEND    Display structural properties of current airfoil

   PCOP    Set current-airfoil panel nodes directly from buffer airfoil points
   PANE    Set current-airfoil panel nodes ( 160 ) based on curvature
  .PPAR    Show/change paneling

  .PLOP    Plotting options

   WDEF f  Write  current-settings file
   RDEF f  Reread current-settings file
   NAME s  Specify new airfoil name
   NINC    Increment name version number

   Z       Zoom    | (available in all menus)
   U       Unzoom  | 

 XFOIL   c>  
 Labeled airfoil file.  Name:  NACA 64A223 STANDARD - PDAS/NASA TM-X-3069 6A ge

 Number of input coordinate points: 801
 Counterclockwise ordering
 Max thickness =     0.230026  at x =   0.378
 Max camber    =     0.011962  at x =   0.571

  LE  x,y  =  -0.00023   0.00291  |   Chord =   1.00024
  TE  x,y  =   1.00000   0.00000  |
 Maximum number of panel nodes  :          495
 Number of buffer airfoil points:          801
 Current airfoil cannot be set.
 Try executing PANE at Top Level instead.

 XFOIL   c>  
 Sharp trailing edge

 Paneling parameters used...
   Number of panel nodes       160
   Panel bunching parameter    1.000
   TE/LE panel density ratio   0.150
   Refined-area/LE panel density ratio    0.200
   Top    side refined area x/c limits  1.000 1.000
   Bottom side refined area x/c limits  1.000 1.000

 XFOIL   c>  
.OPERi   c>  
 M  =    0.0000
 Re =    600000

.OPERv   c>  
 Sonic Cp =    -66.86      Sonic Q/Qinf =     9.138


.OPERv   c>  
.OPERv   c>  
 Polar  1 newly created for accumulation
 Airfoil archived with polar: NACA 64A223 STANDARD - PDAS/NASA TM-X-3069 6A ge

Enter  polar save filename  OR  <return> for no file   s>  
 New polar save file available

Enter  polar dump filename  OR  <return> for no file   s>  
 Polar dump file will NOT be written

 Polar accumulation enabled

.OPERva   c>   Calculating unit vorticity distributions ...
 Calculating wake trajectory ...
 Calculating source influence matrix ...

 Solving BL system ...

 Initializing BL ...
    side            1  ...
 MRCHUE: Inverse mode at  48     Hk =   4.259
 MRCHUE: Inverse mode at  49     Hk =   5.363
 MRCHUE: Inverse mode at  50     Hk =   6.443
 MRCHUE: Inverse mode at  51     Hk =   7.514
 MRCHUE: Inverse mode at  52     Hk =   8.587
 MRCHUE: Inverse mode at  53     Hk =   9.653
 MRCHUE: Inverse mode at  54     Hk =   4.685
 MRCHUE: Inverse mode at  55     Hk =   2.500
 MRCHUE: Convergence failed at  81  side 1    Res =  0.6957E+01
    side            2  ...
 MRCHUE: Inverse mode at  48     Hk =   4.192
 MRCHUE: Inverse mode at  49     Hk =   5.248
 MRCHUE: Inverse mode at  50     Hk =   6.286
 MRCHUE: Inverse mode at  51     Hk =   7.309
 MRCHUE: Inverse mode at  52     Hk =   8.336
 MRCHUE: Inverse mode at  53     Hk =   9.360
 MRCHUE: Inverse mode at  54     Hk =   6.696
 MRCHUE: Inverse mode at  55     Hk =   3.469
 MRCHUE: Convergence failed at  81  side 2    Res =  0.6037E+01

 MRCHDU: Convergence failed at  81  side 1    Res =  0.7275E+01
 MRCHDU: Convergence failed at  81  side 2    Res =  0.2884E+01
 Side 1  free  transition at x/c =  0.5544   54
 Side 2  free  transition at x/c =  0.5554   54

   1   rms: 0.6116E+00   max: 0.2822E+01   D at   83  2   RLX: 0.305
       a =  0.000      CL =  0.1942
      Cm = -0.0414     CD =  0.00161   =>   CDf =  0.00695    CDp = -0.00534

 Side 1  free  transition at x/c =  0.5614   54
 Side 2  free  transition at x/c =  0.5615   54

   2   rms: 0.4983E+00   max: 0.2292E+01   D at   83  2   RLX: 0.610
       a =  0.000      CL =  0.1519
      Cm = -0.0324     CD =  0.00420   =>   CDf =  0.00678    CDp = -0.00257

 MRCHDU: Convergence failed at  81  side 2    Res =  0.1380E+00
 Side 1  free  transition at x/c =  0.5747   55
 Side 2  free  transition at x/c =  0.5731   55
 idif Ue xi dudx           1  0.18773337      3.56674194E-03   52.634411    
 Uenew xinew           2  6.19921647E-02  1.17778778E-03

   3   rms: 0.2610E+00   max: 0.9576E+00   D at   85  2   RLX: 0.625
       a =  0.000      CL = -0.0057
      Cm =  0.0032     CD =  0.00580   =>   CDf =  0.00663    CDp = -0.00083

 Side 1  free  transition at x/c =  0.5923   55
 Side 2  free  transition at x/c =  0.5776   56

   4   rms: 0.1261E+00   max: 0.5666E+00   D at   89  2
       a =  0.000      CL =  0.0673
      Cm = -0.0141     CD =  0.00926   =>   CDf =  0.00630    CDp =  0.00296

 Side 1  free  transition at x/c =  0.5905   54
 Side 2  free  transition at x/c =  0.5809   56

   5   rms: 0.7264E-02   max: -.6240E-01   D at   81  2
       a =  0.000      CL =  0.0684
      Cm = -0.0144     CD =  0.00983   =>   CDf =  0.00629    CDp =  0.00354

 Side 1  free  transition at x/c =  0.5904   54
 Side 2  free  transition at x/c =  0.5810   56

   6   rms: 0.9446E-03   max: -.4492E-02   D at   80  1
       a =  0.000      CL =  0.0698
      Cm = -0.0147     CD =  0.00983   =>   CDf =  0.00627    CDp =  0.00357

 Side 1  free  transition at x/c =  0.5903   54
 Side 2  free  transition at x/c =  0.5810   56

   7   rms: 0.6231E-05   max: -.3419E-04   D at   80  1
       a =  0.000      CL =  0.0698
      Cm = -0.0147     CD =  0.00983   =>   CDf =  0.00627    CDp =  0.00357
 plradd ia,ip,cpol            1           0  0.37224060    

 Point added to stored polar  1
 Point written to save file  polar.txt                                       
 Dump file unspecified or not available
 Calculating wake trajectory ...
 Calculating source influence matrix ...

 Solving BL system ...

 Side 1  free  transition at x/c =  0.5903   54
 Side 2  free  transition at x/c =  0.5810   56
 idif Ue xi dudx           1  0.16863263      2.85112858E-03   59.145920    
 Uenew xinew           2  2.53051165E-02  4.27842140E-04

   1   rms: 0.1181E+00   max: 0.2603E+00   T at   56  2
       a = -1.000      CL = -0.0058
      Cm = -0.0219     CD =  0.00987   =>   CDf =  0.00628    CDp =  0.00359

 MRCHDU: Convergence failed at  54  side 1    Res =  0.2214E+03
 MRCHDU: Convergence failed at  55  side 1    Res =  0.1681E+01
 MRCHDU: Convergence failed at  56  side 1    Res =  0.1012E+02
 MRCHDU: Convergence failed at  57  side 1    Res =  0.2354E+02
 MRCHDU: Convergence failed at  58  side 1    Res =  0.1299E+02
 MRCHDU: Convergence failed at  59  side 1    Res =  0.1334E+02
 MRCHDU: Convergence failed at  60  side 1    Res =  0.1766E+02
 MRCHDU: Convergence failed at  61  side 1    Res =  0.2836E+02
 MRCHDU: Convergence failed at  62  side 1    Res =  0.1175E+03
 MRCHDU: Convergence failed at  63  side 1    Res =  0.5684E+02
 MRCHDU: Convergence failed at  64  side 1    Res =  0.2318E+02
 MRCHDU: Convergence failed at  65  side 1    Res =  0.1488E+02
 MRCHDU: Convergence failed at  66  side 1    Res =  0.1108E+02
 MRCHDU: Convergence failed at  67  side 1    Res =  0.1058E+02
 MRCHDU: Convergence failed at  68  side 1    Res =  0.9558E+01
 MRCHDU: Convergence failed at  69  side 1    Res =  0.7982E+01
 MRCHDU: Convergence failed at  70  side 1    Res =  0.1001E+02
 MRCHDU: Convergence failed at  71  side 1    Res =  0.1384E+02
 MRCHDU: Convergence failed at  72  side 1    Res =  0.2182E+02
 MRCHDU: Convergence failed at  73  side 1    Res =  0.4246E+02
 MRCHDU: Convergence failed at  74  side 1    Res =  0.2870E+02
 MRCHDU: Convergence failed at  75  side 1    Res =  0.9190E+02
 MRCHDU: Convergence failed at  76  side 1    Res =  0.3289E+02
 MRCHDU: Convergence failed at  77  side 1    Res =  0.1677E+02
 MRCHDU: Convergence failed at  78  side 1    Res =  0.1859E+02
 MRCHDU: Convergence failed at  79  side 1    Res =  0.1588E+02
 Side 1  free  transition at x/c =  0.6039   54
 Side 2  free  transition at x/c =  0.5703   57

   2   rms: 0.5795E+00   max: 0.4830E+01   D at   79  1   RLX: 0.311
       a = -1.000      CL =  0.0834
      Cm = -0.0953     CD =  0.00629   =>   CDf =  0.00495    CDp =  0.00134

 Side 1  free  transition at x/c =  0.6000   54
 Side 2  free  transition at x/c =  0.5699   57

   3   rms: 0.1798E+00   max: -.2325E+00   U at   79  1   RLX: 0.705
       a = -1.000      CL = -0.0700
      Cm = -0.0187     CD =  0.00902   =>   CDf =  0.00654    CDp =  0.00248

 Side 1  free  transition at x/c =  0.6046   54
 Side 2  free  transition at x/c =  0.5701   57

   4   rms: 0.7955E-01   max: -.4666E+00   D at   78  1
       a = -1.000      CL = -0.0033
      Cm = -0.0223     CD =  0.00954   =>   CDf =  0.00638    CDp =  0.00316

 Side 1  free  transition at x/c =  0.6040   54
 Side 2  free  transition at x/c =  0.5707   57

   5   rms: 0.1421E-01   max: -.1483E+00   D at   78  1
       a = -1.000      CL = -0.0205
      Cm = -0.0187     CD =  0.00976   =>   CDf =  0.00619    CDp =  0.00357

 Side 1  free  transition at x/c =  0.6037   54
 Side 2  free  transition at x/c =  0.5705   57

   6   rms: 0.4462E-02   max: 0.2366E-01   D at   79  1
       a = -1.000      CL = -0.0265
      Cm = -0.0174     CD =  0.00976   =>   CDf =  0.00619    CDp =  0.00358

 Side 1  free  transition at x/c =  0.6037   54
 Side 2  free  transition at x/c =  0.5705   57

   7   rms: 0.3336E-04   max: -.2063E-03   D at   78  1
       a = -1.000      CL = -0.0265
      Cm = -0.0174     CD =  0.00976   =>   CDf =  0.00619    CDp =  0.00358
 plradd ia,ip,cpol            2           0  0.38938251    

 Point added to stored polar  1
 Point written to save file  polar.txt                                       
 Dump file unspecified or not available
 Calculating wake trajectory ...
 Calculating source influence matrix ...

 Solving BL system ...

 Side 1  free  transition at x/c =  0.6037   54
 Side 2  free  transition at x/c =  0.5705   57
 idif Ue xi dudx           1  0.18917540      4.32991982E-03   43.690277    
 Uenew xinew           2  8.07076171E-02  1.84726715E-03

   1   rms: 0.1266E+00   max: 0.3053E+00   T at   57  2
       a = -2.000      CL = -0.1173
      Cm = -0.0213     CD =  0.00991   =>   CDf =  0.00618    CDp =  0.00373

 Side 1  free  transition at x/c =  0.6179   54
 Side 2  free  transition at x/c =  0.5619   57

   2   rms: 0.1731E-01   max: -.1443E+00   D at   57  2
       a = -2.000      CL = -0.1152
      Cm = -0.0218     CD =  0.00982   =>   CDf =  0.00614    CDp =  0.00369

 Side 1  free  transition at x/c =  0.6188   54
 Side 2  free  transition at x/c =  0.5606   57

   3   rms: 0.6434E-03   max: 0.4887E-02   D at   57  2
       a = -2.000      CL = -0.1155
      Cm = -0.0217     CD =  0.00984   =>   CDf =  0.00610    CDp =  0.00375

 Side 1  free  transition at x/c =  0.6186   54
 Side 2  free  transition at x/c =  0.5605   57

   4   rms: 0.1413E-04   max: 0.7429E-04   D at   78  1
       a = -2.000      CL = -0.1155
      Cm = -0.0217     CD =  0.00984   =>   CDf =  0.00610    CDp =  0.00374
 plradd ia,ip,cpol            3           0  0.34812275    

 Point added to stored polar  1
 Point written to save file  polar.txt                                       
 Dump file unspecified or not available
 Calculating wake trajectory ...
 Calculating source influence matrix ...

 Solving BL system ...

 Side 1  free  transition at x/c =  0.6186   54
 Side 2  free  transition at x/c =  0.5605   57
 idif Ue xi dudx           2  0.22821024      5.67066669E-03   40.243988    
 Uenew xinew           3  0.12556385      3.12006474E-03

   1   rms: 0.1240E+00   max: 0.2587E+00   T at   57  2
       a = -3.000      CL = -0.2001
      Cm = -0.0270     CD =  0.00986   =>   CDf =  0.00604    CDp =  0.00382

 Side 1  free  transition at x/c =  0.6310   52
 Side 2  free  transition at x/c =  0.5462   58

   2   rms: 0.3958E-01   max: -.4495E+00   D at   59  2
       a = -3.000      CL = -0.1958
      Cm = -0.0280     CD =  0.01018   =>   CDf =  0.00621    CDp =  0.00397

 Side 1  free  transition at x/c =  0.6353   53
 Side 2  free  transition at x/c =  0.5494   59

   3   rms: 0.1114E-01   max: 0.6850E-01   D at   76  1
       a = -3.000      CL = -0.1996
      Cm = -0.0272     CD =  0.00994   =>   CDf =  0.00607    CDp =  0.00386

 Side 1  free  transition at x/c =  0.6354   53
 Side 2  free  transition at x/c =  0.5485   59

   4   rms: 0.9365E-03   max: 0.7872E-02   D at   76  1
       a = -3.000      CL = -0.2006
      Cm = -0.0269     CD =  0.00994   =>   CDf =  0.00605    CDp =  0.00388

 Side 1  free  transition at x/c =  0.6354   53
 Side 2  free  transition at x/c =  0.5485   59

   5   rms: 0.9180E-05   max: 0.6149E-04   D at   76  1
       a = -3.000      CL = -0.2006
      Cm = -0.0269     CD =  0.00994   =>   CDf =  0.00605    CDp =  0.00388
 plradd ia,ip,cpol            4           0  0.22444899    

 Point added to stored polar  1
 Point written to save file  polar.txt                                       
 Dump file unspecified or not available
 Calculating wake trajectory ...
 Calculating source influence matrix ...

 Solving BL system ...

 Side 1  free  transition at x/c =  0.6354   53
 Side 2  free  transition at x/c =  0.5485   59
 idif Ue xi dudx           1  0.17126657      4.21869755E-03   40.597027    
 Uenew xinew           2  6.02329485E-02  1.48367882E-03

   1   rms: 0.1447E+00   max: 0.4248E+00   T at   59  2
       a = -4.000      CL = -0.3211
      Cm = -0.0243     CD =  0.01026   =>   CDf =  0.00601    CDp =  0.00425

 Side 1  free  transition at x/c =  0.6507   52
 Side 2  free  transition at x/c =  0.5283   59

   2   rms: 0.7431E-01   max: -.5841E+00   D at   59  2   RLX: 0.856
       a = -4.000      CL = -0.2808
      Cm = -0.0333     CD =  0.01019   =>   CDf =  0.00597    CDp =  0.00422

 Side 1  free  transition at x/c =  0.6530   53
 Side 2  free  transition at x/c =  0.5333   59

   3   rms: 0.1315E-01   max: -.1716E+00   D at   59  2
       a = -4.000      CL = -0.2763
      Cm = -0.0343     CD =  0.00992   =>   CDf =  0.00593    CDp =  0.00398

 Side 1  free  transition at x/c =  0.6535   53
 Side 2  free  transition at x/c =  0.5336   59

   4   rms: 0.5987E-03   max: 0.5035E-02   D at   59  2
       a = -4.000      CL = -0.2758
      Cm = -0.0344     CD =  0.00993   =>   CDf =  0.00591    CDp =  0.00402

 Side 1  free  transition at x/c =  0.6534   53
 Side 2  free  transition at x/c =  0.5335   59

   5   rms: 0.4128E-05   max: -.2572E-04   D at   60  2
       a = -4.000      CL = -0.2758
      Cm = -0.0344     CD =  0.00993   =>   CDf =  0.00591    CDp =  0.00402
 plradd ia,ip,cpol            5           0  5.06032631E-02

 Point added to stored polar  1
 Point written to save file  polar.txt                                       
 Dump file unspecified or not available
 Calculating wake trajectory ...
 Calculating source influence matrix ...

 Solving BL system ...

 Side 1  free  transition at x/c =  0.6534   53
 Side 2  free  transition at x/c =  0.5335   59
 idif Ue xi dudx           1  0.17063197      5.16510010E-03   33.035561    
 Uenew xinew           2  7.61401057E-02  2.30479240E-03

   1   rms: 0.1351E+00   max: 0.4726E+00   T at   59  2
       a = -5.000      CL = -0.3732
      Cm = -0.0370     CD =  0.00974   =>   CDf =  0.00585    CDp =  0.00390

 Side 1  free  transition at x/c =  0.6717   53
 Side 2  free  transition at x/c =  0.5138   59

   2   rms: 0.5329E-01   max: -.3854E+00   D at   59  2
       a = -5.000      CL = -0.3472
      Cm = -0.0427     CD =  0.00986   =>   CDf =  0.00584    CDp =  0.00403

 Side 1  free  transition at x/c =  0.6743   53
 Side 2  free  transition at x/c =  0.5173   59

   3   rms: 0.6221E-02   max: -.5364E-01   D at   60  2
       a = -5.000      CL = -0.3500
      Cm = -0.0421     CD =  0.00994   =>   CDf =  0.00573    CDp =  0.00421

 Side 1  free  transition at x/c =  0.6729   53
 Side 2  free  transition at x/c =  0.5160   59

   4   rms: 0.3558E-03   max: -.3377E-02   D at   60  2
       a = -5.000      CL = -0.3499
      Cm = -0.0421     CD =  0.00994   =>   CDf =  0.00577    CDp =  0.00418

 Side 1  free  transition at x/c =  0.6728   53
 Side 2  free  transition at x/c =  0.5160   59

   5   rms: 0.4737E-05   max: -.1886E-04   D at   54  1
       a = -5.000      CL = -0.3499
      Cm = -0.0421     CD =  0.00994   =>   CDf =  0.00577    CDp =  0.00417
 plradd ia,ip,cpol            6           0  5.06032631E-02

 Point added to stored polar  1
 Point written to save file  polar.txt                                       
 Dump file unspecified or not available
 Calculating wake trajectory ...
 Calculating source influence matrix ...

 Solving BL system ...

 Side 1  free  transition at x/c =  0.6728   53
 Side 2  free  transition at x/c =  0.5160   59
 idif Ue xi dudx           1  0.11562871      5.05614281E-03   22.868958    
 Uenew xinew           2  4.67787310E-02  2.04551220E-03

   1   rms: 0.1398E+00   max: -.6529E+00   D at   59  2   RLX: 0.766
       a = -6.000      CL = -0.4088
      Cm = -0.0475     CD =  0.00966   =>   CDf =  0.00569    CDp =  0.00398

 MRCHDU: Convergence failed at  60  side 2    Res =  0.1474E+01
 MRCHDU: Convergence failed at  61  side 2    Res =  0.1180E+01
 MRCHDU: Convergence failed at  62  side 2    Res =  0.2735E+01
 MRCHDU: Convergence failed at  63  side 2    Res =  0.3265E+01
 MRCHDU: Convergence failed at  64  side 2    Res =  0.3569E+01
 MRCHDU: Convergence failed at  65  side 2    Res =  0.3998E+01
 MRCHDU: Convergence failed at  66  side 2    Res =  0.4723E+01
 MRCHDU: Convergence failed at  67  side 2    Res =  0.5692E+01
 MRCHDU: Convergence failed at  68  side 2    Res =  0.7032E+01
 MRCHDU: Convergence failed at  69  side 2    Res =  0.9123E+01
 MRCHDU: Convergence failed at  70  side 2    Res =  0.1249E+02
 MRCHDU: Convergence failed at  71  side 2    Res =  0.2308E+02
 MRCHDU: Convergence failed at  72  side 2    Res =  0.8170E+02
 MRCHDU: Convergence failed at  73  side 2    Res =  0.3654E+02
 MRCHDU: Convergence failed at  74  side 2    Res =  0.1376E+02
 MRCHDU: Convergence failed at  75  side 2    Res =  0.1714E+02
 MRCHDU: Convergence failed at  76  side 2    Res =  0.1987E+02
 MRCHDU: Convergence failed at  77  side 2    Res =  0.2313E+02
 MRCHDU: Convergence failed at  78  side 2    Res =  0.2462E+02
 MRCHDU: Convergence failed at  79  side 2    Res =  0.1436E+02
 MRCHDU: Convergence failed at  80  side 2    Res =  0.2796E+02
 MRCHDU: Convergence failed at  81  side 2    Res =  0.2135E+02
 MRCHDU: Convergence failed at  82  side 2    Res =  0.5750E+02
 MRCHDU: Convergence failed at  83  side 2    Res =  0.4973E+02
 MRCHDU: Convergence failed at  84  side 2    Res =  0.1651E+02
 MRCHDU: Convergence failed at  85  side 2    Res =  0.1061E+02
 MRCHDU: Convergence failed at  86  side 2    Res =  0.1273E+02
 MRCHDU: Convergence failed at  87  side 2    Res =  0.2160E+02
 MRCHDU: Convergence failed at  88  side 2    Res =  0.9436E+02
 MRCHDU: Convergence failed at  89  side 2    Res =  0.1776E+02
 Side 1  free  transition at x/c =  0.6899   52
 Side 2  free  transition at x/c =  0.5055   59

   2   rms: 0.6550E+00   max: 0.5162E+01   D at   89  2   RLX: 0.291
       a = -6.000      CL = -0.6185
      Cm =  0.0791     CD =  0.00530   =>   CDf =  0.00424    CDp =  0.00106

 Side 1  free  transition at x/c =  0.6906   52
 Side 2  free  transition at x/c =  0.4991   59
 idif Ue xi dudx           1  0.11507930      3.97694111E-03   28.936636    
 Uenew xinew           2  2.28978861E-02  7.91311264E-04

   3   rms: 0.2582E+00   max: 0.3604E+00   T at   90  2   RLX: 0.995
       a = -6.000      CL = -0.4839
      Cm = -0.0385     CD =  0.00786   =>   CDf =  0.00673    CDp =  0.00112

 MRCHDU: Convergence failed at  87  side 2    Res =  0.1941E+01
 MRCHDU: Convergence failed at  88  side 2    Res =  0.3375E+01
 MRCHDU: Convergence failed at  89  side 2    Res =  0.7542E+01
 MRCHDU: Convergence failed at  90  side 2    Res =  0.2202E+01
 Side 1  free  transition at x/c =  0.6947   52
 Side 2  free  transition at x/c =  0.4961   60

   4   rms: 0.8031E-01   max: -.5772E+00   D at   86  2   RLX: 0.866
       a = -6.000      CL = -0.4262
      Cm = -0.0495     CD =  0.00958   =>   CDf =  0.00569    CDp =  0.00389

 Side 1  free  transition at x/c =  0.6946   53
 Side 2  free  transition at x/c =  0.4968   59

   5   rms: 0.2376E-01   max: -.3464E+00   D at   85  2
       a = -6.000      CL = -0.4222
      Cm = -0.0501     CD =  0.00999   =>   CDf =  0.00559    CDp =  0.00439

 Side 1  free  transition at x/c =  0.6945   53
 Side 2  free  transition at x/c =  0.4966   59

   6   rms: 0.8099E-02   max: -.1102E+00   D at   85  2
       a = -6.000      CL = -0.4169
      Cm = -0.0512     CD =  0.00996   =>   CDf =  0.00559    CDp =  0.00438

 Side 1  free  transition at x/c =  0.6946   53
 Side 2  free  transition at x/c =  0.4968   59

   7   rms: 0.1098E-02   max: -.8993E-02   D at   85  2
       a = -6.000      CL = -0.4158
      Cm = -0.0514     CD =  0.00996   =>   CDf =  0.00559    CDp =  0.00437

 Side 1  free  transition at x/c =  0.6946   53
 Side 2  free  transition at x/c =  0.4968   59

   8   rms: 0.8126E-05   max: 0.6798E-04   D at   91  2
       a = -6.000      CL = -0.4158
      Cm = -0.0514     CD =  0.00996   =>   CDf =  0.00559    CDp =  0.00437
 plradd ia,ip,cpol            7           0  3.90869118E-02

 Point added to stored polar  1
 Point written to save file  polar.txt                                       
 Dump file unspecified or not available
 Calculating wake trajectory ...
 Calculating source influence matrix ...

 Solving BL system ...

 Side 1  free  transition at x/c =  0.6946   53
 Side 2  free  transition at x/c =  0.4968   59
 idif Ue xi dudx           2  0.17312118      6.65640831E-03   26.008198    
 Uenew xinew           3  9.02686939E-02  3.47077847E-03

   1   rms: 0.1325E+00   max: -.3638E+00   D at   59  2   RLX: 0.932
       a = -7.000      CL = -0.4907
      Cm = -0.0571     CD =  0.00994   =>   CDf =  0.00539    CDp =  0.00454

 Side 1  free  transition at x/c =  0.7112   51
 Side 2  free  transition at x/c =  0.4737   60

   2   rms: 0.4750E-01   max: -.4517E+00   D at   60  2
       a = -7.000      CL = -0.4643
      Cm = -0.0644     CD =  0.01011   =>   CDf =  0.00567    CDp =  0.00443

 Side 1  free  transition at x/c =  0.7188   53
 Side 2  free  transition at x/c =  0.4791   59
 idif Ue xi dudx           1  9.53478888E-02  3.47077847E-03   27.471615    
 Uenew xinew           2  2.43322970E-03  8.85725021E-05

   3   rms: 0.1725E-01   max: 0.1504E+00   D at   72  1
       a = -7.000      CL = -0.4824
      Cm = -0.0604     CD =  0.01010   =>   CDf =  0.00526    CDp =  0.00484

 Side 1  free  transition at x/c =  0.7179   52
 Side 2  free  transition at x/c =  0.4755   60

   4   rms: 0.4827E-02   max: 0.4972E-01   D at    2  2
       a = -7.000      CL = -0.4871
      Cm = -0.0593     CD =  0.01011   =>   CDf =  0.00539    CDp =  0.00471

 Side 1  free  transition at x/c =  0.7178   52
 Side 2  free  transition at x/c =  0.4752   60

   5   rms: 0.1422E-03   max: 0.6580E-03   D at   71  1
       a = -7.000      CL = -0.4873
      Cm = -0.0593     CD =  0.01011   =>   CDf =  0.00540    CDp =  0.00471

 Side 1  free  transition at x/c =  0.7178   52
 Side 2  free  transition at x/c =  0.4752   60

   6   rms: 0.2213E-05   max: -.1336E-04   D at    4  2
       a = -7.000      CL = -0.4873
      Cm = -0.0593     CD =  0.01011   =>   CDf =  0.00540    CDp =  0.00471
 plradd ia,ip,cpol            8           0  1.91027932E-02

 Point added to stored polar  1
 Point written to save file  polar.txt                                       
 Dump file unspecified or not available
 Calculating wake trajectory ...
 Calculating source influence matrix ...

 Solving BL system ...

 Side 1  free  transition at x/c =  0.7178   52
 Side 2  free  transition at x/c =  0.4752   60

   1   rms: 0.1374E+00   max: -.7183E+00   D at   60  2   RLX: 0.696
       a = -8.000      CL = -0.5407
      Cm = -0.0638     CD =  0.01028   =>   CDf =  0.00540    CDp =  0.00489

 Side 1  free  transition at x/c =  0.7305   52
 Side 2  free  transition at x/c =  0.4515   58

   2   rms: 0.4490E-01   max: 0.3048E+00   D at   59  2
       a = -8.000      CL = -0.5494
      Cm = -0.0687     CD =  0.01051   =>   CDf =  0.00538    CDp =  0.00513

 Side 1  free  transition at x/c =  0.7447   53
 Side 2  free  transition at x/c =  0.4361   58
 idif Ue xi dudx           1  0.11319954      3.66127491E-03   30.918066    
 Uenew xinew           2  1.82074599E-03  5.88893890E-05

   3   rms: 0.1671E-01   max: 0.1505E+00   C at   53  1
       a = -8.000      CL = -0.5597
      Cm = -0.0663     CD =  0.01045   =>   CDf =  0.00512    CDp =  0.00533

 Side 1  free  transition at x/c =  0.7432   52
 Side 2  free  transition at x/c =  0.4371   59

   4   rms: 0.2171E-01   max: 0.3662E+00   T at    2  2
       a = -8.000      CL = -0.5636
      Cm = -0.0655     CD =  0.01045   =>   CDf =  0.00521    CDp =  0.00524

 Side 1  free  transition at x/c =  0.7427   52
 Side 2  free  transition at x/c =  0.4363   59

   5   rms: 0.7158E-03   max: 0.9201E-02   D at    5  2
       a = -8.000      CL = -0.5637
      Cm = -0.0655     CD =  0.01045   =>   CDf =  0.00522    CDp =  0.00523

 Side 1  free  transition at x/c =  0.7427   52
 Side 2  free  transition at x/c =  0.4363   59

   6   rms: 0.1142E-05   max: -.9912E-05   D at    9  2
       a = -8.000      CL = -0.5637
      Cm = -0.0655     CD =  0.01045   =>   CDf =  0.00522    CDp =  0.00523
 plradd ia,ip,cpol            9           0  8.91487300E-03

 Point added to stored polar  1
 Point written to save file  polar.txt                                       
 Dump file unspecified or not available
 Calculating wake trajectory ...
 Calculating source influence matrix ...

 Solving BL system ...

 Side 1  free  transition at x/c =  0.7427   52
 Side 2  free  transition at x/c =  0.4363   59

   1   rms: 0.1554E+00   max: -.1023E+01   D at   59  2   RLX: 0.489
       a = -9.000      CL = -0.5953
      Cm = -0.0692     CD =  0.01084   =>   CDf =  0.00522    CDp =  0.00563

 Side 1  free  transition at x/c =  0.7541   53
 Side 2  free  transition at x/c =  0.3861   56
 idif Ue xi dudx           1  8.72463956E-02  4.84347343E-03   18.013187    
 Uenew xinew           2  1.79195460E-02  9.94801521E-04

   2   rms: 0.1261E+00   max: 0.1556E+01   C at   56  2   RLX: 0.661
       a = -9.000      CL = -0.6141
      Cm = -0.0708     CD =  0.01161   =>   CDf =  0.00519    CDp =  0.00641

 Side 1  free  transition at x/c =  0.7654   52
 Side 2  free  transition at x/c =  0.3253   53

   3   rms: 0.3400E-01   max: 0.1880E+00   D at   89  2
       a = -9.000      CL = -0.6036
      Cm = -0.0757     CD =  0.01226   =>   CDf =  0.00552    CDp =  0.00674

 Side 1  free  transition at x/c =  0.7716   53
 Side 2  free  transition at x/c =  0.3116   52

   4   rms: 0.9490E-02   max: -.1193E+00   C at   52  2
       a = -9.000      CL = -0.6009
      Cm = -0.0759     CD =  0.01244   =>   CDf =  0.00558    CDp =  0.00686

 Side 1  free  transition at x/c =  0.7734   53
 Side 2  free  transition at x/c =  0.3134   53

   5   rms: 0.4543E-02   max: -.6901E-01   C at   53  2
       a = -9.000      CL = -0.6004
      Cm = -0.0761     CD =  0.01242   =>   CDf =  0.00552    CDp =  0.00690

 Side 1  free  transition at x/c =  0.7729   53
 Side 2  free  transition at x/c =  0.3150   53

   6   rms: 0.2732E-03   max: 0.4918E-02   C at   53  2
       a = -9.000      CL = -0.6005
      Cm = -0.0760     CD =  0.01242   =>   CDf =  0.00551    CDp =  0.00692

 Side 1  free  transition at x/c =  0.7729   53
 Side 2  free  transition at x/c =  0.3148   53

   7   rms: 0.6131E-05   max: 0.2935E-04   D at   99  2
       a = -9.000      CL = -0.6005
      Cm = -0.0760     CD =  0.01242   =>   CDf =  0.00551    CDp =  0.00691
 plradd ia,ip,cpol           10           0  8.91487300E-03

 Point added to stored polar  1
 Point written to save file  polar.txt                                       
 Dump file unspecified or not available
 Calculating wake trajectory ...
 Calculating source influence matrix ...

 Solving BL system ...

 Side 1  free  transition at x/c =  0.7729   53
 Side 2  free  transition at x/c =  0.3148   53

   1   rms: 0.3048E+00   max: 0.4029E+01   C at   53  2   RLX: 0.300
       a =-10.000      CL = -0.5989
      Cm = -0.0801     CD =  0.01362   =>   CDf =  0.00551    CDp =  0.00812

 Side 1  free  transition at x/c =  0.7828   53
 Side 2  free  transition at x/c =  0.2764   50

   2   rms: 0.1310E+00   max: 0.1750E+01   C at   50  2   RLX: 0.857
       a =-10.000      CL = -0.6287
      Cm = -0.0840     CD =  0.01507   =>   CDf =  0.00563    CDp =  0.00945

 Side 1  free  transition at x/c =  0.8039   54
 Side 2  free  transition at x/c =  0.2019   46

   3   rms: 0.4898E-01   max: 0.3318E+00   D at   81  2
       a =-10.000      CL = -0.6083
      Cm = -0.0865     CD =  0.01658   =>   CDf =  0.00597    CDp =  0.01060

 Side 1  free  transition at x/c =  0.8156   55
 Side 2  free  transition at x/c =  0.2059   46

   4   rms: 0.1090E-01   max: 0.1460E+00   C at   55  1
       a =-10.000      CL = -0.6098
      Cm = -0.0860     CD =  0.01667   =>   CDf =  0.00574    CDp =  0.01093

 Side 1  free  transition at x/c =  0.8128   55
 Side 2  free  transition at x/c =  0.2049   46

   5   rms: 0.9966E-03   max: 0.1413E-01   C at   55  1
       a =-10.000      CL = -0.6098
      Cm = -0.0861     CD =  0.01666   =>   CDf =  0.00576    CDp =  0.01090

 Side 1  free  transition at x/c =  0.8124   55
 Side 2  free  transition at x/c =  0.2049   46

   6   rms: 0.1119E-04   max: -.1253E-03   D at   57  1
       a =-10.000      CL = -0.6098
      Cm = -0.0861     CD =  0.01666   =>   CDf =  0.00576    CDp =  0.01090
 plradd ia,ip,cpol           11           0  8.91487300E-03

 Point added to stored polar  1
 Point written to save file  polar.txt                                       
 Dump file unspecified or not available
 Calculating wake trajectory ...
 Calculating source influence matrix ...

 Solving BL system ...

 Side 1  free  transition at x/c =  0.8124   55
 Side 2  free  transition at x/c =  0.2049   46
 idif Ue xi dudx           1  0.13836196      5.96916676E-03   23.179443    
 Uenew xinew           2  4.28434946E-02  1.84834003E-03

   1   rms: 0.1860E+00   max: 0.2362E+01   C at   46  2   RLX: 0.576
       a =-11.000      CL = -0.6378
      Cm = -0.0884     CD =  0.01849   =>   CDf =  0.00564    CDp =  0.01285

 Side 1  free  transition at x/c =  0.8327   55
 Side 2  free  transition at x/c =  0.1648   45

   2   rms: 0.8038E-01   max: 0.4081E+00   D at   76  2
       a =-11.000      CL = -0.6337
      Cm = -0.0924     CD =  0.02109   =>   CDf =  0.00589    CDp =  0.01520

 Side 1  free  transition at x/c =  0.8750   59
 Side 2  free  transition at x/c =  0.1451   44

   3   rms: 0.1556E-01   max: -.1192E+00   D at   58  1
       a =-11.000      CL = -0.6353
      Cm = -0.0917     CD =  0.02126   =>   CDf =  0.00572    CDp =  0.01553

 Side 1  free  transition at x/c =  0.8696   58
 Side 2  free  transition at x/c =  0.1456   44

   4   rms: 0.3012E-02   max: 0.3911E-01   C at   58  1
       a =-11.000      CL = -0.6362
      Cm = -0.0915     CD =  0.02123   =>   CDf =  0.00568    CDp =  0.01555

 Side 1  free  transition at x/c =  0.8674   58
 Side 2  free  transition at x/c =  0.1451   44

   5   rms: 0.2018E-03   max: -.3587E-02   C at   58  1
       a =-11.000      CL = -0.6361
      Cm = -0.0915     CD =  0.02123   =>   CDf =  0.00569    CDp =  0.01554

 Side 1  free  transition at x/c =  0.8675   58
 Side 2  free  transition at x/c =  0.1451   44

   6   rms: 0.1778E-05   max: 0.1592E-04   D at   44  2
       a =-11.000      CL = -0.6361
      Cm = -0.0915     CD =  0.02123   =>   CDf =  0.00569    CDp =  0.01554
 plradd ia,ip,cpol           12           0  6.97993673E-03

 Point added to stored polar  1
 Point written to save file  polar.txt                                       
 Dump file unspecified or not available
 Calculating wake trajectory ...
 Calculating source influence matrix ...

 Solving BL system ...

 Side 1  free  transition at x/c =  0.8675   58
 Side 2  free  transition at x/c =  0.1451   44
 idif Ue xi dudx           1  7.77188987E-02  4.65583801E-03   16.692783    
 Uenew xinew           2  3.96594033E-03  2.37584114E-04

   1   rms: 0.1871E+00   max: -.1161E+01   C at   58  1   RLX: 0.431
       a =-12.000      CL = -0.6434
      Cm = -0.0940     CD =  0.02354   =>   CDf =  0.00556    CDp =  0.01799

 Side 1  free  transition at x/c =  0.8945   59
 Side 2  free  transition at x/c =  0.1270   43

   2   rms: 0.1531E+00   max: 0.2104E+01   D at    2  2   RLX: 0.525
       a =-12.000      CL = -0.6632
      Cm = -0.0943     CD =  0.02454   =>   CDf =  0.00563    CDp =  0.01891

 Side 1  free  transition at x/c =  0.9089   60
 Side 2  free  transition at x/c =  0.1146   42

   3   rms: 0.4443E-01   max: -.3833E+00   C at   60  1
       a =-12.000      CL = -0.6783
      Cm = -0.0942     CD =  0.02568   =>   CDf =  0.00564    CDp =  0.02004

 Side 1  free  transition at x/c =  0.9309   61
 Side 2  free  transition at x/c =  0.1048   42

   4   rms: 0.8190E-02   max: -.6859E-01   C at   61  1
       a =-12.000      CL = -0.6761
      Cm = -0.0936     CD =  0.02610   =>   CDf =  0.00561    CDp =  0.02049

 Side 1  free  transition at x/c =  0.9338   61
 Side 2  free  transition at x/c =  0.1058   42

   5   rms: 0.5905E-03   max: -.6162E-02   C at   61  1
       a =-12.000      CL = -0.6759
      Cm = -0.0937     CD =  0.02608   =>   CDf =  0.00557    CDp =  0.02051

 Side 1  free  transition at x/c =  0.9339   61
 Side 2  free  transition at x/c =  0.1057   42

   6   rms: 0.8158E-05   max: -.7420E-04   D at   42  2
       a =-12.000      CL = -0.6759
      Cm = -0.0937     CD =  0.02608   =>   CDf =  0.00557    CDp =  0.02051
 plradd ia,ip,cpol           13           0  3.83087946E-03

 Point added to stored polar  1
 Point written to save file  polar.txt                                       
 Dump file unspecified or not available
 Calculating wake trajectory ...
 Calculating source influence matrix ...

 Solving BL system ...

 Side 1  free  transition at x/c =  0.9339   61
 Side 2  free  transition at x/c =  0.1057   42
 idif Ue xi dudx           1  8.98992494E-02  5.82432747E-03   15.435129    
 Uenew xinew           2  1.65600963E-02  1.07288361E-03

   1   rms: 0.1520E+00   max: -.8125E+00   D at   42  2   RLX: 0.615
       a =-13.000      CL = -0.6910
      Cm = -0.0963     CD =  0.02944   =>   CDf =  0.00543    CDp =  0.02401

 MRCHDU: Convergence failed at  65  side 1    Res =  0.2251E+01
 Side 1  free  transition at x/c =  0.9808   64
 Side 2  free  transition at x/c =  0.0938   42

   2   rms: 0.1115E+00   max: 0.8808E+00   C at   65  1
       a =-13.000      CL = -0.7562
      Cm = -0.0855     CD =  0.03241   =>   CDf =  0.00552    CDp =  0.02689

 Side 1  free  transition at x/c =  0.9765   64
 Side 2  free  transition at x/c =  0.0812   40

   3   rms: 0.3134E-01   max: 0.3454E+00   C at   64  1
       a =-13.000      CL = -0.7648
      Cm = -0.0846     CD =  0.03213   =>   CDf =  0.00555    CDp =  0.02659

 Side 1  free  transition at x/c =  0.9641   63
 Side 2  free  transition at x/c =  0.0824   40

   4   rms: 0.8579E-02   max: -.1154E+00   D at   63  1
       a =-13.000      CL = -0.7696
      Cm = -0.0839     CD =  0.03206   =>   CDf =  0.00549    CDp =  0.02656

 Side 1  free  transition at x/c =  0.9647   63
 Side 2  free  transition at x/c =  0.0818   40

   5   rms: 0.7800E-03   max: 0.7216E-02   C at   63  1
       a =-13.000      CL = -0.7693
      Cm = -0.0839     CD =  0.03210   =>   CDf =  0.00550    CDp =  0.02660

 Side 1  free  transition at x/c =  0.9646   63
 Side 2  free  transition at x/c =  0.0818   40

   6   rms: 0.1780E-04   max: 0.1025E-03   D at  106  2
       a =-13.000      CL = -0.7693
      Cm = -0.0839     CD =  0.03209   =>   CDf =  0.00550    CDp =  0.02659
 plradd ia,ip,cpol           14           0  3.83087946E-03

 Point added to stored polar  1
 Point written to save file  polar.txt                                       
 Dump file unspecified or not available
 Calculating wake trajectory ...
 Calculating source influence matrix ...

 Solving BL system ...

 Side 1  free  transition at x/c =  0.9646   63
 Side 2  free  transition at x/c =  0.0818   40
 idif Ue xi dudx           1  0.13838002      8.19694996E-03   16.881891    
 Uenew xinew           2  5.14228456E-02  3.04603577E-03

   1   rms: 0.1526E+00   max: 0.5256E+00   T at   40  2   RLX: 0.695
       a =-14.000      CL = -0.8462
      Cm = -0.0763     CD =  0.03598   =>   CDf =  0.00535    CDp =  0.03063

 Side 1  free  transition at x/c =  0.9725   62
 Side 2  free  transition at x/c =  0.0665   40

   2   rms: 0.5180E-01   max: -.6387E+00   D at   40  2   RLX: 0.783
       a =-14.000      CL = -0.8452
      Cm = -0.0769     CD =  0.03779   =>   CDf =  0.00551    CDp =  0.03227

 Side 1  free  transition at x/c =  0.9862   64
 Side 2  free  transition at x/c =  0.0656   40

   3   rms: 0.2142E-01   max: -.2487E+00   D at   40  2
       a =-14.000      CL = -0.8413
      Cm = -0.0774     CD =  0.03895   =>   CDf =  0.00548    CDp =  0.03347

 Side 1  free  transition at x/c =  0.9876   64
 Side 2  free  transition at x/c =  0.0640   39

   4   rms: 0.5495E-02   max: -.5196E-01   D at   40  2
       a =-14.000      CL = -0.8435
      Cm = -0.0774     CD =  0.03866   =>   CDf =  0.00546    CDp =  0.03319

 Side 1  free  transition at x/c =  0.9865   64
 Side 2  free  transition at x/c =  0.0638   39

   5   rms: 0.1635E-03   max: 0.1482E-02   C at   39  2
       a =-14.000      CL = -0.8436
      Cm = -0.0774     CD =  0.03867   =>   CDf =  0.00547    CDp =  0.03321

 Side 1  free  transition at x/c =  0.9865   64
 Side 2  free  transition at x/c =  0.0637   39

   6   rms: 0.1132E-04   max: 0.6328E-04   D at  110  2
       a =-14.000      CL = -0.8436
      Cm = -0.0774     CD =  0.03867   =>   CDf =  0.00547    CDp =  0.03321
 plradd ia,ip,cpol           15           0  3.83087946E-03

 Point added to stored polar  1
 Point written to save file  polar.txt                                       
 Dump file unspecified or not available
 Calculating wake trajectory ...
 Calculating source influence matrix ...

 Solving BL system ...

 Side 1  free  transition at x/c =  0.9866   64
 Side 2  free  transition at x/c =  0.0637   39
 idif Ue xi dudx           1  9.62878540E-02  8.25536251E-03   11.663673    
 Uenew xinew           2  3.06010190E-02  2.62361765E-03

   1   rms: 0.1418E+00   max: 0.3850E+00   C at   39  2   RLX: 0.627
       a =-15.000      CL = -0.8977
      Cm = -0.0717     CD =  0.04311   =>   CDf =  0.00529    CDp =  0.03783

 Side 1  free  transition at x/c =  0.9949   64
 Side 2  free  transition at x/c =  0.0554   39

   2   rms: 0.5958E-01   max: -.4302E+00   C at   64  1
       a =-15.000      CL = -0.9247
      Cm = -0.0683     CD =  0.04559   =>   CDf =  0.00546    CDp =  0.04012

 Side 1  free  transition at x/c =  0.9929   63
 Side 2  free  transition at x/c =  0.0505   38

   3   rms: 0.1882E-01   max: -.2158E+00   T at   63  1
       a =-15.000      CL = -0.9142
      Cm = -0.0696     CD =  0.04650   =>   CDf =  0.00541    CDp =  0.04108

 Side 1  free  transition at x/c =  0.9991   64
 Side 2  free  transition at x/c =  0.0505   38

   4   rms: 0.1112E-01   max: 0.2471E+00   D at   63  1
       a =-15.000      CL = -0.9194
      Cm = -0.0686     CD =  0.04667   =>   CDf =  0.00541    CDp =  0.04127

 Side 1  free  transition at x/c =  0.9998   64
 Side 2  free  transition at x/c =  0.0502   38

   5   rms: 0.1535E-02   max: 0.2842E-01   D at   64  1
       a =-15.000      CL = -0.9195
      Cm = -0.0685     CD =  0.04670   =>   CDf =  0.00541    CDp =  0.04129

 MRCHDU: Convergence failed at  64  side 1    Res =  0.6722E-05
 Side 1  free  transition at x/c =  0.9996   64
 Side 2  free  transition at x/c =  0.0502   38

   6   rms: 0.6487E-04   max: 0.5112E-03   T at   64  1
       a =-15.000      CL = -0.9194
      Cm = -0.0685     CD =  0.04670   =>   CDf =  0.00541    CDp =  0.04129
 plradd ia,ip,cpol           16           0  3.83087946E-03

 Point added to stored polar  1
 Point written to save file  polar.txt                                       
 Dump file unspecified or not available
 Calculating wake trajectory ...
 Calculating source influence matrix ...

 Solving BL system ...

 Side 1  free  transition at x/c =  0.9996   64
 Side 2  free  transition at x/c =  0.0502   38
 idif Ue xi dudx           1  0.10703326      8.43089819E-03   12.695356    
 Uenew xinew           2  2.84852982E-02  2.24375725E-03

   1   rms: 0.1496E+00   max: 0.6797E+00   T at   38  2   RLX: 0.597
       a =-16.000      CL = -0.9782
      Cm = -0.0618     CD =  0.05106   =>   CDf =  0.00520    CDp =  0.04586

 Side 1 forced transition at x/c =  1.0000   63
 Side 2  free  transition at x/c =  0.0426   38

   2   rms: 0.8559E-01   max: -.6336E+00   D at   60  1   RLX: 0.789
       a =-16.000      CL = -0.9377
      Cm = -0.0707     CD =  0.05246   =>   CDf =  0.00540    CDp =  0.04706

 Side 1 forced transition at x/c =  1.0000   63
 Side 2  free  transition at x/c =  0.0419   38

   3   rms: 0.2242E-01   max: 0.1140E+00   D at   58  1
       a =-16.000      CL = -0.9241
      Cm = -0.0729     CD =  0.05361   =>   CDf =  0.00542    CDp =  0.04818

 Side 1 forced transition at x/c =  1.0000   63
 Side 2  free  transition at x/c =  0.0415   38

   4   rms: 0.3532E-02   max: 0.3221E-01   D at   60  1
       a =-16.000      CL = -0.9249
      Cm = -0.0729     CD =  0.05333   =>   CDf =  0.00536    CDp =  0.04797

 Side 1 forced transition at x/c =  1.0000   63
 Side 2  free  transition at x/c =  0.0414   38

   5   rms: 0.3689E-03   max: 0.2241E-02   D at   60  1
       a =-16.000      CL = -0.9252
      Cm = -0.0729     CD =  0.05331   =>   CDf =  0.00536    CDp =  0.04795

 Side 1 forced transition at x/c =  1.0000   63
 Side 2  free  transition at x/c =  0.0414   38

   6   rms: 0.3295E-04   max: -.1767E-03   D at  114  2
       a =-16.000      CL = -0.9252
      Cm = -0.0729     CD =  0.05332   =>   CDf =  0.00536    CDp =  0.04796
 plradd ia,ip,cpol           17           0  5.29714068E-03

 Point added to stored polar  1
 Point written to save file  polar.txt                                       
 Dump file unspecified or not available
 Calculating wake trajectory ...
 Calculating source influence matrix ...

 Solving BL system ...

 Side 1 forced transition at x/c =  1.0000   63
 Side 2  free  transition at x/c =  0.0414   38

   1   rms: 0.1198E+00   max: -.5277E+00   D at   38  2   RLX: 0.477
       a =-17.000      CL = -0.9295
      Cm = -0.0743     CD =  0.05746   =>   CDf =  0.00537    CDp =  0.05209

 Side 1 forced transition at x/c =  1.0000   63
 Side 2  free  transition at x/c =  0.0383   37

   2   rms: 0.5952E-01   max: 0.2890E+00   T at   37  2
       a =-17.000      CL = -0.9393
      Cm = -0.0749     CD =  0.06130   =>   CDf =  0.00536    CDp =  0.05595

 Side 1 forced transition at x/c =  1.0000   63
 Side 2  free  transition at x/c =  0.0344   36

   3   rms: 0.2017E-01   max: 0.1315E+00   D at   67  2
       a =-17.000      CL = -0.9218
      Cm = -0.0750     CD =  0.06250   =>   CDf =  0.00535    CDp =  0.05714

 Side 1 forced transition at x/c =  1.0000   63
 Side 2  free  transition at x/c =  0.0350   37

   4   rms: 0.5830E-02   max: -.4493E-01   D at   36  2
       a =-17.000      CL = -0.9259
      Cm = -0.0751     CD =  0.06177   =>   CDf =  0.00529    CDp =  0.05648

 Side 1 forced transition at x/c =  1.0000   63
 Side 2  free  transition at x/c =  0.0350   37

   5   rms: 0.4054E-03   max: 0.1839E-02   T at   37  2
       a =-17.000      CL = -0.9262
      Cm = -0.0751     CD =  0.06183   =>   CDf =  0.00529    CDp =  0.05654

 Side 1 forced transition at x/c =  1.0000   63
 Side 2  free  transition at x/c =  0.0350   37

   6   rms: 0.9226E-05   max: 0.5002E-04   D at  114  2
       a =-17.000      CL = -0.9262
      Cm = -0.0751     CD =  0.06183   =>   CDf =  0.00529    CDp =  0.05654
 plradd ia,ip,cpol           18           0  3.83087946E-03

 Point added to stored polar  1
 Point written to save file  polar.txt                                       
 Dump file unspecified or not available
 Calculating wake trajectory ...
 Calculating source influence matrix ...

 Solving BL system ...

 Side 1 forced transition at x/c =  1.0000   63
 Side 2  free  transition at x/c =  0.0350   37
 idif Ue xi dudx           1  8.83221477E-02  6.95353746E-03   12.701757    
 Uenew xinew           2  1.86772563E-03  1.47044659E-04

   1   rms: 0.1125E+00   max: 0.4876E+00   D at   65  2   RLX: 0.423
       a =-18.000      CL = -0.9267
      Cm = -0.0753     CD =  0.06642   =>   CDf =  0.00504    CDp =  0.06138

 Side 1 forced transition at x/c =  1.0000   62
 Side 2  free  transition at x/c =  0.0338   37

   2   rms: 0.1866E+00   max: 0.3066E+01   T at    2  2   RLX: 0.345
       a =-18.000      CL = -0.9318
      Cm = -0.0747     CD =  0.06740   =>   CDf =  0.00523    CDp =  0.06218

 Side 1 forced transition at x/c =  1.0000   62
 Side 2  free  transition at x/c =  0.0332   37

   3   rms: 0.3782E-01   max: 0.1435E+00   D at   67  2
       a =-18.000      CL = -0.9388
      Cm = -0.0753     CD =  0.07080   =>   CDf =  0.00517    CDp =  0.06563

 Side 1 forced transition at x/c =  1.0000   62
 Side 2  free  transition at x/c =  0.0319   37

   4   rms: 0.6945E-02   max: 0.4767E-01   D at   66  2
       a =-18.000      CL = -0.9342
      Cm = -0.0754     CD =  0.07087   =>   CDf =  0.00511    CDp =  0.06576

 Side 1 forced transition at x/c =  1.0000   62
 Side 2  free  transition at x/c =  0.0321   37

   5   rms: 0.3924E-03   max: -.3386E-02   D at   66  2
       a =-18.000      CL = -0.9343
      Cm = -0.0754     CD =  0.07075   =>   CDf =  0.00509    CDp =  0.06566

 Side 1 forced transition at x/c =  1.0000   62
 Side 2  free  transition at x/c =  0.0321   37

   6   rms: 0.4200E-04   max: -.2077E-03   D at  116  2
       a =-18.000      CL = -0.9344
      Cm = -0.0754     CD =  0.07075   =>   CDf =  0.00509    CDp =  0.06566
 plradd ia,ip,cpol           19           0  3.83087946E-03

 Point added to stored polar  1
 Point written to save file  polar.txt                                       
 Dump file unspecified or not available
 Calculating wake trajectory ...
 Calculating source influence matrix ...

 Solving BL system ...

 Side 1 forced transition at x/c =  1.0000   62
 Side 2  free  transition at x/c =  0.0321   37

   1   rms: 0.1077E+00   max: 0.4552E+00   D at   64  2   RLX: 0.386
       a =-19.000      CL = -0.9374
      Cm = -0.0750     CD =  0.07525   =>   CDf =  0.00510    CDp =  0.07014

 Side 1 forced transition at x/c =  1.0000   62
 Side 2  free  transition at x/c =  0.0308   37

   2   rms: 0.7234E-01   max: 0.3687E+00   D at   65  2
       a =-19.000      CL = -0.9282
      Cm = -0.0738     CD =  0.08387   =>   CDf =  0.00508    CDp =  0.07880

 Side 1 forced transition at x/c =  1.0000   62
 Side 2  free  transition at x/c =  0.0293   36

   3   rms: 0.1678E-01   max: -.1744E+00   D at   36  2
       a =-19.000      CL = -0.9271
      Cm = -0.0739     CD =  0.08232   =>   CDf =  0.00495    CDp =  0.07737

 Side 1 forced transition at x/c =  1.0000   62
 Side 2  free  transition at x/c =  0.0294   36

   4   rms: 0.2454E-02   max: -.1439E-01   D at   65  2
       a =-19.000      CL = -0.9288
      Cm = -0.0741     CD =  0.08194   =>   CDf =  0.00491    CDp =  0.07703

 Side 1 forced transition at x/c =  1.0000   62
 Side 2  free  transition at x/c =  0.0293   36

   5   rms: 0.2035E-03   max: -.1058E-02   D at  118  2
       a =-19.000      CL = -0.9289
      Cm = -0.0741     CD =  0.08200   =>   CDf =  0.00492    CDp =  0.07707

 Side 1 forced transition at x/c =  1.0000   62
 Side 2  free  transition at x/c =  0.0293   36

   6   rms: 0.4736E-05   max: -.5559E-04   D at  115  2
       a =-19.000      CL = -0.9289
      Cm = -0.0741     CD =  0.08200   =>   CDf =  0.00492    CDp =  0.07708
 plradd ia,ip,cpol           20           0  3.83087946E-03

 Point added to stored polar  1
 Point written to save file  polar.txt                                       
 Dump file unspecified or not available
 Calculating wake trajectory ...
 Calculating source influence matrix ...

 Solving BL system ...

 Side 1 forced transition at x/c =  1.0000   62
 Side 2  free  transition at x/c =  0.0293   36

   1   rms: 0.9797E-01   max: 0.4089E+00   T at   36  2   RLX: 0.353
       a =-20.000      CL = -0.9350
      Cm = -0.0732     CD =  0.08608   =>   CDf =  0.00493    CDp =  0.08114

 Side 1 forced transition at x/c =  1.0000   62
 Side 2  free  transition at x/c =  0.0280   36
 idif Ue xi dudx           1  0.10769821      1.03108883E-02   10.445095    
 Uenew xinew           2  2.95157135E-02  2.82579660E-03

   2   rms: 0.6442E-01   max: 0.3029E+00   D at   63  2
       a =-20.000      CL = -0.9396
      Cm = -0.0711     CD =  0.09411   =>   CDf =  0.00458    CDp =  0.08953

 Side 1 forced transition at x/c =  1.0000   61
 Side 2  free  transition at x/c =  0.0266   37

   3   rms: 0.1512E-01   max: 0.1283E+00   D at   63  2
       a =-20.000      CL = -0.9290
      Cm = -0.0711     CD =  0.09391   =>   CDf =  0.00477    CDp =  0.08914

 Side 1 forced transition at x/c =  1.0000   61
 Side 2  free  transition at x/c =  0.0266   37

   4   rms: 0.1739E-02   max: 0.1365E-01   D at   63  2
       a =-20.000      CL = -0.9280
      Cm = -0.0711     CD =  0.09370   =>   CDf =  0.00475    CDp =  0.08895

 Side 1 forced transition at x/c =  1.0000   61
 Side 2  free  transition at x/c =  0.0266   37

   5   rms: 0.1183E-03   max: 0.8353E-03   D at  117  2
       a =-20.000      CL = -0.9279
      Cm = -0.0711     CD =  0.09364   =>   CDf =  0.00474    CDp =  0.08890

 Side 1 forced transition at x/c =  1.0000   61
 Side 2  free  transition at x/c =  0.0266   37

   6   rms: 0.3048E-05   max: -.2186E-04   T at  116  2
       a =-20.000      CL = -0.9279
      Cm = -0.0711     CD =  0.09364   =>   CDf =  0.00474    CDp =  0.08890
 plradd ia,ip,cpol           21           0  3.83087946E-03

 Point added to stored polar  1
 Point written to save file  polar.txt                                       
 Dump file unspecified or not available
 Calculating wake trajectory ...
 Calculating source influence matrix ...

 Solving BL system ...

 Side 1 forced transition at x/c =  1.0000   61
 Side 2  free  transition at x/c =  0.0266   37

   1   rms: 0.1063E+00   max: 0.5419E+00   D at   61  2   RLX: 0.318
       a =-21.000      CL = -0.9248
      Cm = -0.0697     CD =  0.09898   =>   CDf =  0.00476    CDp =  0.09422

 Side 1 forced transition at x/c =  1.0000   61
 Side 2  free  transition at x/c =  0.0261   36

   2   rms: 0.6775E-01   max: 0.3544E+00   D at   62  2
       a =-21.000      CL = -0.9269
      Cm = -0.0665     CD =  0.10873   =>   CDf =  0.00470    CDp =  0.10402

 Side 1 forced transition at x/c =  1.0000   61
 Side 2  free  transition at x/c =  0.0250   36

   3   rms: 0.1213E-01   max: 0.1335E+00   D at   61  2
       a =-21.000      CL = -0.9197
      Cm = -0.0667     CD =  0.10731   =>   CDf =  0.00449    CDp =  0.10282

 Side 1 forced transition at x/c =  1.0000   61
 Side 2  free  transition at x/c =  0.0251   36

   4   rms: 0.1714E-02   max: -.1706E-01   D at   61  2
       a =-21.000      CL = -0.9206
      Cm = -0.0669     CD =  0.10665   =>   CDf =  0.00447    CDp =  0.10218

 Side 1 forced transition at x/c =  1.0000   61
 Side 2  free  transition at x/c =  0.0251   36

   5   rms: 0.1719E-03   max: -.7860E-03   D at  119  2
       a =-21.000      CL = -0.9207
      Cm = -0.0668     CD =  0.10667   =>   CDf =  0.00448    CDp =  0.10219

 Side 1 forced transition at x/c =  1.0000   61
 Side 2  free  transition at x/c =  0.0251   36

   6   rms: 0.1008E-04   max: -.8902E-04   D at  117  2
       a =-21.000      CL = -0.9207
      Cm = -0.0668     CD =  0.10668   =>   CDf =  0.00448    CDp =  0.10220
 plradd ia,ip,cpol           22           0 -1.71368287E-04

 Point added to stored polar  1
 Point written to save file  polar.txt                                       
 Dump file unspecified or not available
 Calculating wake trajectory ...
 Calculating source influence matrix ...

 Solving BL system ...

 Side 1 forced transition at x/c =  1.0000   61
 Side 2  free  transition at x/c =  0.0251   36

   1   rms: 0.9567E-01   max: 0.4810E+00   D at   59  2   RLX: 0.295
       a =-22.000      CL = -0.9205
      Cm = -0.0653     CD =  0.11149   =>   CDf =  0.00449    CDp =  0.10699

 Side 1 forced transition at x/c =  1.0000   61
 Side 2  free  transition at x/c =  0.0248   36
 idif Ue xi dudx           1  9.51240808E-02  8.97884369E-03   10.594246    
 Uenew xinew           2  8.19264352E-03  7.73310661E-04

   2   rms: 0.6887E-01   max: 0.3629E+00   D at   59  2
       a =-22.000      CL = -0.9192
      Cm = -0.0613     CD =  0.12292   =>   CDf =  0.00413    CDp =  0.11879

 Side 1 forced transition at x/c =  1.0000   60
 Side 2  free  transition at x/c =  0.0241   37

   3   rms: 0.1316E-01   max: 0.1259E+00   D at   60  2
       a =-22.000      CL = -0.9123
      Cm = -0.0613     CD =  0.12112   =>   CDf =  0.00425    CDp =  0.11687

 Side 1 forced transition at x/c =  1.0000   60
 Side 2  free  transition at x/c =  0.0242   37

   4   rms: 0.2159E-02   max: -.1984E-01   D at   60  2
       a =-22.000      CL = -0.9132
      Cm = -0.0615     CD =  0.12016   =>   CDf =  0.00423    CDp =  0.11593

 Side 1 forced transition at x/c =  1.0000   60
 Side 2  free  transition at x/c =  0.0242   37

   5   rms: 0.2351E-03   max: -.1084E-02   D at  121  2
       a =-22.000      CL = -0.9134
      Cm = -0.0615     CD =  0.12018   =>   CDf =  0.00423    CDp =  0.11594

 Side 1 forced transition at x/c =  1.0000   60
 Side 2  free  transition at x/c =  0.0242   37

   6   rms: 0.1863E-04   max: -.1435E-03   D at  119  2
       a =-22.000      CL = -0.9134
      Cm = -0.0615     CD =  0.12019   =>   CDf =  0.00423    CDp =  0.11595
 plradd ia,ip,cpol           23           0 -1.71368287E-04

 Point added to stored polar  1
 Point written to save file  polar.txt                                       
 Dump file unspecified or not available
 Calculating wake trajectory ...
 Calculating source influence matrix ...

 Solving BL system ...

 Side 1 forced transition at x/c =  1.0000   60
 Side 2  free  transition at x/c =  0.0242   37

   1   rms: 0.9492E-01   max: 0.4933E+00   D at   58  2   RLX: 0.273
       a =-23.000      CL = -0.9127
      Cm = -0.0595     CD =  0.12516   =>   CDf =  0.00425    CDp =  0.12091

 Side 1 forced transition at x/c =  1.0000   60
 Side 2  free  transition at x/c =  0.0238   37

   2   rms: 0.7117E-01   max: 0.3898E+00   D at   58  2
       a =-23.000      CL = -0.9100
      Cm = -0.0540     CD =  0.13840   =>   CDf =  0.00419    CDp =  0.13420

 Side 1 forced transition at x/c =  1.0000   60
 Side 2  free  transition at x/c =  0.0227   37

   3   rms: 0.1401E-01   max: -.1007E+00   D at   59  2
       a =-23.000      CL = -0.9097
      Cm = -0.0555     CD =  0.13312   =>   CDf =  0.00410    CDp =  0.12903

 Side 1 forced transition at x/c =  1.0000   60
 Side 2  free  transition at x/c =  0.0224   36

   4   rms: 0.1287E-01   max: 0.8989E-01   D at   58  2
       a =-23.000      CL = -0.9054
      Cm = -0.0546     CD =  0.13468   =>   CDf =  0.00412    CDp =  0.13056

 Side 1 forced transition at x/c =  1.0000   60
 Side 2  free  transition at x/c =  0.0225   36

   5   rms: 0.1292E-02   max: -.1209E-01   D at   58  2
       a =-23.000      CL = -0.9055
      Cm = -0.0547     CD =  0.13424   =>   CDf =  0.00409    CDp =  0.13016

 Side 1 forced transition at x/c =  1.0000   60
 Side 2  free  transition at x/c =  0.0225   36

   6   rms: 0.8473E-04   max: -.3652E-03   D at  104  2
       a =-23.000      CL = -0.9056
      Cm = -0.0547     CD =  0.13420   =>   CDf =  0.00409    CDp =  0.13011
 plradd ia,ip,cpol           24           0 -1.71368287E-04

 Point added to stored polar  1
 Point written to save file  polar.txt                                       
 Dump file unspecified or not available
 Calculating wake trajectory ...
 Calculating source influence matrix ...

 Solving BL system ...

 Side 1 forced transition at x/c =  1.0000   60
 Side 2  free  transition at x/c =  0.0225   36

   1   rms: 0.8496E-01   max: 0.3547E+00   D at   56  2   RLX: 0.256
       a =-24.000      CL = -0.9080
      Cm = -0.0531     CD =  0.13811   =>   CDf =  0.00411    CDp =  0.13400

 Side 1 forced transition at x/c =  1.0000   60
 Side 2  free  transition at x/c =  0.0225   36

   2   rms: 0.6495E-01   max: 0.2956E+00   D at   56  2
       a =-24.000      CL = -0.9153
      Cm = -0.0481     CD =  0.14990   =>   CDf =  0.00405    CDp =  0.14585

 Side 1 forced transition at x/c =  1.0000   60
 Side 2  free  transition at x/c =  0.0217   36

   3   rms: 0.2781E-01   max: -.1987E+00   D at   36  2
       a =-24.000      CL = -0.9013
      Cm = -0.0470     CD =  0.14913   =>   CDf =  0.00383    CDp =  0.14531

 Side 1 forced transition at x/c =  1.0000   60
 Side 2  free  transition at x/c =  0.0221   36

   4   rms: 0.3068E-02   max: 0.4815E-01   D at   56  2
       a =-24.000      CL = -0.9001
      Cm = -0.0470     CD =  0.14843   =>   CDf =  0.00381    CDp =  0.14462

 Side 1 forced transition at x/c =  1.0000   60
 Side 2  free  transition at x/c =  0.0221   36

   5   rms: 0.1784E-03   max: -.1933E-02   D at   56  2
       a =-24.000      CL = -0.9001
      Cm = -0.0471     CD =  0.14833   =>   CDf =  0.00380    CDp =  0.14452

 Side 1 forced transition at x/c =  1.0000   60
 Side 2  free  transition at x/c =  0.0221   36

   6   rms: 0.1128E-04   max: 0.4602E-04   D at  120  2
       a =-24.000      CL = -0.9001
      Cm = -0.0471     CD =  0.14832   =>   CDf =  0.00380    CDp =  0.14451
 plradd ia,ip,cpol           25           0 -1.71368287E-04

 Point added to stored polar  1
 Point written to save file  polar.txt                                       
 Dump file unspecified or not available
 Calculating wake trajectory ...
 Calculating source influence matrix ...

 Solving BL system ...

 Side 1 forced transition at x/c =  1.0000   60
 Side 2  free  transition at x/c =  0.0221   36

   1   rms: 0.8389E-01   max: 0.3964E+00   D at   54  2   RLX: 0.240
       a =-25.000      CL = -0.9006
      Cm = -0.0452     CD =  0.15259   =>   CDf =  0.00382    CDp =  0.14877

 Side 1 forced transition at x/c =  1.0000   60
 Side 2  free  transition at x/c =  0.0220   36
 idif Ue xi dudx           1  9.67023522E-02  1.15352869E-02   8.3831768    
 Uenew xinew           2  2.12082602E-02  2.52985954E-03

   2   rms: 0.6519E-01   max: 0.3134E+00   D at   55  2
       a =-25.000      CL = -0.9064
      Cm = -0.0391     CD =  0.16594   =>   CDf =  0.00349    CDp =  0.16245

 Side 1 forced transition at x/c =  1.0000   59
 Side 2  free  transition at x/c =  0.0212   37

   3   rms: 0.3614E-01   max: 0.1966E+00   D at   56  2
       a =-25.000      CL = -0.8864
      Cm = -0.0372     CD =  0.16627   =>   CDf =  0.00351    CDp =  0.16277

 Side 1 forced transition at x/c =  1.0000   59
 Side 2  free  transition at x/c =  0.0215   37

   4   rms: 0.3605E-02   max: 0.3643E-01   D at   55  2
       a =-25.000      CL = -0.8870
      Cm = -0.0376     CD =  0.16425   =>   CDf =  0.00347    CDp =  0.16077

 Side 1 forced transition at x/c =  1.0000   59
 Side 2  free  transition at x/c =  0.0215   37

   5   rms: 0.5083E-03   max: -.2495E-02   D at   55  2
       a =-25.000      CL = -0.8874
      Cm = -0.0376     CD =  0.16405   =>   CDf =  0.00348    CDp =  0.16057

 Side 1 forced transition at x/c =  1.0000   59
 Side 2  free  transition at x/c =  0.0214   37

   6   rms: 0.5229E-04   max: -.3633E-03   D at  123  2
       a =-25.000      CL = -0.8874
      Cm = -0.0376     CD =  0.16410   =>   CDf =  0.00348    CDp =  0.16061
 plradd ia,ip,cpol           26           0 -1.71368287E-04

 Point added to stored polar  1
 Point written to save file  polar.txt                                       
 Dump file unspecified or not available

.OPERva   c>  
 Polar accumulation disabled

.OPERv   c>  
 XFOIL   c>  