
 ===================================================
  XFOIL Version 6.99
  Copyright (C) 2000   Mark Drela, Harold Youngren

  This software comes with ABSOLUTELY NO WARRANTY,
    subject to the GNU General Public License.

  Caveat computor
 ===================================================

 File  xfoil.def  not found

   QUIT    Exit program

  .OPER    Direct operating point(s)
  .MDES    Complex mapping design routine
  .QDES    Surface speed design routine
  .GDES    Geometry design routine

   SAVE f  Write airfoil to labeled coordinate file
   PSAV f  Write airfoil to plain coordinate file
   ISAV f  Write airfoil to ISES coordinate file
   MSAV f  Write airfoil to MSES coordinate file
   REVE    Reverse written-airfoil node ordering

   LOAD f  Read buffer airfoil from coordinate file
   NACA i  Set NACA 4,5-digit airfoil and buffer airfoil
   INTE    Set buffer airfoil by interpolating two airfoils
   NORM    Buffer airfoil normalization toggle
   XYCM rr Change CM reference location, currently  0.25000 0.00000

   BEND    Display structural properties of current airfoil

   PCOP    Set current-airfoil panel nodes directly from buffer airfoil points
   PANE    Set current-airfoil panel nodes ( 160 ) based on curvature
  .PPAR    Show/change paneling

  .PLOP    Plotting options

   WDEF f  Write  current-settings file
   RDEF f  Reread current-settings file
   NAME s  Specify new airfoil name
   NINC    Increment name version number

   Z       Zoom    | (available in all menus)
   U       Unzoom  | 

 XFOIL   c>  
 Labeled airfoil file.  Name:  NACA 64A223 STANDARD - PDAS/NASA TM-X-3069 6A ge

 Number of input coordinate points: 801
 Counterclockwise ordering
 Max thickness =     0.230026  at x =   0.378
 Max camber    =     0.011962  at x =   0.571

  LE  x,y  =  -0.00023   0.00291  |   Chord =   1.00024
  TE  x,y  =   1.00000   0.00000  |
 Maximum number of panel nodes  :          495
 Number of buffer airfoil points:          801
 Current airfoil cannot be set.
 Try executing PANE at Top Level instead.

 XFOIL   c>  
 Sharp trailing edge

 Paneling parameters used...
   Number of panel nodes       160
   Panel bunching parameter    1.000
   TE/LE panel density ratio   0.150
   Refined-area/LE panel density ratio    0.200
   Top    side refined area x/c limits  1.000 1.000
   Bottom side refined area x/c limits  1.000 1.000

 XFOIL   c>  
.OPERi   c>  
 M  =    0.0000
 Re =   1000000

.OPERv   c>  
 Sonic Cp =    -66.86      Sonic Q/Qinf =     9.138


.OPERv   c>  
.OPERv   c>  
 Polar  1 newly created for accumulation
 Airfoil archived with polar: NACA 64A223 STANDARD - PDAS/NASA TM-X-3069 6A ge

Enter  polar save filename  OR  <return> for no file   s>  
 New polar save file available

Enter  polar dump filename  OR  <return> for no file   s>  
 Polar dump file will NOT be written

 Polar accumulation enabled

.OPERva   c>   Calculating unit vorticity distributions ...
 Calculating wake trajectory ...
 Calculating source influence matrix ...

 Solving BL system ...

 Initializing BL ...
    side            1  ...
 MRCHUE: Inverse mode at  48     Hk =   4.593
 MRCHUE: Inverse mode at  49     Hk =   6.021
 MRCHUE: Inverse mode at  50     Hk =   7.426
 MRCHUE: Inverse mode at  51     Hk =   8.827
 MRCHUE: Inverse mode at  52     Hk =   6.368
 MRCHUE: Inverse mode at  53     Hk =   2.500
 MRCHUE: Convergence failed at  81  side 1    Res =  0.1182E+02
    side            2  ...
 MRCHUE: Inverse mode at  48     Hk =   4.512
 MRCHUE: Inverse mode at  49     Hk =   5.877
 MRCHUE: Inverse mode at  50     Hk =   7.227
 MRCHUE: Inverse mode at  51     Hk =   8.565
 MRCHUE: Inverse mode at  52     Hk =   8.404
 MRCHUE: Inverse mode at  53     Hk =   2.739
 MRCHUE: Convergence failed at  81  side 2    Res =  0.8854E+01

 MRCHDU: Convergence failed at  81  side 1    Res =  0.4787E+02
 MRCHDU: Convergence failed at  81  side 2    Res =  0.3048E+01
 Side 1  free  transition at x/c =  0.5271   52
 Side 2  free  transition at x/c =  0.5254   52

   1   rms: 0.6623E+00   max: 0.3043E+01   D at   83  2   RLX: 0.493
       a =  0.000      CL =  0.1830
      Cm = -0.0393     CD =  0.00156   =>   CDf =  0.00615    CDp = -0.00458

 Side 1  free  transition at x/c =  0.5385   53
 Side 2  free  transition at x/c =  0.5364   53

   2   rms: 0.4670E+00   max: 0.2392E+01   D at   84  2   RLX: 0.627
       a =  0.000      CL =  0.1255
      Cm = -0.0266     CD =  0.00393   =>   CDf =  0.00594    CDp = -0.00201

 Side 1  free  transition at x/c =  0.5549   54
 Side 2  free  transition at x/c =  0.5466   53
 idif Ue xi dudx           1  0.17300017      3.36110592E-03   51.471207    
 Uenew xinew           2  5.00378236E-02  9.72151756E-04

   3   rms: 0.1634E+00   max: 0.8020E+00   D at   86  2
       a =  0.000      CL =  0.0159
      Cm = -0.0025     CD =  0.00745   =>   CDf =  0.00580    CDp =  0.00165

 Side 1  free  transition at x/c =  0.5730   54
 Side 2  free  transition at x/c =  0.5552   55

   4   rms: 0.4050E-01   max: -.2164E+00   D at   87  2
       a =  0.000      CL =  0.0600
      Cm = -0.0125     CD =  0.00833   =>   CDf =  0.00554    CDp =  0.00279

 Side 1  free  transition at x/c =  0.5636   53
 Side 2  free  transition at x/c =  0.5565   55

   5   rms: 0.2391E-01   max: -.3112E+00   D at   53  1
       a =  0.000      CL =  0.0553
      Cm = -0.0114     CD =  0.00815   =>   CDf =  0.00557    CDp =  0.00257

 Side 1  free  transition at x/c =  0.5673   53
 Side 2  free  transition at x/c =  0.5564   55

   6   rms: 0.4018E-02   max: 0.3045E-01   C at   53  1
       a =  0.000      CL =  0.0600
      Cm = -0.0125     CD =  0.00816   =>   CDf =  0.00553    CDp =  0.00263

 Side 1  free  transition at x/c =  0.5665   53
 Side 2  free  transition at x/c =  0.5565   55

   7   rms: 0.5520E-04   max: -.6334E-03   D at   53  1
       a =  0.000      CL =  0.0600
      Cm = -0.0125     CD =  0.00816   =>   CDf =  0.00553    CDp =  0.00262
 plradd ia,ip,cpol            1           0  0.37224060    

 Point added to stored polar  1
 Point written to save file  polar.txt                                       
 Dump file unspecified or not available
 Calculating wake trajectory ...
 Calculating source influence matrix ...

 Solving BL system ...

 Side 1  free  transition at x/c =  0.5665   53
 Side 2  free  transition at x/c =  0.5565   55
 idif Ue xi dudx           1  0.19501144      3.41916084E-03   57.034882    
 Uenew xinew           2  5.67995794E-02  9.95874405E-04

   1   rms: 0.1289E+00   max: 0.2351E+00   T at   55  2
       a = -1.000      CL = -0.0396
      Cm = -0.0145     CD =  0.00813   =>   CDf =  0.00554    CDp =  0.00258

 Side 1  free  transition at x/c =  0.5771   53
 Side 2  free  transition at x/c =  0.5467   55

   2   rms: 0.1115E-01   max: -.9155E-01   D at    3  2
       a = -1.000      CL = -0.0382
      Cm = -0.0148     CD =  0.00814   =>   CDf =  0.00557    CDp =  0.00257

 Side 1  free  transition at x/c =  0.5791   53
 Side 2  free  transition at x/c =  0.5457   55

   3   rms: 0.1278E-02   max: 0.9772E-02   D at    5  2
       a = -1.000      CL = -0.0374
      Cm = -0.0150     CD =  0.00815   =>   CDf =  0.00554    CDp =  0.00261

 Side 1  free  transition at x/c =  0.5788   53
 Side 2  free  transition at x/c =  0.5457   55

   4   rms: 0.1435E-04   max: -.6677E-04   D at   82  2
       a = -1.000      CL = -0.0374
      Cm = -0.0150     CD =  0.00815   =>   CDf =  0.00554    CDp =  0.00261
 plradd ia,ip,cpol            2           0  0.38938251    

 Point added to stored polar  1
 Point written to save file  polar.txt                                       
 Dump file unspecified or not available
 Calculating wake trajectory ...
 Calculating source influence matrix ...

 Solving BL system ...

 Side 1  free  transition at x/c =  0.5788   53
 Side 2  free  transition at x/c =  0.5457   55
 idif Ue xi dudx           1  0.19675869      4.52065468E-03   43.524380    
 Uenew xinew           2  8.87027755E-02  2.03800201E-03

   1   rms: 0.1274E+00   max: -.2341E+00   C at   55  2
       a = -2.000      CL = -0.1278
      Cm = -0.0191     CD =  0.00797   =>   CDf =  0.00553    CDp =  0.00243

 Side 1  free  transition at x/c =  0.5908   52
 Side 2  free  transition at x/c =  0.5362   56

   2   rms: 0.1314E-01   max: -.1362E+00   D at   52  1
       a = -2.000      CL = -0.1296
      Cm = -0.0187     CD =  0.00813   =>   CDf =  0.00551    CDp =  0.00262

 Side 1  free  transition at x/c =  0.5916   52
 Side 2  free  transition at x/c =  0.5366   56

   3   rms: 0.4977E-02   max: -.8543E-01   C at   52  1
       a = -2.000      CL = -0.1294
      Cm = -0.0188     CD =  0.00813   =>   CDf =  0.00549    CDp =  0.00265

 Side 1  free  transition at x/c =  0.5920   52
 Side 2  free  transition at x/c =  0.5366   56

   4   rms: 0.2740E-03   max: -.1415E-02   D at   53  1
       a = -2.000      CL = -0.1290
      Cm = -0.0189     CD =  0.00813   =>   CDf =  0.00547    CDp =  0.00266

 Side 1  free  transition at x/c =  0.5919   52
 Side 2  free  transition at x/c =  0.5366   56

   5   rms: 0.1363E-05   max: 0.1321E-04   D at   56  2
       a = -2.000      CL = -0.1290
      Cm = -0.0189     CD =  0.00813   =>   CDf =  0.00547    CDp =  0.00266
 plradd ia,ip,cpol            3           0  0.36553767    

 Point added to stored polar  1
 Point written to save file  polar.txt                                       
 Dump file unspecified or not available
 Calculating wake trajectory ...
 Calculating source influence matrix ...

 Solving BL system ...

 Side 1  free  transition at x/c =  0.5919   52
 Side 2  free  transition at x/c =  0.5366   56
 idif Ue xi dudx           2  0.24433173      6.04832172E-03   40.396618    
 Uenew xinew           3  0.14129604      3.49771976E-03

   1   rms: 0.1268E+00   max: -.2804E+00   D at   56  2
       a = -3.000      CL = -0.2214
      Cm = -0.0226     CD =  0.00825   =>   CDf =  0.00542    CDp =  0.00282

 Side 1  free  transition at x/c =  0.6084   51
 Side 2  free  transition at x/c =  0.5210   57

   2   rms: 0.3248E-01   max: -.2830E+00   D at   57  2
       a = -3.000      CL = -0.2141
      Cm = -0.0241     CD =  0.00812   =>   CDf =  0.00545    CDp =  0.00267

 Side 1  free  transition at x/c =  0.6099   51
 Side 2  free  transition at x/c =  0.5236   57

   3   rms: 0.2449E-02   max: 0.2802E-01   C at   51  1
       a = -3.000      CL = -0.2142
      Cm = -0.0241     CD =  0.00813   =>   CDf =  0.00537    CDp =  0.00276

 Side 1  free  transition at x/c =  0.6093   51
 Side 2  free  transition at x/c =  0.5231   57

   4   rms: 0.4441E-04   max: -.2918E-03   C at   51  1
       a = -3.000      CL = -0.2141
      Cm = -0.0241     CD =  0.00813   =>   CDf =  0.00538    CDp =  0.00275
 plradd ia,ip,cpol            4           0  0.22444899    

 Point added to stored polar  1
 Point written to save file  polar.txt                                       
 Dump file unspecified or not available
 Calculating wake trajectory ...
 Calculating source influence matrix ...

 Solving BL system ...

 Side 1  free  transition at x/c =  0.6092   51
 Side 2  free  transition at x/c =  0.5231   57
 idif Ue xi dudx           1  0.15933840      3.88431549E-03   41.020973    
 Uenew xinew           2  4.71452698E-02  1.14929676E-03

   1   rms: 0.1230E+00   max: 0.3339E+00   T at   57  2
       a = -4.000      CL = -0.2993
      Cm = -0.0296     CD =  0.00815   =>   CDf =  0.00534    CDp =  0.00280

 MRCHDU: Convergence failed at  51  side 1    Res =  0.2194E+01
 Side 1  free  transition at x/c =  0.6249   51
 Side 2  free  transition at x/c =  0.5023   57

   2   rms: 0.2405E-01   max: 0.2694E+00   C at   51  1
       a = -4.000      CL = -0.2909
      Cm = -0.0313     CD =  0.00816   =>   CDf =  0.00529    CDp =  0.00286

 Side 1  free  transition at x/c =  0.6276   51
 Side 2  free  transition at x/c =  0.5061   57

   3   rms: 0.1699E-02   max: -.1946E-01   D at   52  1
       a = -4.000      CL = -0.2920
      Cm = -0.0311     CD =  0.00816   =>   CDf =  0.00529    CDp =  0.00287

 Side 1  free  transition at x/c =  0.6272   51
 Side 2  free  transition at x/c =  0.5057   57

   4   rms: 0.4058E-04   max: 0.1901E-03   D at   87  2
       a = -4.000      CL = -0.2919
      Cm = -0.0311     CD =  0.00816   =>   CDf =  0.00529    CDp =  0.00286
 plradd ia,ip,cpol            5           0  5.06032631E-02

 Point added to stored polar  1
 Point written to save file  polar.txt                                       
 Dump file unspecified or not available
 Calculating wake trajectory ...
 Calculating source influence matrix ...

 Solving BL system ...

 Side 1  free  transition at x/c =  0.6272   51
 Side 2  free  transition at x/c =  0.5057   57
 idif Ue xi dudx           1  0.17281848      5.23293018E-03   33.025185    
 Uenew xinew           2  7.83562958E-02  2.37262249E-03

   1   rms: 0.1235E+00   max: 0.3321E+00   T at   57  2
       a = -5.000      CL = -0.3747
      Cm = -0.0370     CD =  0.00815   =>   CDf =  0.00524    CDp =  0.00291

 Side 1  free  transition at x/c =  0.6462   51
 Side 2  free  transition at x/c =  0.4863   57

   2   rms: 0.1975E-01   max: -.1846E+00   D at    3  2
       a = -5.000      CL = -0.3627
      Cm = -0.0395     CD =  0.00823   =>   CDf =  0.00521    CDp =  0.00302

 Side 1  free  transition at x/c =  0.6462   51
 Side 2  free  transition at x/c =  0.4884   57

   3   rms: 0.1271E-02   max: 0.1007E-01   D at    4  1
       a = -5.000      CL = -0.3636
      Cm = -0.0393     CD =  0.00823   =>   CDf =  0.00519    CDp =  0.00303

 Side 1  free  transition at x/c =  0.6460   51
 Side 2  free  transition at x/c =  0.4883   57

   4   rms: 0.2425E-04   max: -.1278E-03   D at   88  2
       a = -5.000      CL = -0.3636
      Cm = -0.0393     CD =  0.00823   =>   CDf =  0.00519    CDp =  0.00303
 plradd ia,ip,cpol            6           0  5.06032631E-02

 Point added to stored polar  1
 Point written to save file  polar.txt                                       
 Dump file unspecified or not available
 Calculating wake trajectory ...
 Calculating source influence matrix ...

 Solving BL system ...

 Side 1  free  transition at x/c =  0.6460   51
 Side 2  free  transition at x/c =  0.4883   57
 idif Ue xi dudx           2  0.15063460      6.33835793E-03   23.765556    
 Uenew xinew           3  7.90852904E-02  3.32772732E-03

   1   rms: 0.1271E+00   max: -.2803E+00   C at   57  2
       a = -6.000      CL = -0.4472
      Cm = -0.0450     CD =  0.00824   =>   CDf =  0.00505    CDp =  0.00320

 Side 1  free  transition at x/c =  0.6657   50
 Side 2  free  transition at x/c =  0.4663   58

   2   rms: 0.2066E-01   max: 0.2260E+00   D at    4  2
       a = -6.000      CL = -0.4437
      Cm = -0.0455     CD =  0.00834   =>   CDf =  0.00509    CDp =  0.00325

 Side 1  free  transition at x/c =  0.6663   50
 Side 2  free  transition at x/c =  0.4704   58

   3   rms: 0.9328E-03   max: -.9366E-02   D at   59  2
       a = -6.000      CL = -0.4443
      Cm = -0.0454     CD =  0.00835   =>   CDf =  0.00506    CDp =  0.00328

 Side 1  free  transition at x/c =  0.6661   50
 Side 2  free  transition at x/c =  0.4701   58

   4   rms: 0.1656E-04   max: -.9894E-04   D at   90  2
       a = -6.000      CL = -0.4443
      Cm = -0.0454     CD =  0.00835   =>   CDf =  0.00506    CDp =  0.00328
 plradd ia,ip,cpol            7           0  2.98684426E-02

 Point added to stored polar  1
 Point written to save file  polar.txt                                       
 Dump file unspecified or not available
 Calculating wake trajectory ...
 Calculating source influence matrix ...

 Solving BL system ...

 Side 1  free  transition at x/c =  0.6661   50
 Side 2  free  transition at x/c =  0.4701   58
 idif Ue xi dudx           1  0.12585025      4.62818146E-03   27.192160    
 Uenew xinew           2  3.38807628E-02  1.24597549E-03

   1   rms: 0.1351E+00   max: -.4929E+00   C at   58  2
       a = -7.000      CL = -0.5397
      Cm = -0.0485     CD =  0.00835   =>   CDf =  0.00498    CDp =  0.00338

 Side 1  free  transition at x/c =  0.6872   50
 Side 2  free  transition at x/c =  0.4341   57

   2   rms: 0.1833E-01   max: 0.2151E+00   D at   58  2
       a = -7.000      CL = -0.5274
      Cm = -0.0507     CD =  0.00862   =>   CDf =  0.00499    CDp =  0.00363

 Side 1  free  transition at x/c =  0.6877   50
 Side 2  free  transition at x/c =  0.4471   58

   3   rms: 0.1148E-01   max: 0.1875E+00   C at   58  2
       a = -7.000      CL = -0.5329
      Cm = -0.0497     CD =  0.00852   =>   CDf =  0.00489    CDp =  0.00363

 Side 1  free  transition at x/c =  0.6875   50
 Side 2  free  transition at x/c =  0.4401   58

   4   rms: 0.1221E-02   max: -.1051E-01   C at   58  2
       a = -7.000      CL = -0.5315
      Cm = -0.0499     CD =  0.00856   =>   CDf =  0.00494    CDp =  0.00362

 Side 1  free  transition at x/c =  0.6875   50
 Side 2  free  transition at x/c =  0.4405   58

   5   rms: 0.7434E-05   max: -.6529E-04   C at   58  2
       a = -7.000      CL = -0.5315
      Cm = -0.0499     CD =  0.00856   =>   CDf =  0.00493    CDp =  0.00362
 plradd ia,ip,cpol            8           0  1.91027932E-02

 Point added to stored polar  1
 Point written to save file  polar.txt                                       
 Dump file unspecified or not available
 Calculating wake trajectory ...
 Calculating source influence matrix ...

 Solving BL system ...

 Side 1  free  transition at x/c =  0.6875   50
 Side 2  free  transition at x/c =  0.4405   58

   1   rms: 0.1384E+00   max: -.7711E+00   D at   58  2   RLX: 0.648
       a = -8.000      CL = -0.5826
      Cm = -0.0538     CD =  0.00887   =>   CDf =  0.00493    CDp =  0.00394

 Side 1  free  transition at x/c =  0.7022   51
 Side 2  free  transition at x/c =  0.3688   54
 idif Ue xi dudx           1  0.12462637      4.51540947E-03   27.600237    
 Uenew xinew           2  2.51996778E-02  9.13023949E-04

   2   rms: 0.7620E-01   max: 0.9608E+00   C at   54  2   RLX: 0.998
       a = -8.000      CL = -0.5822
      Cm = -0.0605     CD =  0.00976   =>   CDf =  0.00501    CDp =  0.00475

 Side 1  free  transition at x/c =  0.7092   50
 Side 2  free  transition at x/c =  0.3260   52

   3   rms: 0.2043E-01   max: -.2572E+00   C at   52  2
       a = -8.000      CL = -0.5789
      Cm = -0.0611     CD =  0.00983   =>   CDf =  0.00529    CDp =  0.00454

 Side 1  free  transition at x/c =  0.7106   50
 Side 2  free  transition at x/c =  0.3312   53

   4   rms: 0.3214E-02   max: -.3855E-01   D at    4  2
       a = -8.000      CL = -0.5792
      Cm = -0.0610     CD =  0.00983   =>   CDf =  0.00525    CDp =  0.00458

 Side 1  free  transition at x/c =  0.7106   50
 Side 2  free  transition at x/c =  0.3311   53

   5   rms: 0.1233E-04   max: -.1479E-03   D at    9  2
       a = -8.000      CL = -0.5792
      Cm = -0.0610     CD =  0.00983   =>   CDf =  0.00525    CDp =  0.00458
 plradd ia,ip,cpol            9           0  8.91487300E-03

 Point added to stored polar  1
 Point written to save file  polar.txt                                       
 Dump file unspecified or not available
 Calculating wake trajectory ...
 Calculating source influence matrix ...

 Solving BL system ...

 Side 1  free  transition at x/c =  0.7106   50
 Side 2  free  transition at x/c =  0.3311   53

   1   rms: 0.2713E+00   max: 0.3369E+01   C at   53  2   RLX: 0.242
       a = -9.000      CL = -0.5796
      Cm = -0.0654     CD =  0.01050   =>   CDf =  0.00525    CDp =  0.00525

 Side 1  free  transition at x/c =  0.7156   51
 Side 2  free  transition at x/c =  0.2995   51

   2   rms: 0.1975E+00   max: 0.2828E+01   C at   51  2   RLX: 0.386
       a = -9.000      CL = -0.5865
      Cm = -0.0692     CD =  0.01114   =>   CDf =  0.00536    CDp =  0.00578

 Side 1  free  transition at x/c =  0.7237   51
 Side 2  free  transition at x/c =  0.2635   49
 idif Ue xi dudx           1  7.64194429E-02  4.33874130E-03   17.613276    
 Uenew xinew           2  8.63172673E-03  4.90069389E-04

   3   rms: 0.1131E+00   max: 0.1343E+01   C at   49  2   RLX: 0.633
       a = -9.000      CL = -0.5931
      Cm = -0.0727     CD =  0.01196   =>   CDf =  0.00537    CDp =  0.00660

 Side 1  free  transition at x/c =  0.7307   50
 Side 2  free  transition at x/c =  0.2343   48

   4   rms: 0.4064E-01   max: 0.6110E+00   C at   48  2
       a = -9.000      CL = -0.6037
      Cm = -0.0736     CD =  0.01232   =>   CDf =  0.00558    CDp =  0.00674

 Side 1  free  transition at x/c =  0.7359   51
 Side 2  free  transition at x/c =  0.2155   47

   5   rms: 0.6107E-02   max: -.8023E-01   C at   47  2
       a = -9.000      CL = -0.6032
      Cm = -0.0735     CD =  0.01233   =>   CDf =  0.00564    CDp =  0.00668

 Side 1  free  transition at x/c =  0.7376   51
 Side 2  free  transition at x/c =  0.2174   47

   6   rms: 0.4428E-03   max: -.5434E-02   C at   47  2
       a = -9.000      CL = -0.6030
      Cm = -0.0736     CD =  0.01233   =>   CDf =  0.00560    CDp =  0.00673

 Side 1  free  transition at x/c =  0.7374   51
 Side 2  free  transition at x/c =  0.2175   47

   7   rms: 0.5270E-05   max: -.2807E-04   D at  100  2
       a = -9.000      CL = -0.6030
      Cm = -0.0736     CD =  0.01233   =>   CDf =  0.00560    CDp =  0.00673
 plradd ia,ip,cpol           10           0  8.91487300E-03

 Point added to stored polar  1
 Point written to save file  polar.txt                                       
 Dump file unspecified or not available
 Calculating wake trajectory ...
 Calculating source influence matrix ...

 Solving BL system ...

 Side 1  free  transition at x/c =  0.7374   51
 Side 2  free  transition at x/c =  0.2175   47

   1   rms: 0.1979E+00   max: 0.2933E+01   C at   47  2   RLX: 0.511
       a =-10.000      CL = -0.6274
      Cm = -0.0773     CD =  0.01339   =>   CDf =  0.00560    CDp =  0.00779

 Side 1  free  transition at x/c =  0.7491   51
 Side 2  free  transition at x/c =  0.1711   44

   2   rms: 0.8655E-01   max: 0.6882E+00   C at   44  2
       a =-10.000      CL = -0.6388
      Cm = -0.0816     CD =  0.01523   =>   CDf =  0.00581    CDp =  0.00941

 Side 1  free  transition at x/c =  0.7659   52
 Side 2  free  transition at x/c =  0.1444   43

   3   rms: 0.2362E-01   max: -.2579E+00   D at   52  1
       a =-10.000      CL = -0.6335
      Cm = -0.0816     CD =  0.01565   =>   CDf =  0.00587    CDp =  0.00978

 Side 1  free  transition at x/c =  0.7695   52
 Side 2  free  transition at x/c =  0.1490   43

   4   rms: 0.8564E-02   max: -.1628E+00   C at   52  1
       a =-10.000      CL = -0.6337
      Cm = -0.0816     CD =  0.01561   =>   CDf =  0.00577    CDp =  0.00984

 Side 1  free  transition at x/c =  0.7697   52
 Side 2  free  transition at x/c =  0.1477   43

   5   rms: 0.5462E-03   max: 0.1140E-01   C at   52  1
       a =-10.000      CL = -0.6335
      Cm = -0.0817     CD =  0.01561   =>   CDf =  0.00576    CDp =  0.00985

 Side 1  free  transition at x/c =  0.7695   52
 Side 2  free  transition at x/c =  0.1478   43

   6   rms: 0.3899E-05   max: -.2604E-04   D at   53  1
       a =-10.000      CL = -0.6335
      Cm = -0.0817     CD =  0.01561   =>   CDf =  0.00576    CDp =  0.00985
 plradd ia,ip,cpol           11           0  8.91487300E-03

 Point added to stored polar  1
 Point written to save file  polar.txt                                       
 Dump file unspecified or not available
 Calculating wake trajectory ...
 Calculating source influence matrix ...

 Solving BL system ...

 Side 1  free  transition at x/c =  0.7695   52
 Side 2  free  transition at x/c =  0.1478   43
 idif Ue xi dudx           1  0.13625270      5.68175316E-03   23.980749    
 Uenew xinew           2  3.74321863E-02  1.56092644E-03

   1   rms: 0.1824E+00   max: 0.1340E+01   C at   43  2   RLX: 0.412
       a =-11.000      CL = -0.6475
      Cm = -0.0842     CD =  0.01718   =>   CDf =  0.00564    CDp =  0.01155

 Side 1  free  transition at x/c =  0.7836   52
 Side 2  free  transition at x/c =  0.1301   43

   2   rms: 0.9893E-01   max: -.6409E+00   C at   52  1   RLX: 0.780
       a =-11.000      CL = -0.6691
      Cm = -0.0861     CD =  0.01874   =>   CDf =  0.00575    CDp =  0.01299

 Side 1  free  transition at x/c =  0.7981   53
 Side 2  free  transition at x/c =  0.1116   41

   3   rms: 0.2838E-01   max: -.3648E+00   C at   53  1
       a =-11.000      CL = -0.6761
      Cm = -0.0863     CD =  0.01915   =>   CDf =  0.00576    CDp =  0.01340

 Side 1  free  transition at x/c =  0.8067   54
 Side 2  free  transition at x/c =  0.1081   41

   4   rms: 0.1142E-01   max: -.1654E+00   C at   54  1
       a =-11.000      CL = -0.6748
      Cm = -0.0864     CD =  0.01921   =>   CDf =  0.00574    CDp =  0.01347

 Side 1  free  transition at x/c =  0.8117   54
 Side 2  free  transition at x/c =  0.1084   41

   5   rms: 0.2655E-02   max: 0.4926E-01   C at   54  1
       a =-11.000      CL = -0.6743
      Cm = -0.0865     CD =  0.01921   =>   CDf =  0.00568    CDp =  0.01354

 Side 1  free  transition at x/c =  0.8105   54
 Side 2  free  transition at x/c =  0.1085   41

   6   rms: 0.3147E-04   max: -.4993E-03   D at   55  1
       a =-11.000      CL = -0.6743
      Cm = -0.0865     CD =  0.01921   =>   CDf =  0.00568    CDp =  0.01353
 plradd ia,ip,cpol           12           0  5.29714068E-03

 Point added to stored polar  1
 Point written to save file  polar.txt                                       
 Dump file unspecified or not available
 Calculating wake trajectory ...
 Calculating source influence matrix ...

 Solving BL system ...

 Side 1  free  transition at x/c =  0.8105   54
 Side 2  free  transition at x/c =  0.1085   41
 idif Ue xi dudx           1  9.60010290E-02  5.88405132E-03   16.315464    
 Uenew xinew           2  2.39151660E-02  1.46579742E-03

   1   rms: 0.1854E+00   max: -.1439E+01   C at   54  1   RLX: 0.347
       a =-12.000      CL = -0.6871
      Cm = -0.0881     CD =  0.02065   =>   CDf =  0.00554    CDp =  0.01511

 Side 1  free  transition at x/c =  0.8213   54
 Side 2  free  transition at x/c =  0.0982   41

   2   rms: 0.1266E+00   max: 0.9286E+00   C at   41  2   RLX: 0.554
       a =-12.000      CL = -0.7063
      Cm = -0.0883     CD =  0.02207   =>   CDf =  0.00574    CDp =  0.01634

 Side 1  free  transition at x/c =  0.8415   55
 Side 2  free  transition at x/c =  0.0892   40

   3   rms: 0.7256E-01   max: -.1274E+01   C at   55  1   RLX: 0.393
       a =-12.000      CL = -0.7104
      Cm = -0.0889     CD =  0.02252   =>   CDf =  0.00560    CDp =  0.01693

 Side 1  free  transition at x/c =  0.8463   56
 Side 2  free  transition at x/c =  0.0867   40
 idif Ue xi dudx           1  6.57071024E-02  4.78351116E-03   13.736166    
 Uenew xinew           2  4.40481730E-04  3.20672989E-05

   4   rms: 0.5190E-01   max: -.7518E+00   C at   56  1   RLX: 0.665
       a =-12.000      CL = -0.7156
      Cm = -0.0893     CD =  0.02295   =>   CDf =  0.00546    CDp =  0.01749

 Side 1  free  transition at x/c =  0.8581   56
 Side 2  free  transition at x/c =  0.0840   41

   5   rms: 0.5335E-01   max: -.7619E+00   T at    2  2   RLX: 0.656
       a =-12.000      CL = -0.7154
      Cm = -0.0896     CD =  0.02319   =>   CDf =  0.00559    CDp =  0.01760

 Side 1  free  transition at x/c =  0.8696   56
 Side 2  free  transition at x/c =  0.0832   41

   6   rms: 0.1056E-01   max: -.2060E+00   C at   56  1
       a =-12.000      CL = -0.7119
      Cm = -0.0907     CD =  0.02329   =>   CDf =  0.00549    CDp =  0.01780

 Side 1  free  transition at x/c =  0.8755   57
 Side 2  free  transition at x/c =  0.0830   41

   7   rms: 0.2099E-02   max: -.4203E-01   C at   57  1
       a =-12.000      CL = -0.7117
      Cm = -0.0907     CD =  0.02328   =>   CDf =  0.00546    CDp =  0.01782

 Side 1  free  transition at x/c =  0.8762   57
 Side 2  free  transition at x/c =  0.0830   41

   8   rms: 0.1930E-04   max: 0.2578E-03   C at   57  1
       a =-12.000      CL = -0.7117
      Cm = -0.0907     CD =  0.02328   =>   CDf =  0.00545    CDp =  0.01783
 plradd ia,ip,cpol           13           0  3.83087946E-03

 Point added to stored polar  1
 Point written to save file  polar.txt                                       
 Dump file unspecified or not available
 Calculating wake trajectory ...
 Calculating source influence matrix ...

 Solving BL system ...

 Side 1  free  transition at x/c =  0.8762   57
 Side 2  free  transition at x/c =  0.0830   41

   1   rms: 0.1768E+00   max: -.2100E+01   C at   57  1   RLX: 0.238
       a =-13.000      CL = -0.7205
      Cm = -0.0916     CD =  0.02436   =>   CDf =  0.00546    CDp =  0.01891

 Side 1  free  transition at x/c =  0.8871   57
 Side 2  free  transition at x/c =  0.0782   40

   2   rms: 0.1055E+00   max: -.5781E+00   D at   40  2   RLX: 0.865
       a =-13.000      CL = -0.7469
      Cm = -0.0943     CD =  0.02709   =>   CDf =  0.00544    CDp =  0.02165

 Side 1  free  transition at x/c =  0.9694   63
 Side 2  free  transition at x/c =  0.0696   39

   3   rms: 0.9070E-01   max: 0.1370E+01   C at   63  1
       a =-13.000      CL = -0.7724
      Cm = -0.0906     CD =  0.02736   =>   CDf =  0.00518    CDp =  0.02218

 Side 1  free  transition at x/c =  0.9489   62
 Side 2  free  transition at x/c =  0.0653   38

   4   rms: 0.1250E-01   max: -.9951E-01   D at   62  1
       a =-13.000      CL = -0.7615
      Cm = -0.0922     CD =  0.02756   =>   CDf =  0.00524    CDp =  0.02232

 Side 1  free  transition at x/c =  0.9440   61
 Side 2  free  transition at x/c =  0.0655   39

   5   rms: 0.7333E-02   max: 0.1009E+00   C at   61  1
       a =-13.000      CL = -0.7644
      Cm = -0.0917     CD =  0.02750   =>   CDf =  0.00524    CDp =  0.02226

 Side 1  free  transition at x/c =  0.9411   61
 Side 2  free  transition at x/c =  0.0663   39

   6   rms: 0.1400E-02   max: -.2298E-01   D at   39  2
       a =-13.000      CL = -0.7644
      Cm = -0.0917     CD =  0.02752   =>   CDf =  0.00523    CDp =  0.02229

 Side 1  free  transition at x/c =  0.9412   61
 Side 2  free  transition at x/c =  0.0661   39

   7   rms: 0.5728E-04   max: -.8679E-03   D at   39  2
       a =-13.000      CL = -0.7644
      Cm = -0.0917     CD =  0.02752   =>   CDf =  0.00524    CDp =  0.02228
 plradd ia,ip,cpol           14           0  3.83087946E-03

 Point added to stored polar  1
 Point written to save file  polar.txt                                       
 Dump file unspecified or not available
 Calculating wake trajectory ...
 Calculating source influence matrix ...

 Solving BL system ...

 Side 1  free  transition at x/c =  0.9412   61
 Side 2  free  transition at x/c =  0.0660   39

   1   rms: 0.1718E+00   max: -.1546E+01   C at   61  1   RLX: 0.323
       a =-14.000      CL = -0.7894
      Cm = -0.0897     CD =  0.02935   =>   CDf =  0.00524    CDp =  0.02411

 Side 1  free  transition at x/c =  0.9531   62
 Side 2  free  transition at x/c =  0.0614   38
 idif Ue xi dudx           1  0.13728742      8.11451674E-03   16.918743    
 Uenew xinew           2  5.01404293E-02  2.96360254E-03

   2   rms: 0.1222E+00   max: -.8592E+00   C at   62  1   RLX: 0.582
       a =-14.000      CL = -0.8344
      Cm = -0.0847     CD =  0.03149   =>   CDf =  0.00501    CDp =  0.02649

 Side 1  free  transition at x/c =  0.9615   61
 Side 2  free  transition at x/c =  0.0554   38

   3   rms: 0.4224E-01   max: -.4086E+00   C at   61  1
       a =-14.000      CL = -0.8459
      Cm = -0.0860     CD =  0.03261   =>   CDf =  0.00517    CDp =  0.02744

 Side 1  free  transition at x/c =  0.9906   64
 Side 2  free  transition at x/c =  0.0515   38

   4   rms: 0.3867E-01   max: 0.6279E+00   C at   64  1
       a =-14.000      CL = -0.8562
      Cm = -0.0829     CD =  0.03327   =>   CDf =  0.00517    CDp =  0.02810

 Side 1  free  transition at x/c =  0.9729   62
 Side 2  free  transition at x/c =  0.0510   37

   5   rms: 0.1174E-01   max: -.1482E+00   D at   63  1
       a =-14.000      CL = -0.8662
      Cm = -0.0809     CD =  0.03325   =>   CDf =  0.00516    CDp =  0.02809

 Side 1  free  transition at x/c =  0.9665   62
 Side 2  free  transition at x/c =  0.0506   37

   6   rms: 0.4132E-02   max: -.5771E-01   C at   62  1
       a =-14.000      CL = -0.8642
      Cm = -0.0812     CD =  0.03330   =>   CDf =  0.00516    CDp =  0.02814

 Side 1  free  transition at x/c =  0.9679   62
 Side 2  free  transition at x/c =  0.0506   37

   7   rms: 0.2296E-03   max: -.3336E-02   C at   62  1
       a =-14.000      CL = -0.8641
      Cm = -0.0812     CD =  0.03329   =>   CDf =  0.00516    CDp =  0.02813

 Side 1  free  transition at x/c =  0.9680   62
 Side 2  free  transition at x/c =  0.0507   37

   8   rms: 0.4135E-05   max: 0.2243E-04   D at   71  2
       a =-14.000      CL = -0.8641
      Cm = -0.0812     CD =  0.03329   =>   CDf =  0.00516    CDp =  0.02813
 plradd ia,ip,cpol           15           0  3.83087946E-03

 Point added to stored polar  1
 Point written to save file  polar.txt                                       
 Dump file unspecified or not available
 Calculating wake trajectory ...
 Calculating source influence matrix ...

 Solving BL system ...

 Side 1  free  transition at x/c =  0.9680   62
 Side 2  free  transition at x/c =  0.0507   37
 idif Ue xi dudx           1  0.11314134      9.49198008E-03   11.919677    
 Uenew xinew           2  4.60127555E-02  3.86023521E-03

   1   rms: 0.1460E+00   max: 0.3416E+00   D at   70  2   RLX: 0.653
       a =-15.000      CL = -0.9286
      Cm = -0.0748     CD =  0.03737   =>   CDf =  0.00497    CDp =  0.03240

 Side 1  free  transition at x/c =  0.9744   62
 Side 2  free  transition at x/c =  0.0456   38

   2   rms: 0.4992E-01   max: -.2816E+00   D at   38  2
       a =-15.000      CL = -0.9309
      Cm = -0.0758     CD =  0.04014   =>   CDf =  0.00511    CDp =  0.03503

 Side 1  free  transition at x/c =  0.9904   63
 Side 2  free  transition at x/c =  0.0408   37

   3   rms: 0.2789E-01   max: -.3992E+00   D at   37  2
       a =-15.000      CL = -0.9327
      Cm = -0.0763     CD =  0.03948   =>   CDf =  0.00505    CDp =  0.03443

 Side 1  free  transition at x/c =  0.9935   63
 Side 2  free  transition at x/c =  0.0418   37

   4   rms: 0.5927E-02   max: 0.6423E-01   C at   37  2
       a =-15.000      CL = -0.9314
      Cm = -0.0761     CD =  0.03974   =>   CDf =  0.00507    CDp =  0.03467

 Side 1  free  transition at x/c =  0.9922   63
 Side 2  free  transition at x/c =  0.0413   37

   5   rms: 0.2793E-03   max: 0.1866E-02   T at   63  1
       a =-15.000      CL = -0.9312
      Cm = -0.0761     CD =  0.03974   =>   CDf =  0.00507    CDp =  0.03466

 Side 1  free  transition at x/c =  0.9921   63
 Side 2  free  transition at x/c =  0.0413   37

   6   rms: 0.6912E-05   max: -.3589E-04   C at   63  1
       a =-15.000      CL = -0.9312
      Cm = -0.0761     CD =  0.03974   =>   CDf =  0.00507    CDp =  0.03466
 plradd ia,ip,cpol           16           0  3.83087946E-03

 Point added to stored polar  1
 Point written to save file  polar.txt                                       
 Dump file unspecified or not available
 Calculating wake trajectory ...
 Calculating source influence matrix ...

 Solving BL system ...

 Side 1  free  transition at x/c =  0.9921   63
 Side 2  free  transition at x/c =  0.0413   37
 idif Ue xi dudx           1  0.10258037      8.00305605E-03   12.817650    
 Uenew xinew           2  2.32757647E-02  1.81591511E-03

   1   rms: 0.1539E+00   max: -.9486E+00   D at   37  2   RLX: 0.527
       a =-16.000      CL = -0.9661
      Cm = -0.0727     CD =  0.04400   =>   CDf =  0.00487    CDp =  0.03913

 Side 1  free  transition at x/c =  0.9982   63
 Side 2  free  transition at x/c =  0.0360   37

   2   rms: 0.8049E-01   max: -.7260E+00   D at   37  2   RLX: 0.689
       a =-16.000      CL = -0.9955
      Cm = -0.0692     CD =  0.04621   =>   CDf =  0.00504    CDp =  0.04117

 Side 1 forced transition at x/c =  1.0000   63
 Side 2  free  transition at x/c =  0.0318   36

   3   rms: 0.2891E-01   max: -.3429E+00   D at   36  2
       a =-16.000      CL = -0.9949
      Cm = -0.0701     CD =  0.04729   =>   CDf =  0.00505    CDp =  0.04225

 Side 1 forced transition at x/c =  1.0000   63
 Side 2  free  transition at x/c =  0.0308   36

   4   rms: 0.7960E-02   max: 0.3520E-01   D at   70  2
       a =-16.000      CL = -0.9888
      Cm = -0.0702     CD =  0.04772   =>   CDf =  0.00507    CDp =  0.04264

 Side 1 forced transition at x/c =  1.0000   63
 Side 2  free  transition at x/c =  0.0305   36

   5   rms: 0.4219E-03   max: 0.2215E-02   D at  112  2
       a =-16.000      CL = -0.9886
      Cm = -0.0703     CD =  0.04765   =>   CDf =  0.00507    CDp =  0.04258

 Side 1 forced transition at x/c =  1.0000   63
 Side 2  free  transition at x/c =  0.0305   36

   6   rms: 0.1069E-04   max: 0.7024E-04   D at  112  2
       a =-16.000      CL = -0.9886
      Cm = -0.0703     CD =  0.04764   =>   CDf =  0.00507    CDp =  0.04258
 plradd ia,ip,cpol           17           0  3.83087946E-03

 Point added to stored polar  1
 Point written to save file  polar.txt                                       
 Dump file unspecified or not available
 Calculating wake trajectory ...
 Calculating source influence matrix ...

 Solving BL system ...

 Side 1 forced transition at x/c =  1.0000   63
 Side 2  free  transition at x/c =  0.0305   36

   1   rms: 0.1342E+00   max: -.6069E+00   D at   60  1   RLX: 0.501
       a =-17.000      CL = -0.9864
      Cm = -0.0730     CD =  0.05181   =>   CDf =  0.00508    CDp =  0.04673

 Side 1 forced transition at x/c =  1.0000   63
 Side 2  free  transition at x/c =  0.0279   35
 idif Ue xi dudx           1  0.10617243      8.40872526E-03   12.626459    
 Uenew xinew           2  2.02305224E-02  1.60223246E-03

   2   rms: 0.5985E-01   max: -.5098E+00   D at   35  2   RLX: 0.981
       a =-17.000      CL = -1.0053
      Cm = -0.0733     CD =  0.05458   =>   CDf =  0.00476    CDp =  0.04982

 Side 1 forced transition at x/c =  1.0000   62
 Side 2  free  transition at x/c =  0.0262   35

   3   rms: 0.1276E-01   max: -.8057E-01   D at   36  2
       a =-17.000      CL = -0.9956
      Cm = -0.0736     CD =  0.05504   =>   CDf =  0.00499    CDp =  0.05005

 Side 1 forced transition at x/c =  1.0000   62
 Side 2  free  transition at x/c =  0.0260   35

   4   rms: 0.2005E-02   max: 0.1605E-01   D at   69  2
       a =-17.000      CL = -0.9944
      Cm = -0.0736     CD =  0.05505   =>   CDf =  0.00497    CDp =  0.05008

 Side 1 forced transition at x/c =  1.0000   62
 Side 2  free  transition at x/c =  0.0260   35

   5   rms: 0.9840E-04   max: 0.7882E-03   D at  113  2
       a =-17.000      CL = -0.9944
      Cm = -0.0736     CD =  0.05503   =>   CDf =  0.00497    CDp =  0.05005
 plradd ia,ip,cpol           18           0  3.83087946E-03

 Point added to stored polar  1
 Point written to save file  polar.txt                                       
 Dump file unspecified or not available
 Calculating wake trajectory ...
 Calculating source influence matrix ...

 Solving BL system ...

 Side 1 forced transition at x/c =  1.0000   62
 Side 2  free  transition at x/c =  0.0260   35

   1   rms: 0.1046E+00   max: 0.3801E+00   D at   68  2   RLX: 0.456
       a =-18.000      CL = -1.0040
      Cm = -0.0743     CD =  0.05876   =>   CDf =  0.00498    CDp =  0.05378

 Side 1 forced transition at x/c =  1.0000   62
 Side 2  free  transition at x/c =  0.0251   35

   2   rms: 0.5587E-01   max: 0.2290E+00   D at   68  2
       a =-18.000      CL = -1.0155
      Cm = -0.0748     CD =  0.06275   =>   CDf =  0.00491    CDp =  0.05785

 Side 1 forced transition at x/c =  1.0000   62
 Side 2  free  transition at x/c =  0.0249   35

   3   rms: 0.1065E-01   max: 0.7525E-01   D at   68  2
       a =-18.000      CL = -1.0093
      Cm = -0.0748     CD =  0.06291   =>   CDf =  0.00481    CDp =  0.05810

 Side 1 forced transition at x/c =  1.0000   62
 Side 2  free  transition at x/c =  0.0247   35

   4   rms: 0.8452E-03   max: 0.7065E-02   D at   67  2
       a =-18.000      CL = -1.0087
      Cm = -0.0748     CD =  0.06281   =>   CDf =  0.00479    CDp =  0.05801

 Side 1 forced transition at x/c =  1.0000   62
 Side 2  free  transition at x/c =  0.0247   35

   5   rms: 0.6253E-04   max: 0.4168E-03   D at   67  2
       a =-18.000      CL = -1.0087
      Cm = -0.0748     CD =  0.06280   =>   CDf =  0.00479    CDp =  0.05801
 plradd ia,ip,cpol           19           0  3.83087946E-03

 Point added to stored polar  1
 Point written to save file  polar.txt                                       
 Dump file unspecified or not available
 Calculating wake trajectory ...
 Calculating source influence matrix ...

 Solving BL system ...

 Side 1 forced transition at x/c =  1.0000   62
 Side 2  free  transition at x/c =  0.0247   35

   1   rms: 0.1091E+00   max: 0.4430E+00   D at   66  2   RLX: 0.411
       a =-19.000      CL = -1.0142
      Cm = -0.0747     CD =  0.06693   =>   CDf =  0.00480    CDp =  0.06213

 Side 1 forced transition at x/c =  1.0000   62
 Side 2  free  transition at x/c =  0.0234   35
 idif Ue xi dudx           1  0.10635840      9.14061069E-03   11.635809    
 Uenew xinew           2  1.92633029E-02  1.65551901E-03

   2   rms: 0.6700E-01   max: 0.3259E+00   D at   66  2
       a =-19.000      CL = -1.0135
      Cm = -0.0742     CD =  0.07348   =>   CDf =  0.00449    CDp =  0.06899

 Side 1 forced transition at x/c =  1.0000   61
 Side 2  free  transition at x/c =  0.0222   35

   3   rms: 0.1499E-01   max: 0.1204E+00   D at   67  2
       a =-19.000      CL = -1.0080
      Cm = -0.0742     CD =  0.07311   =>   CDf =  0.00464    CDp =  0.06847

 Side 1 forced transition at x/c =  1.0000   61
 Side 2  free  transition at x/c =  0.0223   35

   4   rms: 0.1732E-02   max: -.1789E-01   D at   67  2
       a =-19.000      CL = -1.0087
      Cm = -0.0744     CD =  0.07282   =>   CDf =  0.00462    CDp =  0.06820

 Side 1 forced transition at x/c =  1.0000   61
 Side 2  free  transition at x/c =  0.0223   35

   5   rms: 0.1567E-03   max: -.7652E-03   D at  118  2
       a =-19.000      CL = -1.0088
      Cm = -0.0743     CD =  0.07285   =>   CDf =  0.00463    CDp =  0.06822

 Side 1 forced transition at x/c =  1.0000   61
 Side 2  free  transition at x/c =  0.0223   35

   6   rms: 0.7357E-05   max: -.4506E-04   D at  115  2
       a =-19.000      CL = -1.0088
      Cm = -0.0743     CD =  0.07285   =>   CDf =  0.00463    CDp =  0.06822
 plradd ia,ip,cpol           20           0  3.83087946E-03

 Point added to stored polar  1
 Point written to save file  polar.txt                                       
 Dump file unspecified or not available
 Calculating wake trajectory ...
 Calculating source influence matrix ...

 Solving BL system ...

 Side 1 forced transition at x/c =  1.0000   61
 Side 2  free  transition at x/c =  0.0223   35

   1   rms: 0.9813E-01   max: 0.4180E+00   D at   65  2   RLX: 0.374
       a =-20.000      CL = -1.0154
      Cm = -0.0737     CD =  0.07675   =>   CDf =  0.00464    CDp =  0.07211

 Side 1 forced transition at x/c =  1.0000   61
 Side 2  free  transition at x/c =  0.0217   35

   2   rms: 0.6387E-01   max: 0.3176E+00   D at   65  2
       a =-20.000      CL = -1.0195
      Cm = -0.0723     CD =  0.08403   =>   CDf =  0.00456    CDp =  0.07946

 Side 1 forced transition at x/c =  1.0000   61
 Side 2  free  transition at x/c =  0.0207   35

   3   rms: 0.1259E-01   max: 0.1434E+00   D at   65  2
       a =-20.000      CL = -1.0115
      Cm = -0.0723     CD =  0.08373   =>   CDf =  0.00444    CDp =  0.07930

 Side 1 forced transition at x/c =  1.0000   61
 Side 2  free  transition at x/c =  0.0208   35

   4   rms: 0.2504E-02   max: -.2551E-01   D at   65  2
       a =-20.000      CL = -1.0128
      Cm = -0.0725     CD =  0.08322   =>   CDf =  0.00441    CDp =  0.07880

 Side 1 forced transition at x/c =  1.0000   61
 Side 2  free  transition at x/c =  0.0208   35

   5   rms: 0.2643E-03   max: -.1299E-02   D at  118  2
       a =-20.000      CL = -1.0130
      Cm = -0.0725     CD =  0.08326   =>   CDf =  0.00442    CDp =  0.07884

 Side 1 forced transition at x/c =  1.0000   61
 Side 2  free  transition at x/c =  0.0208   35

   6   rms: 0.1523E-04   max: -.1375E-03   D at  116  2
       a =-20.000      CL = -1.0130
      Cm = -0.0725     CD =  0.08326   =>   CDf =  0.00442    CDp =  0.07884
 plradd ia,ip,cpol           21           0  3.83087946E-03

 Point added to stored polar  1
 Point written to save file  polar.txt                                       
 Dump file unspecified or not available
 Calculating wake trajectory ...
 Calculating source influence matrix ...

 Solving BL system ...

 Side 1 forced transition at x/c =  1.0000   61
 Side 2  free  transition at x/c =  0.0208   35

   1   rms: 0.1002E+00   max: 0.4948E+00   D at   63  2   RLX: 0.340
       a =-21.000      CL = -1.0152
      Cm = -0.0714     CD =  0.08770   =>   CDf =  0.00443    CDp =  0.08327

 Side 1 forced transition at x/c =  1.0000   61
 Side 2  free  transition at x/c =  0.0203   35
 idif Ue xi dudx           1  9.81530920E-02  9.07796621E-03   10.812234    
 Uenew xinew           2  9.43295192E-03  8.72433186E-04

   2   rms: 0.7619E-01   max: 0.4563E+00   D at   64  2
       a =-21.000      CL = -1.0045
      Cm = -0.0682     CD =  0.09853   =>   CDf =  0.00409    CDp =  0.09444

 Side 1 forced transition at x/c =  1.0000   60
 Side 2  free  transition at x/c =  0.0195   36

   3   rms: 0.1755E-01   max: 0.1945E+00   D at   64  2
       a =-21.000      CL = -0.9943
      Cm = -0.0683     CD =  0.09779   =>   CDf =  0.00422    CDp =  0.09358

 Side 1 forced transition at x/c =  1.0000   60
 Side 2  free  transition at x/c =  0.0195   36

   4   rms: 0.3094E-02   max: 0.5044E-01   D at   63  2
       a =-21.000      CL = -0.9929
      Cm = -0.0683     CD =  0.09758   =>   CDf =  0.00418    CDp =  0.09339

 Side 1 forced transition at x/c =  1.0000   60
 Side 2  free  transition at x/c =  0.0195   36

   5   rms: 0.3328E-03   max: -.3765E-02   D at   63  2
       a =-21.000      CL = -0.9930
      Cm = -0.0684     CD =  0.09747   =>   CDf =  0.00418    CDp =  0.09329

 Side 1 forced transition at x/c =  1.0000   60
 Side 2  free  transition at x/c =  0.0195   36

   6   rms: 0.3130E-04   max: -.1643E-03   D at  120  2
       a =-21.000      CL = -0.9930
      Cm = -0.0684     CD =  0.09747   =>   CDf =  0.00418    CDp =  0.09329
 plradd ia,ip,cpol           22           0 -1.71368287E-04

 Point added to stored polar  1
 Point written to save file  polar.txt                                       
 Dump file unspecified or not available
 Calculating wake trajectory ...
 Calculating source influence matrix ...

 Solving BL system ...

 Side 1 forced transition at x/c =  1.0000   60
 Side 2  free  transition at x/c =  0.0195   36

   1   rms: 0.1173E+00   max: 0.6833E+00   D at   62  2   RLX: 0.304
       a =-22.000      CL = -0.9859
      Cm = -0.0665     CD =  0.10333   =>   CDf =  0.00419    CDp =  0.09914

 Side 1 forced transition at x/c =  1.0000   60
 Side 2  free  transition at x/c =  0.0194   35

   2   rms: 0.8623E-01   max: 0.5657E+00   D at   62  2
       a =-22.000      CL = -0.9672
      Cm = -0.0616     CD =  0.11714   =>   CDf =  0.00411    CDp =  0.11304

 Side 1 forced transition at x/c =  1.0000   60
 Side 2  free  transition at x/c =  0.0190   35

   3   rms: 0.1354E-01   max: 0.1609E+00   D at   61  2
       a =-22.000      CL = -0.9660
      Cm = -0.0623     CD =  0.11380   =>   CDf =  0.00389    CDp =  0.10991

 Side 1 forced transition at x/c =  1.0000   60
 Side 2  free  transition at x/c =  0.0191   35

   4   rms: 0.2475E-02   max: 0.4537E-01   D at   60  2
       a =-22.000      CL = -0.9652
      Cm = -0.0623     CD =  0.11363   =>   CDf =  0.00388    CDp =  0.10976

 Side 1 forced transition at x/c =  1.0000   60
 Side 2  free  transition at x/c =  0.0191   35

   5   rms: 0.2821E-03   max: -.3163E-02   D at   60  2
       a =-22.000      CL = -0.9653
      Cm = -0.0623     CD =  0.11354   =>   CDf =  0.00387    CDp =  0.10967

 Side 1 forced transition at x/c =  1.0000   60
 Side 2  free  transition at x/c =  0.0191   35

   6   rms: 0.2987E-04   max: -.1319E-03   D at  121  2
       a =-22.000      CL = -0.9653
      Cm = -0.0623     CD =  0.11354   =>   CDf =  0.00387    CDp =  0.10967
 plradd ia,ip,cpol           23           0 -1.71368287E-04

 Point added to stored polar  1
 Point written to save file  polar.txt                                       
 Dump file unspecified or not available
 Calculating wake trajectory ...
 Calculating source influence matrix ...

 Solving BL system ...

 Side 1 forced transition at x/c =  1.0000   60
 Side 2  free  transition at x/c =  0.0191   35

   1   rms: 0.9538E-01   max: 0.5221E+00   D at   59  2   RLX: 0.282
       a =-23.000      CL = -0.9650
      Cm = -0.0605     CD =  0.11826   =>   CDf =  0.00389    CDp =  0.11437

 Side 1 forced transition at x/c =  1.0000   60
 Side 2  free  transition at x/c =  0.0189   35

   2   rms: 0.7683E-01   max: 0.4910E+00   D at   59  2
       a =-23.000      CL = -0.9570
      Cm = -0.0550     CD =  0.13187   =>   CDf =  0.00381    CDp =  0.12806

 Side 1 forced transition at x/c =  1.0000   60
 Side 2  free  transition at x/c =  0.0181   35

   3   rms: 0.2158E-01   max: 0.2691E+00   D at   58  2
       a =-23.000      CL = -0.9463
      Cm = -0.0549     CD =  0.13020   =>   CDf =  0.00363    CDp =  0.12657

 Side 1 forced transition at x/c =  1.0000   60
 Side 2  free  transition at x/c =  0.0180   35

   4   rms: 0.4308E-02   max: -.4386E-01   D at   58  2
       a =-23.000      CL = -0.9484
      Cm = -0.0554     CD =  0.12873   =>   CDf =  0.00359    CDp =  0.12513

 Side 1 forced transition at x/c =  1.0000   60
 Side 2  free  transition at x/c =  0.0180   35

   5   rms: 0.3780E-03   max: -.1755E-02   D at  121  2
       a =-23.000      CL = -0.9487
      Cm = -0.0554     CD =  0.12875   =>   CDf =  0.00360    CDp =  0.12514

 Side 1 forced transition at x/c =  1.0000   60
 Side 2  free  transition at x/c =  0.0180   35

   6   rms: 0.2513E-04   max: -.2009E-03   D at  119  2
       a =-23.000      CL = -0.9487
      Cm = -0.0554     CD =  0.12876   =>   CDf =  0.00360    CDp =  0.12516
 plradd ia,ip,cpol           24           0 -1.71368287E-04

 Point added to stored polar  1
 Point written to save file  polar.txt                                       
 Dump file unspecified or not available
 Calculating wake trajectory ...
 Calculating source influence matrix ...

 Solving BL system ...

 Side 1 forced transition at x/c =  1.0000   60
 Side 2  free  transition at x/c =  0.0180   35

   1   rms: 0.1183E+00   max: 0.7644E+00   D at   56  2   RLX: 0.257
       a =-24.000      CL = -0.9412
      Cm = -0.0528     CD =  0.13493   =>   CDf =  0.00362    CDp =  0.13131

 Side 1 forced transition at x/c =  1.0000   60
 Side 2  free  transition at x/c =  0.0181   35

   2   rms: 0.7456E-01   max: 0.4628E+00   D at   56  2
       a =-24.000      CL = -0.9352
      Cm = -0.0468     CD =  0.14891   =>   CDf =  0.00354    CDp =  0.14537

 Side 1 forced transition at x/c =  1.0000   60
 Side 2  free  transition at x/c =  0.0173   35

   3   rms: 0.3535E-01   max: -.3267E+00   D at   35  2
       a =-24.000      CL = -0.9209
      Cm = -0.0459     CD =  0.14775   =>   CDf =  0.00341    CDp =  0.14434

 Side 1 forced transition at x/c =  1.0000   60
 Side 2  free  transition at x/c =  0.0177   35

   4   rms: 0.6863E-02   max: -.5818E-01   D at   56  2
       a =-24.000      CL = -0.9239
      Cm = -0.0466     CD =  0.14547   =>   CDf =  0.00334    CDp =  0.14213

 Side 1 forced transition at x/c =  1.0000   60
 Side 2  free  transition at x/c =  0.0177   35

   5   rms: 0.8307E-03   max: -.3771E-02   D at  122  2
       a =-24.000      CL = -0.9245
      Cm = -0.0466     CD =  0.14559   =>   CDf =  0.00335    CDp =  0.14224

 Side 1 forced transition at x/c =  1.0000   60
 Side 2  free  transition at x/c =  0.0177   35

   6   rms: 0.6251E-04   max: -.6330E-03   D at  120  2
       a =-24.000      CL = -0.9246
      Cm = -0.0466     CD =  0.14564   =>   CDf =  0.00335    CDp =  0.14229
 plradd ia,ip,cpol           25           0 -1.71368287E-04

 Point added to stored polar  1
 Point written to save file  polar.txt                                       
 Dump file unspecified or not available
 Calculating wake trajectory ...
 Calculating source influence matrix ...

 Solving BL system ...

 Side 1 forced transition at x/c =  1.0000   60
 Side 2  free  transition at x/c =  0.0177   35
 idif Ue xi dudx           1  8.25688913E-02  9.30833817E-03   8.8704224    
 Uenew xinew           2  2.68694689E-03  3.02910805E-04

   1   rms: 0.9383E-01   max: 0.5842E+00   D at   54  2   RLX: 0.241
       a =-25.000      CL = -0.9216
      Cm = -0.0443     CD =  0.15073   =>   CDf =  0.00312    CDp =  0.14761

 Side 1 forced transition at x/c =  1.0000   59
 Side 2  free  transition at x/c =  0.0176   36

   2   rms: 0.9397E-01   max: 0.1076E+01   D at    2  2   RLX: 0.947
       a =-25.000      CL = -0.9183
      Cm = -0.0376     CD =  0.16494   =>   CDf =  0.00331    CDp =  0.16163

 Side 1 forced transition at x/c =  1.0000   59
 Side 2  free  transition at x/c =  0.0175   36

   3   rms: 0.1778E-01   max: 0.1737E+00   D at   54  2
       a =-25.000      CL = -0.9126
      Cm = -0.0375     CD =  0.16265   =>   CDf =  0.00317    CDp =  0.15948

 Side 1 forced transition at x/c =  1.0000   59
 Side 2  free  transition at x/c =  0.0174   36

   4   rms: 0.8248E-02   max: 0.7625E-01   D at   54  2
       a =-25.000      CL = -0.9084
      Cm = -0.0372     CD =  0.16229   =>   CDf =  0.00315    CDp =  0.15914

 Side 1 forced transition at x/c =  1.0000   59
 Side 2  free  transition at x/c =  0.0174   36

   5   rms: 0.9916E-03   max: -.8742E-02   D at   54  2
       a =-25.000      CL = -0.9083
      Cm = -0.0373     CD =  0.16172   =>   CDf =  0.00313    CDp =  0.15859

 Side 1 forced transition at x/c =  1.0000   59
 Side 2  free  transition at x/c =  0.0174   36

   6   rms: 0.8293E-04   max: -.3179E-03   D at   54  2
       a =-25.000      CL = -0.9084
      Cm = -0.0373     CD =  0.16164   =>   CDf =  0.00313    CDp =  0.15851
 plradd ia,ip,cpol           26           0 -1.71368287E-04

 Point added to stored polar  1
 Point written to save file  polar.txt                                       
 Dump file unspecified or not available

.OPERva   c>  
 Polar accumulation disabled

.OPERv   c>  
 XFOIL   c>  